Archive member included to satisfy reference by file (symbol)

f:/cubeide/stm32cubeide_1.1.0/stm32cubeide/plugins/com.st.stm32cube.ide.mcu.externaltools.gnu-tools-for-stm32.7-2018-q2-update.win32_1.0.0.201904181610/tools/bin/../lib/gcc/arm-none-eabi/7.3.1/../../../../arm-none-eabi/lib/thumb/v7e-m/fpv4-sp/hard\libc_nano.a(lib_a-errno.o)
                              Core/Src/syscalls.o (__errno)
f:/cubeide/stm32cubeide_1.1.0/stm32cubeide/plugins/com.st.stm32cube.ide.mcu.externaltools.gnu-tools-for-stm32.7-2018-q2-update.win32_1.0.0.201904181610/tools/bin/../lib/gcc/arm-none-eabi/7.3.1/../../../../arm-none-eabi/lib/thumb/v7e-m/fpv4-sp/hard\libc_nano.a(lib_a-exit.o)
                              f:/cubeide/stm32cubeide_1.1.0/stm32cubeide/plugins/com.st.stm32cube.ide.mcu.externaltools.gnu-tools-for-stm32.7-2018-q2-update.win32_1.0.0.201904181610/tools/bin/../lib/gcc/arm-none-eabi/7.3.1/../../../../arm-none-eabi/lib/thumb/v7e-m/fpv4-sp/hard/crt0.o (exit)
f:/cubeide/stm32cubeide_1.1.0/stm32cubeide/plugins/com.st.stm32cube.ide.mcu.externaltools.gnu-tools-for-stm32.7-2018-q2-update.win32_1.0.0.201904181610/tools/bin/../lib/gcc/arm-none-eabi/7.3.1/../../../../arm-none-eabi/lib/thumb/v7e-m/fpv4-sp/hard\libc_nano.a(lib_a-impure.o)
                              f:/cubeide/stm32cubeide_1.1.0/stm32cubeide/plugins/com.st.stm32cube.ide.mcu.externaltools.gnu-tools-for-stm32.7-2018-q2-update.win32_1.0.0.201904181610/tools/bin/../lib/gcc/arm-none-eabi/7.3.1/../../../../arm-none-eabi/lib/thumb/v7e-m/fpv4-sp/hard\libc_nano.a(lib_a-exit.o) (_global_impure_ptr)
f:/cubeide/stm32cubeide_1.1.0/stm32cubeide/plugins/com.st.stm32cube.ide.mcu.externaltools.gnu-tools-for-stm32.7-2018-q2-update.win32_1.0.0.201904181610/tools/bin/../lib/gcc/arm-none-eabi/7.3.1/../../../../arm-none-eabi/lib/thumb/v7e-m/fpv4-sp/hard\libc_nano.a(lib_a-init.o)
                              f:/cubeide/stm32cubeide_1.1.0/stm32cubeide/plugins/com.st.stm32cube.ide.mcu.externaltools.gnu-tools-for-stm32.7-2018-q2-update.win32_1.0.0.201904181610/tools/bin/../lib/gcc/arm-none-eabi/7.3.1/../../../../arm-none-eabi/lib/thumb/v7e-m/fpv4-sp/hard/crt0.o (__libc_init_array)
f:/cubeide/stm32cubeide_1.1.0/stm32cubeide/plugins/com.st.stm32cube.ide.mcu.externaltools.gnu-tools-for-stm32.7-2018-q2-update.win32_1.0.0.201904181610/tools/bin/../lib/gcc/arm-none-eabi/7.3.1/../../../../arm-none-eabi/lib/thumb/v7e-m/fpv4-sp/hard\libc_nano.a(lib_a-memset.o)
                              f:/cubeide/stm32cubeide_1.1.0/stm32cubeide/plugins/com.st.stm32cube.ide.mcu.externaltools.gnu-tools-for-stm32.7-2018-q2-update.win32_1.0.0.201904181610/tools/bin/../lib/gcc/arm-none-eabi/7.3.1/../../../../arm-none-eabi/lib/thumb/v7e-m/fpv4-sp/hard/crt0.o (memset)

Allocating common symbols
Common symbol       size              file

hUsbDeviceFS        0x2c4             USB_DEVICE/App/usb_device.o
mVeliavos           0x1               Core/Src/main.o
hadc2               0x50              Core/Src/main.o
uwTick              0x4               Drivers/STM32F3xx_HAL_Driver/Src/stm32f3xx_hal.o
pFlash              0x20              Drivers/STM32F3xx_HAL_Driver/Src/stm32f3xx_hal_flash.o
UserRxBufferFS      0x3e8             USB_DEVICE/App/usbd_cdc_if.o
htim3               0x40              Core/Src/main.o
TEMP                0x2               Core/Src/main.o
UserTxBufferFS      0x3e8             USB_DEVICE/App/usbd_cdc_if.o
Temp_byte1          0x1               Core/Src/main.o
mUSB_data           0x8               Core/Src/main.o
htim6               0x40              Core/Src/main.o
hdma_adc2           0x44              Core/Src/main.o
hpcd_USB_FS         0x26c             USB_DEVICE/Target/usbd_conf.o
USBD_StrDesc        0x200             USB_DEVICE/App/usbd_desc.o
Temp_byte2          0x1               Core/Src/main.o
mPaketasSiuntimui   0x16              Core/Src/main.o

Discarded input sections

 .text          0x0000000000000000        0x0 f:/cubeide/stm32cubeide_1.1.0/stm32cubeide/plugins/com.st.stm32cube.ide.mcu.externaltools.gnu-tools-for-stm32.7-2018-q2-update.win32_1.0.0.201904181610/tools/bin/../lib/gcc/arm-none-eabi/7.3.1/thumb/v7e-m/fpv4-sp/hard/crti.o
 .data          0x0000000000000000        0x0 f:/cubeide/stm32cubeide_1.1.0/stm32cubeide/plugins/com.st.stm32cube.ide.mcu.externaltools.gnu-tools-for-stm32.7-2018-q2-update.win32_1.0.0.201904181610/tools/bin/../lib/gcc/arm-none-eabi/7.3.1/thumb/v7e-m/fpv4-sp/hard/crti.o
 .bss           0x0000000000000000        0x0 f:/cubeide/stm32cubeide_1.1.0/stm32cubeide/plugins/com.st.stm32cube.ide.mcu.externaltools.gnu-tools-for-stm32.7-2018-q2-update.win32_1.0.0.201904181610/tools/bin/../lib/gcc/arm-none-eabi/7.3.1/thumb/v7e-m/fpv4-sp/hard/crti.o
 .data          0x0000000000000000        0x4 f:/cubeide/stm32cubeide_1.1.0/stm32cubeide/plugins/com.st.stm32cube.ide.mcu.externaltools.gnu-tools-for-stm32.7-2018-q2-update.win32_1.0.0.201904181610/tools/bin/../lib/gcc/arm-none-eabi/7.3.1/thumb/v7e-m/fpv4-sp/hard/crtbegin.o
[...]
Memory Configuration

Name             Origin             Length             Attributes
CCMRAM           0x0000000010000000 0x0000000000002000 xrw
RAM              0x0000000020000000 0x000000000000a000 xrw
FLASH            0x0000000008000000 0x0000000000040000 xr
*default*        0x0000000000000000 0xffffffffffffffff

Linker script and memory map

LOAD f:/cubeide/stm32cubeide_1.1.0/stm32cubeide/plugins/com.st.stm32cube.ide.mcu.externaltools.gnu-tools-for-stm32.7-2018-q2-update.win32_1.0.0.201904181610/tools/bin/../lib/gcc/arm-none-eabi/7.3.1/thumb/v7e-m/fpv4-sp/hard/crti.o
LOAD f:/cubeide/stm32cubeide_1.1.0/stm32cubeide/plugins/com.st.stm32cube.ide.mcu.externaltools.gnu-tools-for-stm32.7-2018-q2-update.win32_1.0.0.201904181610/tools/bin/../lib/gcc/arm-none-eabi/7.3.1/thumb/v7e-m/fpv4-sp/hard/crtbegin.o
LOAD f:/cubeide/stm32cubeide_1.1.0/stm32cubeide/plugins/com.st.stm32cube.ide.mcu.externaltools.gnu-tools-for-stm32.7-2018-q2-update.win32_1.0.0.201904181610/tools/bin/../lib/gcc/arm-none-eabi/7.3.1/../../../../arm-none-eabi/lib/thumb/v7e-m/fpv4-sp/hard/crt0.o
LOAD Core/Src/main.o
LOAD Core/Src/stm32f3xx_hal_msp.o
LOAD Core/Src/stm32f3xx_it.o
LOAD Core/Src/syscalls.o
LOAD Core/Src/sysmem.o
LOAD Core/Src/system_stm32f3xx.o
LOAD Core/Startup/startup_stm32f303vctx.o
LOAD Drivers/STM32F3xx_HAL_Driver/Src/stm32f3xx_hal.o
LOAD Drivers/STM32F3xx_HAL_Driver/Src/stm32f3xx_hal_adc.o
LOAD Drivers/STM32F3xx_HAL_Driver/Src/stm32f3xx_hal_adc_ex.o
LOAD Drivers/STM32F3xx_HAL_Driver/Src/stm32f3xx_hal_cortex.o
LOAD Drivers/STM32F3xx_HAL_Driver/Src/stm32f3xx_hal_dma.o
LOAD Drivers/STM32F3xx_HAL_Driver/Src/stm32f3xx_hal_exti.o
LOAD Drivers/STM32F3xx_HAL_Driver/Src/stm32f3xx_hal_flash.o
LOAD Drivers/STM32F3xx_HAL_Driver/Src/stm32f3xx_hal_flash_ex.o
LOAD Drivers/STM32F3xx_HAL_Driver/Src/stm32f3xx_hal_gpio.o
LOAD Drivers/STM32F3xx_HAL_Driver/Src/stm32f3xx_hal_i2c.o
LOAD Drivers/STM32F3xx_HAL_Driver/Src/stm32f3xx_hal_i2c_ex.o
LOAD Drivers/STM32F3xx_HAL_Driver/Src/stm32f3xx_hal_pcd.o
LOAD Drivers/STM32F3xx_HAL_Driver/Src/stm32f3xx_hal_pcd_ex.o
LOAD Drivers/STM32F3xx_HAL_Driver/Src/stm32f3xx_hal_pwr.o
LOAD Drivers/STM32F3xx_HAL_Driver/Src/stm32f3xx_hal_pwr_ex.o
LOAD Drivers/STM32F3xx_HAL_Driver/Src/stm32f3xx_hal_rcc.o
LOAD Drivers/STM32F3xx_HAL_Driver/Src/stm32f3xx_hal_rcc_ex.o
LOAD Drivers/STM32F3xx_HAL_Driver/Src/stm32f3xx_hal_tim.o
LOAD Drivers/STM32F3xx_HAL_Driver/Src/stm32f3xx_hal_tim_ex.o
LOAD Drivers/STM32F3xx_HAL_Driver/Src/stm32f3xx_ll_usb.o
LOAD Middlewares/ST/STM32_USB_Device_Library/Class/CDC/Src/usbd_cdc.o
LOAD Middlewares/ST/STM32_USB_Device_Library/Core/Src/usbd_core.o
LOAD Middlewares/ST/STM32_USB_Device_Library/Core/Src/usbd_ctlreq.o
LOAD Middlewares/ST/STM32_USB_Device_Library/Core/Src/usbd_ioreq.o
LOAD USB_DEVICE/App/usb_device.o
LOAD USB_DEVICE/App/usbd_cdc_if.o
LOAD USB_DEVICE/App/usbd_desc.o
LOAD USB_DEVICE/Target/usbd_conf.o
START GROUP
LOAD f:/cubeide/stm32cubeide_1.1.0/stm32cubeide/plugins/com.st.stm32cube.ide.mcu.externaltools.gnu-tools-for-stm32.7-2018-q2-update.win32_1.0.0.201904181610/tools/bin/../lib/gcc/arm-none-eabi/7.3.1/../../../../arm-none-eabi/lib/thumb/v7e-m/fpv4-sp/hard\libc_nano.a
LOAD f:/cubeide/stm32cubeide_1.1.0/stm32cubeide/plugins/com.st.stm32cube.ide.mcu.externaltools.gnu-tools-for-stm32.7-2018-q2-update.win32_1.0.0.201904181610/tools/bin/../lib/gcc/arm-none-eabi/7.3.1/../../../../arm-none-eabi/lib/thumb/v7e-m/fpv4-sp/hard\libm.a
END GROUP
START GROUP
LOAD f:/cubeide/stm32cubeide_1.1.0/stm32cubeide/plugins/com.st.stm32cube.ide.mcu.externaltools.gnu-tools-for-stm32.7-2018-q2-update.win32_1.0.0.201904181610/tools/bin/../lib/gcc/arm-none-eabi/7.3.1/thumb/v7e-m/fpv4-sp/hard\libgcc.a
LOAD f:/cubeide/stm32cubeide_1.1.0/stm32cubeide/plugins/com.st.stm32cube.ide.mcu.externaltools.gnu-tools-for-stm32.7-2018-q2-update.win32_1.0.0.201904181610/tools/bin/../lib/gcc/arm-none-eabi/7.3.1/../../../../arm-none-eabi/lib/thumb/v7e-m/fpv4-sp/hard\libc_nano.a
END GROUP
START GROUP
LOAD f:/cubeide/stm32cubeide_1.1.0/stm32cubeide/plugins/com.st.stm32cube.ide.mcu.externaltools.gnu-tools-for-stm32.7-2018-q2-update.win32_1.0.0.201904181610/tools/bin/../lib/gcc/arm-none-eabi/7.3.1/thumb/v7e-m/fpv4-sp/hard\libgcc.a
LOAD f:/cubeide/stm32cubeide_1.1.0/stm32cubeide/plugins/com.st.stm32cube.ide.mcu.externaltools.gnu-tools-for-stm32.7-2018-q2-update.win32_1.0.0.201904181610/tools/bin/../lib/gcc/arm-none-eabi/7.3.1/../../../../arm-none-eabi/lib/thumb/v7e-m/fpv4-sp/hard\libc_nano.a
LOAD f:/cubeide/stm32cubeide_1.1.0/stm32cubeide/plugins/com.st.stm32cube.ide.mcu.externaltools.gnu-tools-for-stm32.7-2018-q2-update.win32_1.0.0.201904181610/tools/bin/../lib/gcc/arm-none-eabi/7.3.1/../../../../arm-none-eabi/lib/thumb/v7e-m/fpv4-sp/hard\libnosys.a
END GROUP
START GROUP
LOAD f:/cubeide/stm32cubeide_1.1.0/stm32cubeide/plugins/com.st.stm32cube.ide.mcu.externaltools.gnu-tools-for-stm32.7-2018-q2-update.win32_1.0.0.201904181610/tools/bin/../lib/gcc/arm-none-eabi/7.3.1/thumb/v7e-m/fpv4-sp/hard\libgcc.a
LOAD f:/cubeide/stm32cubeide_1.1.0/stm32cubeide/plugins/com.st.stm32cube.ide.mcu.externaltools.gnu-tools-for-stm32.7-2018-q2-update.win32_1.0.0.201904181610/tools/bin/../lib/gcc/arm-none-eabi/7.3.1/../../../../arm-none-eabi/lib/thumb/v7e-m/fpv4-sp/hard\libc_nano.a
LOAD f:/cubeide/stm32cubeide_1.1.0/stm32cubeide/plugins/com.st.stm32cube.ide.mcu.externaltools.gnu-tools-for-stm32.7-2018-q2-update.win32_1.0.0.201904181610/tools/bin/../lib/gcc/arm-none-eabi/7.3.1/../../../../arm-none-eabi/lib/thumb/v7e-m/fpv4-sp/hard\libnosys.a
END GROUP
LOAD f:/cubeide/stm32cubeide_1.1.0/stm32cubeide/plugins/com.st.stm32cube.ide.mcu.externaltools.gnu-tools-for-stm32.7-2018-q2-update.win32_1.0.0.201904181610/tools/bin/../lib/gcc/arm-none-eabi/7.3.1/thumb/v7e-m/fpv4-sp/hard/crtend.o
LOAD f:/cubeide/stm32cubeide_1.1.0/stm32cubeide/plugins/com.st.stm32cube.ide.mcu.externaltools.gnu-tools-for-stm32.7-2018-q2-update.win32_1.0.0.201904181610/tools/bin/../lib/gcc/arm-none-eabi/7.3.1/thumb/v7e-m/fpv4-sp/hard/crtn.o
                0x000000002000a000                _estack = (ORIGIN (RAM) + LENGTH (RAM))
                0x0000000000000200                _Min_Heap_Size = 0x200
                0x0000000000000400                _Min_Stack_Size = 0x400

.isr_vector     0x0000000008000000      0x188
                0x0000000008000000                . = ALIGN (0x4)
 *(.isr_vector)
 .isr_vector    0x0000000008000000      0x188 Core/Startup/startup_stm32f303vctx.o
                0x0000000008000000                g_pfnVectors
                0x0000000008000188                . = ALIGN (0x4)

.text           0x0000000008000188     0x8b74
                0x0000000008000188                . = ALIGN (0x4)
 *(.text)
 .text          0x0000000008000188       0x40 f:/cubeide/stm32cubeide_1.1.0/stm32cubeide/plugins/com.st.stm32cube.ide.mcu.externaltools.gnu-tools-for-stm32.7-2018-q2-update.win32_1.0.0.201904181610/tools/bin/../lib/gcc/arm-none-eabi/7.3.1/thumb/v7e-m/fpv4-sp/hard/crtbegin.o
 *(.text*)
 .text.HAL_ADC_ConvCpltCallback
                0x00000000080001c8       0x24 Core/Src/main.o
                0x00000000080001c8                HAL_ADC_ConvCpltCallback
 .text.CDC_ReceiveCallback
                0x00000000080001ec       0x34 Core/Src/main.o
                0x00000000080001ec                CDC_ReceiveCallback
 .text.main     0x0000000008000220      0x108 Core/Src/main.o
                0x0000000008000220                main
 .text.SystemClock_Config
                0x0000000008000328       0xc0 Core/Src/main.o
                0x0000000008000328                SystemClock_Config
 .text.MX_ADC2_Init
                0x00000000080003e8      0x1bc Core/Src/main.o
 .text.MX_TIM3_Init
                0x00000000080005a4       0xec Core/Src/main.o
 .text.MX_TIM6_Init
                0x0000000008000690       0x6c Core/Src/main.o
 .text.MX_DMA_Init
                0x00000000080006fc       0x3c Core/Src/main.o
 .text.MX_GPIO_Init
                0x0000000008000738       0xdc Core/Src/main.o
 .text.ledCircle_Next
                0x0000000008000814      0x12c Core/Src/main.o
                0x0000000008000814                ledCircle_Next
 .text.delay    0x0000000008000940       0x30 Core/Src/main.o
                0x0000000008000940                delay
 .text.Set_Pin_Output
                0x0000000008000970       0x3c Core/Src/main.o
                0x0000000008000970                Set_Pin_Output
 .text.Set_Pin_Input
                0x00000000080009ac       0x3c Core/Src/main.o
                0x00000000080009ac                Set_Pin_Input
 .text.DS18B20_Start
                0x00000000080009e8       0x60 Core/Src/main.o
                0x00000000080009e8                DS18B20_Start
 .text.DS18B20_Write
                0x0000000008000a48       0x88 Core/Src/main.o
                0x0000000008000a48                DS18B20_Write
 .text.DS18B20_Read
                0x0000000008000ad0       0x84 Core/Src/main.o
                0x0000000008000ad0                DS18B20_Read
 .text.measTemp
                0x0000000008000b54       0xe8 Core/Src/main.o
                0x0000000008000b54                measTemp
 .text.Error_Handler
                0x0000000008000c3c        0xe Core/Src/main.o
                0x0000000008000c3c                Error_Handler
 *fill*         0x0000000008000c4a        0x2 
 .text.HAL_MspInit
                0x0000000008000c4c       0x48 Core/Src/stm32f3xx_hal_msp.o
                0x0000000008000c4c                HAL_MspInit
 .text.HAL_ADC_MspInit
                0x0000000008000c94      0x13c Core/Src/stm32f3xx_hal_msp.o
                0x0000000008000c94                HAL_ADC_MspInit
 .text.HAL_TIM_Base_MspInit
                0x0000000008000dd0       0x74 Core/Src/stm32f3xx_hal_msp.o
                0x0000000008000dd0                HAL_TIM_Base_MspInit
 .text.NMI_Handler
                0x0000000008000e44        0xe Core/Src/stm32f3xx_it.o
                0x0000000008000e44                NMI_Handler
 .text.HardFault_Handler
                0x0000000008000e52        0x6 Core/Src/stm32f3xx_it.o
                0x0000000008000e52                HardFault_Handler
 .text.MemManage_Handler
                0x0000000008000e58        0x6 Core/Src/stm32f3xx_it.o
                0x0000000008000e58                MemManage_Handler
 .text.BusFault_Handler
                0x0000000008000e5e        0x6 Core/Src/stm32f3xx_it.o
                0x0000000008000e5e                BusFault_Handler
 .text.UsageFault_Handler
                0x0000000008000e64        0x6 Core/Src/stm32f3xx_it.o
                0x0000000008000e64                UsageFault_Handler
 .text.SVC_Handler
                0x0000000008000e6a        0xe Core/Src/stm32f3xx_it.o
                0x0000000008000e6a                SVC_Handler
 .text.DebugMon_Handler
                0x0000000008000e78        0xe Core/Src/stm32f3xx_it.o
                0x0000000008000e78                DebugMon_Handler
 .text.PendSV_Handler
                0x0000000008000e86        0xe Core/Src/stm32f3xx_it.o
                0x0000000008000e86                PendSV_Handler
 .text.SysTick_Handler
                0x0000000008000e94        0xc Core/Src/stm32f3xx_it.o
                0x0000000008000e94                SysTick_Handler
 .text.USB_LP_CAN_RX0_IRQHandler
                0x0000000008000ea0       0x14 Core/Src/stm32f3xx_it.o
                0x0000000008000ea0                USB_LP_CAN_RX0_IRQHandler
 .text.TIM6_DAC_IRQHandler
                0x0000000008000eb4       0x14 Core/Src/stm32f3xx_it.o
                0x0000000008000eb4                TIM6_DAC_IRQHandler
 .text.DMA2_Channel1_IRQHandler
                0x0000000008000ec8       0x14 Core/Src/stm32f3xx_it.o
                0x0000000008000ec8                DMA2_Channel1_IRQHandler
 .text.SystemInit
                0x0000000008000edc       0x2c Core/Src/system_stm32f3xx.o
                0x0000000008000edc                SystemInit
 .text.Reset_Handler
                0x0000000008000f08       0x50 Core/Startup/startup_stm32f303vctx.o
                0x0000000008000f08                Reset_Handler
 .text.Default_Handler
                0x0000000008000f58        0x2 Core/Startup/startup_stm32f303vctx.o
                0x0000000008000f58                RTC_Alarm_IRQHandler
                0x0000000008000f58                TIM8_TRG_COM_IRQHandler
                0x0000000008000f58                TIM8_CC_IRQHandler
                0x0000000008000f58                TIM1_CC_IRQHandler
                0x0000000008000f58                USB_HP_IRQHandler
                0x0000000008000f58                PVD_IRQHandler
                0x0000000008000f58                TAMP_STAMP_IRQHandler
                0x0000000008000f58                EXTI3_IRQHandler
                0x0000000008000f58                USB_HP_CAN_TX_IRQHandler
                0x0000000008000f58                EXTI0_IRQHandler
                0x0000000008000f58                I2C2_EV_IRQHandler
                0x0000000008000f58                FPU_IRQHandler
                0x0000000008000f58                TIM1_UP_TIM16_IRQHandler
                0x0000000008000f58                ADC1_2_IRQHandler
                0x0000000008000f58                SPI1_IRQHandler
                0x0000000008000f58                CAN_SCE_IRQHandler
                0x0000000008000f58                TIM8_UP_IRQHandler
                0x0000000008000f58                DMA2_Channel2_IRQHandler
                0x0000000008000f58                DMA1_Channel4_IRQHandler
                0x0000000008000f58                USART3_IRQHandler
                0x0000000008000f58                DMA1_Channel7_IRQHandler
                0x0000000008000f58                UART5_IRQHandler
                0x0000000008000f58                ADC3_IRQHandler
                0x0000000008000f58                TIM4_IRQHandler
                0x0000000008000f58                CAN_RX1_IRQHandler
                0x0000000008000f58                I2C1_EV_IRQHandler
                0x0000000008000f58                DMA1_Channel6_IRQHandler
                0x0000000008000f58                UART4_IRQHandler
                0x0000000008000f58                DMA2_Channel4_IRQHandler
                0x0000000008000f58                TIM3_IRQHandler
                0x0000000008000f58                RCC_IRQHandler
                0x0000000008000f58                DMA1_Channel1_IRQHandler
                0x0000000008000f58                Default_Handler
                0x0000000008000f58                USBWakeUp_RMP_IRQHandler
                0x0000000008000f58                EXTI15_10_IRQHandler
                0x0000000008000f58                TIM7_IRQHandler
                0x0000000008000f58                EXTI9_5_IRQHandler
                0x0000000008000f58                RTC_WKUP_IRQHandler
                0x0000000008000f58                SPI2_IRQHandler
                0x0000000008000f58                DMA2_Channel5_IRQHandler
                0x0000000008000f58                DMA1_Channel5_IRQHandler
                0x0000000008000f58                USB_LP_IRQHandler
                0x0000000008000f58                EXTI4_IRQHandler
                0x0000000008000f58                TIM1_TRG_COM_TIM17_IRQHandler
                0x0000000008000f58                DMA1_Channel3_IRQHandler
                0x0000000008000f58                ADC4_IRQHandler
                0x0000000008000f58                WWDG_IRQHandler
                0x0000000008000f58                TIM2_IRQHandler
                0x0000000008000f58                COMP7_IRQHandler
                0x0000000008000f58                COMP1_2_3_IRQHandler
                0x0000000008000f58                EXTI1_IRQHandler
                0x0000000008000f58                USART2_IRQHandler
                0x0000000008000f58                COMP4_5_6_IRQHandler
                0x0000000008000f58                I2C2_ER_IRQHandler
                0x0000000008000f58                DMA1_Channel2_IRQHandler
                0x0000000008000f58                TIM8_BRK_IRQHandler
                0x0000000008000f58                FLASH_IRQHandler
                0x0000000008000f58                USART1_IRQHandler
                0x0000000008000f58                SPI3_IRQHandler
                0x0000000008000f58                I2C1_ER_IRQHandler
                0x0000000008000f58                USBWakeUp_IRQHandler
                0x0000000008000f58                DMA2_Channel3_IRQHandler
                0x0000000008000f58                EXTI2_TSC_IRQHandler
                0x0000000008000f58                TIM1_BRK_TIM15_IRQHandler
 *fill*         0x0000000008000f5a        0x2 
 .text.HAL_Init
                0x0000000008000f5c       0x2c Drivers/STM32F3xx_HAL_Driver/Src/stm32f3xx_hal.o
                0x0000000008000f5c                HAL_Init
 .text.HAL_InitTick
                0x0000000008000f88       0x60 Drivers/STM32F3xx_HAL_Driver/Src/stm32f3xx_hal.o
                0x0000000008000f88                HAL_InitTick
 .text.HAL_IncTick
                0x0000000008000fe8       0x28 Drivers/STM32F3xx_HAL_Driver/Src/stm32f3xx_hal.o
                0x0000000008000fe8                HAL_IncTick
 .text.HAL_GetTick
                0x0000000008001010       0x18 Drivers/STM32F3xx_HAL_Driver/Src/stm32f3xx_hal.o
                0x0000000008001010                HAL_GetTick
 .text.HAL_Delay
                0x0000000008001028       0x44 Drivers/STM32F3xx_HAL_Driver/Src/stm32f3xx_hal.o
                0x0000000008001028                HAL_Delay
 .text.HAL_ADC_ConvHalfCpltCallback
                0x000000000800106c       0x14 Drivers/STM32F3xx_HAL_Driver/Src/stm32f3xx_hal_adc.o
                0x000000000800106c                HAL_ADC_ConvHalfCpltCallback
 .text.HAL_ADC_ErrorCallback
                0x0000000008001080       0x14 Drivers/STM32F3xx_HAL_Driver/Src/stm32f3xx_hal_adc.o
                0x0000000008001080                HAL_ADC_ErrorCallback
 .text.HAL_ADC_Init
                0x0000000008001094      0x3c0 Drivers/STM32F3xx_HAL_Driver/Src/stm32f3xx_hal_adc_ex.o
                0x0000000008001094                HAL_ADC_Init
 .text.HAL_ADC_Start_DMA
                0x0000000008001454      0x238 Drivers/STM32F3xx_HAL_Driver/Src/stm32f3xx_hal_adc_ex.o
                0x0000000008001454                HAL_ADC_Start_DMA
 .text.HAL_ADC_ConfigChannel
                0x000000000800168c      0x5d8 Drivers/STM32F3xx_HAL_Driver/Src/stm32f3xx_hal_adc_ex.o
                0x000000000800168c                HAL_ADC_ConfigChannel
 .text.ADC_DMAConvCplt
                0x0000000008001c64       0x7a Drivers/STM32F3xx_HAL_Driver/Src/stm32f3xx_hal_adc_ex.o
 .text.ADC_DMAHalfConvCplt
                0x0000000008001cde       0x1c Drivers/STM32F3xx_HAL_Driver/Src/stm32f3xx_hal_adc_ex.o
 .text.ADC_DMAError
                0x0000000008001cfa       0x34 Drivers/STM32F3xx_HAL_Driver/Src/stm32f3xx_hal_adc_ex.o
 *fill*         0x0000000008001d2e        0x2 
 .text.ADC_Enable
                0x0000000008001d30       0xbc Drivers/STM32F3xx_HAL_Driver/Src/stm32f3xx_hal_adc_ex.o
 .text.ADC_Disable
                0x0000000008001dec       0xbe Drivers/STM32F3xx_HAL_Driver/Src/stm32f3xx_hal_adc_ex.o
 *fill*         0x0000000008001eaa        0x2 
 .text.__NVIC_SetPriorityGrouping
                0x0000000008001eac       0x48 Drivers/STM32F3xx_HAL_Driver/Src/stm32f3xx_hal_cortex.o
 .text.__NVIC_GetPriorityGrouping
                0x0000000008001ef4       0x1c Drivers/STM32F3xx_HAL_Driver/Src/stm32f3xx_hal_cortex.o
 .text.__NVIC_EnableIRQ
                0x0000000008001f10       0x3c Drivers/STM32F3xx_HAL_Driver/Src/stm32f3xx_hal_cortex.o
 .text.__NVIC_SetPriority
                0x0000000008001f4c       0x54 Drivers/STM32F3xx_HAL_Driver/Src/stm32f3xx_hal_cortex.o
 .text.NVIC_EncodePriority
                0x0000000008001fa0       0x66 Drivers/STM32F3xx_HAL_Driver/Src/stm32f3xx_hal_cortex.o
 *fill*         0x0000000008002006        0x2 
 .text.SysTick_Config
                0x0000000008002008       0x44 Drivers/STM32F3xx_HAL_Driver/Src/stm32f3xx_hal_cortex.o
 .text.HAL_NVIC_SetPriorityGrouping
                0x000000000800204c       0x16 Drivers/STM32F3xx_HAL_Driver/Src/stm32f3xx_hal_cortex.o
                0x000000000800204c                HAL_NVIC_SetPriorityGrouping
 .text.HAL_NVIC_SetPriority
                0x0000000008002062       0x38 Drivers/STM32F3xx_HAL_Driver/Src/stm32f3xx_hal_cortex.o
                0x0000000008002062                HAL_NVIC_SetPriority
 .text.HAL_NVIC_EnableIRQ
                0x000000000800209a       0x1c Drivers/STM32F3xx_HAL_Driver/Src/stm32f3xx_hal_cortex.o
                0x000000000800209a                HAL_NVIC_EnableIRQ
 .text.HAL_SYSTICK_Config
                0x00000000080020b6       0x18 Drivers/STM32F3xx_HAL_Driver/Src/stm32f3xx_hal_cortex.o
                0x00000000080020b6                HAL_SYSTICK_Config
 .text.HAL_DMA_Init
                0x00000000080020ce       0x8e Drivers/STM32F3xx_HAL_Driver/Src/stm32f3xx_hal_dma.o
                0x00000000080020ce                HAL_DMA_Init
 .text.HAL_DMA_Start_IT
                0x000000000800215c       0xbe Drivers/STM32F3xx_HAL_Driver/Src/stm32f3xx_hal_dma.o
                0x000000000800215c                HAL_DMA_Start_IT
 .text.HAL_DMA_IRQHandler
                0x000000000800221a      0x146 Drivers/STM32F3xx_HAL_Driver/Src/stm32f3xx_hal_dma.o
                0x000000000800221a                HAL_DMA_IRQHandler
 .text.DMA_SetConfig
                0x0000000008002360       0x5c Drivers/STM32F3xx_HAL_Driver/Src/stm32f3xx_hal_dma.o
 .text.DMA_CalcBaseAndBitshift
                0x00000000080023bc       0x78 Drivers/STM32F3xx_HAL_Driver/Src/stm32f3xx_hal_dma.o
 .text.HAL_GPIO_Init
                0x0000000008002434      0x2f4 Drivers/STM32F3xx_HAL_Driver/Src/stm32f3xx_hal_gpio.o
                0x0000000008002434                HAL_GPIO_Init
 .text.HAL_GPIO_ReadPin
                0x0000000008002728       0x30 Drivers/STM32F3xx_HAL_Driver/Src/stm32f3xx_hal_gpio.o
                0x0000000008002728                HAL_GPIO_ReadPin
 .text.HAL_GPIO_WritePin
                0x0000000008002758       0x30 Drivers/STM32F3xx_HAL_Driver/Src/stm32f3xx_hal_gpio.o
                0x0000000008002758                HAL_GPIO_WritePin
 .text.HAL_PCD_Init
                0x0000000008002788      0x168 Drivers/STM32F3xx_HAL_Driver/Src/stm32f3xx_hal_pcd.o
                0x0000000008002788                HAL_PCD_Init
 .text.HAL_PCD_Start
                0x00000000080028f0       0x4c Drivers/STM32F3xx_HAL_Driver/Src/stm32f3xx_hal_pcd.o
                0x00000000080028f0                HAL_PCD_Start
 .text.HAL_PCD_IRQHandler
                0x000000000800293c      0x204 Drivers/STM32F3xx_HAL_Driver/Src/stm32f3xx_hal_pcd.o
                0x000000000800293c                HAL_PCD_IRQHandler
 .text.HAL_PCD_SetAddress
                0x0000000008002b40       0x4a Drivers/STM32F3xx_HAL_Driver/Src/stm32f3xx_hal_pcd.o
                0x0000000008002b40                HAL_PCD_SetAddress
 .text.HAL_PCD_EP_Open
                0x0000000008002b8a       0xc0 Drivers/STM32F3xx_HAL_Driver/Src/stm32f3xx_hal_pcd.o
                0x0000000008002b8a                HAL_PCD_EP_Open
 .text.HAL_PCD_EP_Close
                0x0000000008002c4a       0x84 Drivers/STM32F3xx_HAL_Driver/Src/stm32f3xx_hal_pcd.o
                0x0000000008002c4a                HAL_PCD_EP_Close
 .text.HAL_PCD_EP_Receive
                0x0000000008002cce       0x74 Drivers/STM32F3xx_HAL_Driver/Src/stm32f3xx_hal_pcd.o
                0x0000000008002cce                HAL_PCD_EP_Receive
 .text.HAL_PCD_EP_GetRxCount
                0x0000000008002d42       0x2a Drivers/STM32F3xx_HAL_Driver/Src/stm32f3xx_hal_pcd.o
                0x0000000008002d42                HAL_PCD_EP_GetRxCount
 .text.HAL_PCD_EP_Transmit
                0x0000000008002d6c       0x72 Drivers/STM32F3xx_HAL_Driver/Src/stm32f3xx_hal_pcd.o
                0x0000000008002d6c                HAL_PCD_EP_Transmit
 .text.HAL_PCD_EP_SetStall
                0x0000000008002dde       0xb4 Drivers/STM32F3xx_HAL_Driver/Src/stm32f3xx_hal_pcd.o
                0x0000000008002dde                HAL_PCD_EP_SetStall
 .text.HAL_PCD_EP_ClrStall
                0x0000000008002e92       0x9c Drivers/STM32F3xx_HAL_Driver/Src/stm32f3xx_hal_pcd.o
                0x0000000008002e92                HAL_PCD_EP_ClrStall
 *fill*         0x0000000008002f2e        0x2 
 .text.PCD_EP_ISR_Handler
                0x0000000008002f30      0x53c Drivers/STM32F3xx_HAL_Driver/Src/stm32f3xx_hal_pcd.o
 .text.HAL_PCDEx_PMAConfig
                0x000000000800346c       0x7a Drivers/STM32F3xx_HAL_Driver/Src/stm32f3xx_hal_pcd_ex.o
                0x000000000800346c                HAL_PCDEx_PMAConfig
 *fill*         0x00000000080034e6        0x2 
 .text.HAL_RCC_OscConfig
                0x00000000080034e8      0xe10 Drivers/STM32F3xx_HAL_Driver/Src/stm32f3xx_hal_rcc.o
                0x00000000080034e8                HAL_RCC_OscConfig
 .text.HAL_RCC_ClockConfig
                0x00000000080042f8      0x2f8 Drivers/STM32F3xx_HAL_Driver/Src/stm32f3xx_hal_rcc.o
                0x00000000080042f8                HAL_RCC_ClockConfig
 .text.HAL_RCC_GetSysClockFreq
                0x00000000080045f0       0xd4 Drivers/STM32F3xx_HAL_Driver/Src/stm32f3xx_hal_rcc.o
                0x00000000080045f0                HAL_RCC_GetSysClockFreq
 .text.HAL_RCCEx_PeriphCLKConfig
                0x00000000080046c4      0x360 Drivers/STM32F3xx_HAL_Driver/Src/stm32f3xx_hal_rcc_ex.o
                0x00000000080046c4                HAL_RCCEx_PeriphCLKConfig
 .text.HAL_TIM_Base_Init
                0x0000000008004a24       0x56 Drivers/STM32F3xx_HAL_Driver/Src/stm32f3xx_hal_tim.o
                0x0000000008004a24                HAL_TIM_Base_Init
 *fill*         0x0000000008004a7a        0x2 
 .text.HAL_TIM_Base_Start
                0x0000000008004a7c       0x54 Drivers/STM32F3xx_HAL_Driver/Src/stm32f3xx_hal_tim.o
                0x0000000008004a7c                HAL_TIM_Base_Start
 .text.HAL_TIM_OC_Init
                0x0000000008004ad0       0x56 Drivers/STM32F3xx_HAL_Driver/Src/stm32f3xx_hal_tim.o
                0x0000000008004ad0                HAL_TIM_OC_Init
 .text.HAL_TIM_OC_MspInit
                0x0000000008004b26       0x14 Drivers/STM32F3xx_HAL_Driver/Src/stm32f3xx_hal_tim.o
                0x0000000008004b26                HAL_TIM_OC_MspInit
 .text.HAL_TIM_IRQHandler
                0x0000000008004b3a      0x23e Drivers/STM32F3xx_HAL_Driver/Src/stm32f3xx_hal_tim.o
                0x0000000008004b3a                HAL_TIM_IRQHandler
 .text.HAL_TIM_OC_ConfigChannel
                0x0000000008004d78       0xfc Drivers/STM32F3xx_HAL_Driver/Src/stm32f3xx_hal_tim.o
                0x0000000008004d78                HAL_TIM_OC_ConfigChannel
 .text.HAL_TIM_ConfigClockSource
                0x0000000008004e74      0x172 Drivers/STM32F3xx_HAL_Driver/Src/stm32f3xx_hal_tim.o
                0x0000000008004e74                HAL_TIM_ConfigClockSource
 .text.HAL_TIM_PeriodElapsedCallback
                0x0000000008004fe6       0x14 Drivers/STM32F3xx_HAL_Driver/Src/stm32f3xx_hal_tim.o
                0x0000000008004fe6                HAL_TIM_PeriodElapsedCallback
 .text.HAL_TIM_OC_DelayElapsedCallback
                0x0000000008004ffa       0x14 Drivers/STM32F3xx_HAL_Driver/Src/stm32f3xx_hal_tim.o
                0x0000000008004ffa                HAL_TIM_OC_DelayElapsedCallback
 .text.HAL_TIM_IC_CaptureCallback
                0x000000000800500e       0x14 Drivers/STM32F3xx_HAL_Driver/Src/stm32f3xx_hal_tim.o
                0x000000000800500e                HAL_TIM_IC_CaptureCallback
 .text.HAL_TIM_PWM_PulseFinishedCallback
                0x0000000008005022       0x14 Drivers/STM32F3xx_HAL_Driver/Src/stm32f3xx_hal_tim.o
                0x0000000008005022                HAL_TIM_PWM_PulseFinishedCallback
 .text.HAL_TIM_TriggerCallback
                0x0000000008005036       0x14 Drivers/STM32F3xx_HAL_Driver/Src/stm32f3xx_hal_tim.o
                0x0000000008005036                HAL_TIM_TriggerCallback
 *fill*         0x000000000800504a        0x2 
 .text.TIM_Base_SetConfig
                0x000000000800504c      0x120 Drivers/STM32F3xx_HAL_Driver/Src/stm32f3xx_hal_tim.o
                0x000000000800504c                TIM_Base_SetConfig
 .text.TIM_OC1_SetConfig
                0x000000000800516c      0x120 Drivers/STM32F3xx_HAL_Driver/Src/stm32f3xx_hal_tim.o
 .text.TIM_OC2_SetConfig
                0x000000000800528c      0x114 Drivers/STM32F3xx_HAL_Driver/Src/stm32f3xx_hal_tim.o
                0x000000000800528c                TIM_OC2_SetConfig
 .text.TIM_OC3_SetConfig
                0x00000000080053a0      0x110 Drivers/STM32F3xx_HAL_Driver/Src/stm32f3xx_hal_tim.o
 .text.TIM_OC4_SetConfig
                0x00000000080054b0       0xd4 Drivers/STM32F3xx_HAL_Driver/Src/stm32f3xx_hal_tim.o
 .text.TIM_OC5_SetConfig
                0x0000000008005584       0xc8 Drivers/STM32F3xx_HAL_Driver/Src/stm32f3xx_hal_tim.o
 .text.TIM_OC6_SetConfig
                0x000000000800564c       0xcc Drivers/STM32F3xx_HAL_Driver/Src/stm32f3xx_hal_tim.o
 .text.TIM_TI1_ConfigInputStage
                0x0000000008005718       0x5e Drivers/STM32F3xx_HAL_Driver/Src/stm32f3xx_hal_tim.o
 .text.TIM_TI2_ConfigInputStage
                0x0000000008005776       0x60 Drivers/STM32F3xx_HAL_Driver/Src/stm32f3xx_hal_tim.o
 .text.TIM_ITRx_SetConfig
                0x00000000080057d6       0x36 Drivers/STM32F3xx_HAL_Driver/Src/stm32f3xx_hal_tim.o
 .text.TIM_ETR_SetConfig
                0x000000000800580c       0x40 Drivers/STM32F3xx_HAL_Driver/Src/stm32f3xx_hal_tim.o
                0x000000000800580c                TIM_ETR_SetConfig
 .text.HAL_TIMEx_MasterConfigSynchronization
                0x000000000800584c      0x100 Drivers/STM32F3xx_HAL_Driver/Src/stm32f3xx_hal_tim_ex.o
                0x000000000800584c                HAL_TIMEx_MasterConfigSynchronization
 .text.HAL_TIMEx_CommutCallback
                0x000000000800594c       0x14 Drivers/STM32F3xx_HAL_Driver/Src/stm32f3xx_hal_tim_ex.o
                0x000000000800594c                HAL_TIMEx_CommutCallback
 .text.HAL_TIMEx_BreakCallback
                0x0000000008005960       0x14 Drivers/STM32F3xx_HAL_Driver/Src/stm32f3xx_hal_tim_ex.o
                0x0000000008005960                HAL_TIMEx_BreakCallback
 .text.HAL_TIMEx_Break2Callback
                0x0000000008005974       0x14 Drivers/STM32F3xx_HAL_Driver/Src/stm32f3xx_hal_tim_ex.o
                0x0000000008005974                HAL_TIMEx_Break2Callback
 .text.USB_EnableGlobalInt
                0x0000000008005988       0x30 Drivers/STM32F3xx_HAL_Driver/Src/stm32f3xx_ll_usb.o
                0x0000000008005988                USB_EnableGlobalInt
 .text.USB_DisableGlobalInt
                0x00000000080059b8       0x3a Drivers/STM32F3xx_HAL_Driver/Src/stm32f3xx_ll_usb.o
                0x00000000080059b8                USB_DisableGlobalInt
 .text.USB_DevInit
                0x00000000080059f2       0x48 Drivers/STM32F3xx_HAL_Driver/Src/stm32f3xx_ll_usb.o
                0x00000000080059f2                USB_DevInit
 *fill*         0x0000000008005a3a        0x2 
 .text.USB_ActivateEndpoint
                0x0000000008005a3c      0x5e8 Drivers/STM32F3xx_HAL_Driver/Src/stm32f3xx_ll_usb.o
                0x0000000008005a3c                USB_ActivateEndpoint
 .text.USB_DeactivateEndpoint
                0x0000000008006024      0x32c Drivers/STM32F3xx_HAL_Driver/Src/stm32f3xx_ll_usb.o
                0x0000000008006024                USB_DeactivateEndpoint
 .text.USB_EPStartXfer
                0x0000000008006350      0x5a4 Drivers/STM32F3xx_HAL_Driver/Src/stm32f3xx_ll_usb.o
                0x0000000008006350                USB_EPStartXfer
 .text.USB_EPSetStall
                0x00000000080068f4       0x84 Drivers/STM32F3xx_HAL_Driver/Src/stm32f3xx_ll_usb.o
                0x00000000080068f4                USB_EPSetStall
 .text.USB_EPClearStall
                0x0000000008006978      0x128 Drivers/STM32F3xx_HAL_Driver/Src/stm32f3xx_ll_usb.o
                0x0000000008006978                USB_EPClearStall
 .text.USB_SetDevAddress
                0x0000000008006aa0       0x28 Drivers/STM32F3xx_HAL_Driver/Src/stm32f3xx_ll_usb.o
                0x0000000008006aa0                USB_SetDevAddress
 .text.USB_DevConnect
                0x0000000008006ac8       0x16 Drivers/STM32F3xx_HAL_Driver/Src/stm32f3xx_ll_usb.o
                0x0000000008006ac8                USB_DevConnect
 .text.USB_ReadInterrupts
                0x0000000008006ade       0x20 Drivers/STM32F3xx_HAL_Driver/Src/stm32f3xx_ll_usb.o
                0x0000000008006ade                USB_ReadInterrupts
 .text.USB_EP0_OutStart
                0x0000000008006afe       0x18 Drivers/STM32F3xx_HAL_Driver/Src/stm32f3xx_ll_usb.o
                0x0000000008006afe                USB_EP0_OutStart
 .text.USB_WritePMA
                0x0000000008006b16       0x8a Drivers/STM32F3xx_HAL_Driver/Src/stm32f3xx_ll_usb.o
                0x0000000008006b16                USB_WritePMA
 .text.USB_ReadPMA
                0x0000000008006ba0       0xa0 Drivers/STM32F3xx_HAL_Driver/Src/stm32f3xx_ll_usb.o
                0x0000000008006ba0                USB_ReadPMA
 .text.USBD_CDC_Init
                0x0000000008006c40       0xf4 Middlewares/ST/STM32_USB_Device_Library/Class/CDC/Src/usbd_cdc.o
 .text.USBD_CDC_DeInit
                0x0000000008006d34       0x6e Middlewares/ST/STM32_USB_Device_Library/Class/CDC/Src/usbd_cdc.o
 .text.USBD_CDC_Setup
                0x0000000008006da2      0x140 Middlewares/ST/STM32_USB_Device_Library/Class/CDC/Src/usbd_cdc.o
 .text.USBD_CDC_DataIn
                0x0000000008006ee2       0xa0 Middlewares/ST/STM32_USB_Device_Library/Class/CDC/Src/usbd_cdc.o
 .text.USBD_CDC_DataOut
                0x0000000008006f82       0x56 Middlewares/ST/STM32_USB_Device_Library/Class/CDC/Src/usbd_cdc.o
 .text.USBD_CDC_EP0_RxReady
                0x0000000008006fd8       0x50 Middlewares/ST/STM32_USB_Device_Library/Class/CDC/Src/usbd_cdc.o
 .text.USBD_CDC_GetFSCfgDesc
                0x0000000008007028       0x20 Middlewares/ST/STM32_USB_Device_Library/Class/CDC/Src/usbd_cdc.o
 .text.USBD_CDC_GetHSCfgDesc
                0x0000000008007048       0x20 Middlewares/ST/STM32_USB_Device_Library/Class/CDC/Src/usbd_cdc.o
 .text.USBD_CDC_GetOtherSpeedCfgDesc
                0x0000000008007068       0x20 Middlewares/ST/STM32_USB_Device_Library/Class/CDC/Src/usbd_cdc.o
 .text.USBD_CDC_GetDeviceQualifierDescriptor
                0x0000000008007088       0x20 Middlewares/ST/STM32_USB_Device_Library/Class/CDC/Src/usbd_cdc.o
                0x0000000008007088                USBD_CDC_GetDeviceQualifierDescriptor
 .text.USBD_CDC_RegisterInterface
                0x00000000080070a8       0x2e Middlewares/ST/STM32_USB_Device_Library/Class/CDC/Src/usbd_cdc.o
                0x00000000080070a8                USBD_CDC_RegisterInterface
 .text.USBD_CDC_SetTxBuffer
                0x00000000080070d6       0x34 Middlewares/ST/STM32_USB_Device_Library/Class/CDC/Src/usbd_cdc.o
                0x00000000080070d6                USBD_CDC_SetTxBuffer
 .text.USBD_CDC_SetRxBuffer
                0x000000000800710a       0x28 Middlewares/ST/STM32_USB_Device_Library/Class/CDC/Src/usbd_cdc.o
                0x000000000800710a                USBD_CDC_SetRxBuffer
 .text.USBD_CDC_TransmitPacket
                0x0000000008007132       0x5e Middlewares/ST/STM32_USB_Device_Library/Class/CDC/Src/usbd_cdc.o
                0x0000000008007132                USBD_CDC_TransmitPacket
 .text.USBD_CDC_ReceivePacket
                0x0000000008007190       0x54 Middlewares/ST/STM32_USB_Device_Library/Class/CDC/Src/usbd_cdc.o
                0x0000000008007190                USBD_CDC_ReceivePacket
 .text.USBD_Init
                0x00000000080071e4       0x56 Middlewares/ST/STM32_USB_Device_Library/Core/Src/usbd_core.o
                0x00000000080071e4                USBD_Init
 .text.USBD_RegisterClass
                0x000000000800723a       0x34 Middlewares/ST/STM32_USB_Device_Library/Core/Src/usbd_core.o
                0x000000000800723a                USBD_RegisterClass
 .text.USBD_Start
                0x000000000800726e       0x18 Middlewares/ST/STM32_USB_Device_Library/Core/Src/usbd_core.o
                0x000000000800726e                USBD_Start
 .text.USBD_RunTestMode
                0x0000000008007286       0x16 Middlewares/ST/STM32_USB_Device_Library/Core/Src/usbd_core.o
                0x0000000008007286                USBD_RunTestMode
 .text.USBD_SetClassConfig
                0x000000000800729c       0x3e Middlewares/ST/STM32_USB_Device_Library/Core/Src/usbd_core.o
                0x000000000800729c                USBD_SetClassConfig
 .text.USBD_ClrClassConfig
                0x00000000080072da       0x26 Middlewares/ST/STM32_USB_Device_Library/Core/Src/usbd_core.o
                0x00000000080072da                USBD_ClrClassConfig
 .text.USBD_LL_SetupStage
                0x0000000008007300       0x96 Middlewares/ST/STM32_USB_Device_Library/Core/Src/usbd_core.o
                0x0000000008007300                USBD_LL_SetupStage
 .text.USBD_LL_DataOutStage
                0x0000000008007396       0xe2 Middlewares/ST/STM32_USB_Device_Library/Core/Src/usbd_core.o
                0x0000000008007396                USBD_LL_DataOutStage
 .text.USBD_LL_DataInStage
                0x0000000008007478      0x14a Middlewares/ST/STM32_USB_Device_Library/Core/Src/usbd_core.o
                0x0000000008007478                USBD_LL_DataInStage
 .text.USBD_LL_Reset
                0x00000000080075c2       0x82 Middlewares/ST/STM32_USB_Device_Library/Core/Src/usbd_core.o
                0x00000000080075c2                USBD_LL_Reset
 .text.USBD_LL_SetSpeed
                0x0000000008007644       0x20 Middlewares/ST/STM32_USB_Device_Library/Core/Src/usbd_core.o
                0x0000000008007644                USBD_LL_SetSpeed
 .text.USBD_LL_Suspend
                0x0000000008007664       0x2a Middlewares/ST/STM32_USB_Device_Library/Core/Src/usbd_core.o
                0x0000000008007664                USBD_LL_Suspend
 .text.USBD_LL_Resume
                0x000000000800768e       0x2c Middlewares/ST/STM32_USB_Device_Library/Core/Src/usbd_core.o
                0x000000000800768e                USBD_LL_Resume
 .text.USBD_LL_SOF
                0x00000000080076ba       0x34 Middlewares/ST/STM32_USB_Device_Library/Core/Src/usbd_core.o
                0x00000000080076ba                USBD_LL_SOF
 *fill*         0x00000000080076ee        0x2 
 .text.USBD_StdDevReq
                0x00000000080076f0       0xd4 Middlewares/ST/STM32_USB_Device_Library/Core/Src/usbd_ctlreq.o
                0x00000000080076f0                USBD_StdDevReq
 .text.USBD_StdItfReq
                0x00000000080077c4       0x8c Middlewares/ST/STM32_USB_Device_Library/Core/Src/usbd_ctlreq.o
                0x00000000080077c4                USBD_StdItfReq
 .text.USBD_StdEPReq
                0x0000000008007850      0x2ba Middlewares/ST/STM32_USB_Device_Library/Core/Src/usbd_ctlreq.o
                0x0000000008007850                USBD_StdEPReq
 *fill*         0x0000000008007b0a        0x2 
 .text.USBD_GetDescriptor
                0x0000000008007b0c      0x2d0 Middlewares/ST/STM32_USB_Device_Library/Core/Src/usbd_ctlreq.o
 .text.USBD_SetAddress
                0x0000000008007ddc       0x84 Middlewares/ST/STM32_USB_Device_Library/Core/Src/usbd_ctlreq.o
 .text.USBD_SetConfig
                0x0000000008007e60      0x11c Middlewares/ST/STM32_USB_Device_Library/Core/Src/usbd_ctlreq.o
 .text.USBD_GetConfig
                0x0000000008007f7c       0x68 Middlewares/ST/STM32_USB_Device_Library/Core/Src/usbd_ctlreq.o
 .text.USBD_GetStatus
                0x0000000008007fe4       0x66 Middlewares/ST/STM32_USB_Device_Library/Core/Src/usbd_ctlreq.o
 .text.USBD_SetFeature
                0x000000000800804a       0x28 Middlewares/ST/STM32_USB_Device_Library/Core/Src/usbd_ctlreq.o
 .text.USBD_ClrFeature
                0x0000000008008072       0x42 Middlewares/ST/STM32_USB_Device_Library/Core/Src/usbd_ctlreq.o
 .text.USBD_ParseSetupRequest
                0x00000000080080b4       0x7a Middlewares/ST/STM32_USB_Device_Library/Core/Src/usbd_ctlreq.o
                0x00000000080080b4                USBD_ParseSetupRequest
 .text.USBD_CtlError
                0x000000000800812e       0x22 Middlewares/ST/STM32_USB_Device_Library/Core/Src/usbd_ctlreq.o
                0x000000000800812e                USBD_CtlError
 .text.USBD_GetString
                0x0000000008008150       0x84 Middlewares/ST/STM32_USB_Device_Library/Core/Src/usbd_ctlreq.o
                0x0000000008008150                USBD_GetString
 .text.USBD_GetLen
                0x00000000080081d4       0x30 Middlewares/ST/STM32_USB_Device_Library/Core/Src/usbd_ctlreq.o
 .text.USBD_CtlSendData
                0x0000000008008204       0x38 Middlewares/ST/STM32_USB_Device_Library/Core/Src/usbd_ioreq.o
                0x0000000008008204                USBD_CtlSendData
 .text.USBD_CtlContinueSendData
                0x000000000800823c       0x24 Middlewares/ST/STM32_USB_Device_Library/Core/Src/usbd_ioreq.o
                0x000000000800823c                USBD_CtlContinueSendData
 .text.USBD_CtlPrepareRx
                0x0000000008008260       0x3c Middlewares/ST/STM32_USB_Device_Library/Core/Src/usbd_ioreq.o
                0x0000000008008260                USBD_CtlPrepareRx
 .text.USBD_CtlContinueRx
                0x000000000800829c       0x24 Middlewares/ST/STM32_USB_Device_Library/Core/Src/usbd_ioreq.o
                0x000000000800829c                USBD_CtlContinueRx
 .text.USBD_CtlSendStatus
                0x00000000080082c0       0x26 Middlewares/ST/STM32_USB_Device_Library/Core/Src/usbd_ioreq.o
                0x00000000080082c0                USBD_CtlSendStatus
 .text.USBD_CtlReceiveStatus
                0x00000000080082e6       0x26 Middlewares/ST/STM32_USB_Device_Library/Core/Src/usbd_ioreq.o
                0x00000000080082e6                USBD_CtlReceiveStatus
 .text.MX_USB_DEVICE_Init
                0x000000000800830c       0x60 USB_DEVICE/App/usb_device.o
                0x000000000800830c                MX_USB_DEVICE_Init
 .text.CDC_Init_FS
                0x000000000800836c       0x28 USB_DEVICE/App/usbd_cdc_if.o
 .text.CDC_DeInit_FS
                0x0000000008008394       0x10 USB_DEVICE/App/usbd_cdc_if.o
 .text.CDC_Control_FS
                0x00000000080083a4       0xbc USB_DEVICE/App/usbd_cdc_if.o
 .text.CDC_Receive_FS
                0x0000000008008460       0x34 USB_DEVICE/App/usbd_cdc_if.o
 .text.CDC_Transmit_FS
                0x0000000008008494       0x4c USB_DEVICE/App/usbd_cdc_if.o
                0x0000000008008494                CDC_Transmit_FS
 .text.USBD_FS_DeviceDescriptor
                0x00000000080084e0       0x24 USB_DEVICE/App/usbd_desc.o
                0x00000000080084e0                USBD_FS_DeviceDescriptor
 .text.USBD_FS_LangIDStrDescriptor
                0x0000000008008504       0x24 USB_DEVICE/App/usbd_desc.o
                0x0000000008008504                USBD_FS_LangIDStrDescriptor
 .text.USBD_FS_ProductStrDescriptor
                0x0000000008008528       0x3c USB_DEVICE/App/usbd_desc.o
                0x0000000008008528                USBD_FS_ProductStrDescriptor
 .text.USBD_FS_ManufacturerStrDescriptor
                0x0000000008008564       0x28 USB_DEVICE/App/usbd_desc.o
                0x0000000008008564                USBD_FS_ManufacturerStrDescriptor
 .text.USBD_FS_SerialStrDescriptor
                0x000000000800858c       0x24 USB_DEVICE/App/usbd_desc.o
                0x000000000800858c                USBD_FS_SerialStrDescriptor
 .text.USBD_FS_ConfigStrDescriptor
                0x00000000080085b0       0x3c USB_DEVICE/App/usbd_desc.o
                0x00000000080085b0                USBD_FS_ConfigStrDescriptor
 .text.USBD_FS_InterfaceStrDescriptor
                0x00000000080085ec       0x3c USB_DEVICE/App/usbd_desc.o
                0x00000000080085ec                USBD_FS_InterfaceStrDescriptor
 .text.Get_SerialNum
                0x0000000008008628       0x58 USB_DEVICE/App/usbd_desc.o
 .text.IntToUnicode
                0x0000000008008680       0x7c USB_DEVICE/App/usbd_desc.o
 .text.HAL_PCD_MspInit
                0x00000000080086fc       0x98 USB_DEVICE/Target/usbd_conf.o
                0x00000000080086fc                HAL_PCD_MspInit
 .text.HAL_PCD_SetupStageCallback
                0x0000000008008794       0x24 USB_DEVICE/Target/usbd_conf.o
                0x0000000008008794                HAL_PCD_SetupStageCallback
 .text.HAL_PCD_DataOutStageCallback
                0x00000000080087b8       0x30 USB_DEVICE/Target/usbd_conf.o
                0x00000000080087b8                HAL_PCD_DataOutStageCallback
 .text.HAL_PCD_DataInStageCallback
                0x00000000080087e8       0x2e USB_DEVICE/Target/usbd_conf.o
                0x00000000080087e8                HAL_PCD_DataInStageCallback
 .text.HAL_PCD_SOFCallback
                0x0000000008008816       0x1c USB_DEVICE/Target/usbd_conf.o
                0x0000000008008816                HAL_PCD_SOFCallback
 .text.HAL_PCD_ResetCallback
                0x0000000008008832       0x3c USB_DEVICE/Target/usbd_conf.o
                0x0000000008008832                HAL_PCD_ResetCallback
 *fill*         0x000000000800886e        0x2 
 .text.HAL_PCD_SuspendCallback
                0x0000000008008870       0x34 USB_DEVICE/Target/usbd_conf.o
                0x0000000008008870                HAL_PCD_SuspendCallback
 .text.HAL_PCD_ResumeCallback
                0x00000000080088a4       0x1c USB_DEVICE/Target/usbd_conf.o
                0x00000000080088a4                HAL_PCD_ResumeCallback
 .text.USBD_LL_Init
                0x00000000080088c0       0xb4 USB_DEVICE/Target/usbd_conf.o
                0x00000000080088c0                USBD_LL_Init
 .text.USBD_LL_Start
                0x0000000008008974       0x36 USB_DEVICE/Target/usbd_conf.o
                0x0000000008008974                USBD_LL_Start
 .text.USBD_LL_OpenEP
                0x00000000080089aa       0x4c USB_DEVICE/Target/usbd_conf.o
                0x00000000080089aa                USBD_LL_OpenEP
 .text.USBD_LL_CloseEP
                0x00000000080089f6       0x3e USB_DEVICE/Target/usbd_conf.o
                0x00000000080089f6                USBD_LL_CloseEP
 .text.USBD_LL_StallEP
                0x0000000008008a34       0x3e USB_DEVICE/Target/usbd_conf.o
                0x0000000008008a34                USBD_LL_StallEP
 .text.USBD_LL_ClearStallEP
                0x0000000008008a72       0x3e USB_DEVICE/Target/usbd_conf.o
                0x0000000008008a72                USBD_LL_ClearStallEP
 .text.USBD_LL_IsStallEP
                0x0000000008008ab0       0x4c USB_DEVICE/Target/usbd_conf.o
                0x0000000008008ab0                USBD_LL_IsStallEP
 .text.USBD_LL_SetUSBAddress
                0x0000000008008afc       0x3e USB_DEVICE/Target/usbd_conf.o
                0x0000000008008afc                USBD_LL_SetUSBAddress
 .text.USBD_LL_Transmit
                0x0000000008008b3a       0x46 USB_DEVICE/Target/usbd_conf.o
                0x0000000008008b3a                USBD_LL_Transmit
 .text.USBD_LL_PrepareReceive
                0x0000000008008b80       0x46 USB_DEVICE/Target/usbd_conf.o
                0x0000000008008b80                USBD_LL_PrepareReceive
 .text.USBD_LL_GetRxDataSize
                0x0000000008008bc6       0x26 USB_DEVICE/Target/usbd_conf.o
                0x0000000008008bc6                USBD_LL_GetRxDataSize
 .text.USBD_static_malloc
                0x0000000008008bec       0x1c USB_DEVICE/Target/usbd_conf.o
                0x0000000008008bec                USBD_static_malloc
 .text.USBD_static_free
                0x0000000008008c08       0x14 USB_DEVICE/Target/usbd_conf.o
                0x0000000008008c08                USBD_static_free
 .text.HAL_PCDEx_SetConnectionState
                0x0000000008008c1c       0x18 USB_DEVICE/Target/usbd_conf.o
                0x0000000008008c1c                HAL_PCDEx_SetConnectionState
 .text.USBD_Get_USB_Status
                0x0000000008008c34       0x58 USB_DEVICE/Target/usbd_conf.o
 .text.__libc_init_array
                0x0000000008008c8c       0x48 f:/cubeide/stm32cubeide_1.1.0/stm32cubeide/plugins/com.st.stm32cube.ide.mcu.externaltools.gnu-tools-for-stm32.7-2018-q2-update.win32_1.0.0.201904181610/tools/bin/../lib/gcc/arm-none-eabi/7.3.1/../../../../arm-none-eabi/lib/thumb/v7e-m/fpv4-sp/hard\libc_nano.a(lib_a-init.o)
                0x0000000008008c8c                __libc_init_array
 .text.memset   0x0000000008008cd4       0x10 f:/cubeide/stm32cubeide_1.1.0/stm32cubeide/plugins/com.st.stm32cube.ide.mcu.externaltools.gnu-tools-for-stm32.7-2018-q2-update.win32_1.0.0.201904181610/tools/bin/../lib/gcc/arm-none-eabi/7.3.1/../../../../arm-none-eabi/lib/thumb/v7e-m/fpv4-sp/hard\libc_nano.a(lib_a-memset.o)
                0x0000000008008cd4                memset
 *(.glue_7)
 .glue_7        0x0000000008008ce4        0x0 linker stubs
 *(.glue_7t)
 .glue_7t       0x0000000008008ce4        0x0 linker stubs
 *(.eh_frame)
 .eh_frame      0x0000000008008ce4        0x0 f:/cubeide/stm32cubeide_1.1.0/stm32cubeide/plugins/com.st.stm32cube.ide.mcu.externaltools.gnu-tools-for-stm32.7-2018-q2-update.win32_1.0.0.201904181610/tools/bin/../lib/gcc/arm-none-eabi/7.3.1/thumb/v7e-m/fpv4-sp/hard/crtbegin.o
 *(.init)
 .init          0x0000000008008ce4        0x4 f:/cubeide/stm32cubeide_1.1.0/stm32cubeide/plugins/com.st.stm32cube.ide.mcu.externaltools.gnu-tools-for-stm32.7-2018-q2-update.win32_1.0.0.201904181610/tools/bin/../lib/gcc/arm-none-eabi/7.3.1/thumb/v7e-m/fpv4-sp/hard/crti.o
                0x0000000008008ce4                _init
 .init          0x0000000008008ce8        0x8 f:/cubeide/stm32cubeide_1.1.0/stm32cubeide/plugins/com.st.stm32cube.ide.mcu.externaltools.gnu-tools-for-stm32.7-2018-q2-update.win32_1.0.0.201904181610/tools/bin/../lib/gcc/arm-none-eabi/7.3.1/thumb/v7e-m/fpv4-sp/hard/crtn.o
 *(.fini)
 .fini          0x0000000008008cf0        0x4 f:/cubeide/stm32cubeide_1.1.0/stm32cubeide/plugins/com.st.stm32cube.ide.mcu.externaltools.gnu-tools-for-stm32.7-2018-q2-update.win32_1.0.0.201904181610/tools/bin/../lib/gcc/arm-none-eabi/7.3.1/thumb/v7e-m/fpv4-sp/hard/crti.o
                0x0000000008008cf0                _fini
 .fini          0x0000000008008cf4        0x8 f:/cubeide/stm32cubeide_1.1.0/stm32cubeide/plugins/com.st.stm32cube.ide.mcu.externaltools.gnu-tools-for-stm32.7-2018-q2-update.win32_1.0.0.201904181610/tools/bin/../lib/gcc/arm-none-eabi/7.3.1/thumb/v7e-m/fpv4-sp/hard/crtn.o
                0x0000000008008cfc                . = ALIGN (0x4)
                0x0000000008008cfc                _etext = .

.vfp11_veneer   0x0000000008008cfc        0x0
 .vfp11_veneer  0x0000000008008cfc        0x0 linker stubs

.v4_bx          0x0000000008008cfc        0x0
 .v4_bx         0x0000000008008cfc        0x0 linker stubs

.iplt           0x0000000008008cfc        0x0
 .iplt          0x0000000008008cfc        0x0 f:/cubeide/stm32cubeide_1.1.0/stm32cubeide/plugins/com.st.stm32cube.ide.mcu.externaltools.gnu-tools-for-stm32.7-2018-q2-update.win32_1.0.0.201904181610/tools/bin/../lib/gcc/arm-none-eabi/7.3.1/thumb/v7e-m/fpv4-sp/hard/crtbegin.o

.rodata         0x0000000008008cfc       0x70
                0x0000000008008cfc                . = ALIGN (0x4)
 *(.rodata)
 .rodata        0x0000000008008cfc       0x3e USB_DEVICE/App/usbd_desc.o
 *(.rodata*)
 *fill*         0x0000000008008d3a        0x2 
 .rodata.AHBPrescTable
                0x0000000008008d3c       0x10 Core/Src/system_stm32f3xx.o
                0x0000000008008d3c                AHBPrescTable
 .rodata.aPLLMULFactorTable
                0x0000000008008d4c       0x10 Drivers/STM32F3xx_HAL_Driver/Src/stm32f3xx_hal_rcc.o
                0x0000000008008d4c                aPLLMULFactorTable
 .rodata.aPredivFactorTable
                0x0000000008008d5c       0x10 Drivers/STM32F3xx_HAL_Driver/Src/stm32f3xx_hal_rcc.o
                0x0000000008008d5c                aPredivFactorTable
                0x0000000008008d6c                . = ALIGN (0x4)

.rel.dyn        0x0000000008008d6c        0x0
 .rel.iplt      0x0000000008008d6c        0x0 f:/cubeide/stm32cubeide_1.1.0/stm32cubeide/plugins/com.st.stm32cube.ide.mcu.externaltools.gnu-tools-for-stm32.7-2018-q2-update.win32_1.0.0.201904181610/tools/bin/../lib/gcc/arm-none-eabi/7.3.1/thumb/v7e-m/fpv4-sp/hard/crtbegin.o

.ARM.extab      0x0000000008008d6c        0x0
                0x0000000008008d6c                . = ALIGN (0x4)
 *(.ARM.extab* .gnu.linkonce.armextab.*)
                0x0000000008008d6c                . = ALIGN (0x4)

.ARM            0x0000000008008d6c        0x0
                0x0000000008008d6c                . = ALIGN (0x4)
                0x0000000008008d6c                __exidx_start = .
 *(.ARM.exidx*)
                0x0000000008008d6c                __exidx_end = .
                0x0000000008008d6c                . = ALIGN (0x4)

.preinit_array  0x0000000008008d6c        0x0
                0x0000000008008d6c                . = ALIGN (0x4)
                0x0000000008008d6c                PROVIDE (__preinit_array_start = .)
 *(.preinit_array*)
                0x0000000008008d6c                PROVIDE (__preinit_array_end = .)
                0x0000000008008d6c                . = ALIGN (0x4)

.init_array     0x0000000008008d6c        0x4
                0x0000000008008d6c                . = ALIGN (0x4)
                0x0000000008008d6c                PROVIDE (__init_array_start = .)
 *(SORT_BY_NAME(.init_array.*))
 *(.init_array*)
 .init_array    0x0000000008008d6c        0x4 f:/cubeide/stm32cubeide_1.1.0/stm32cubeide/plugins/com.st.stm32cube.ide.mcu.externaltools.gnu-tools-for-stm32.7-2018-q2-update.win32_1.0.0.201904181610/tools/bin/../lib/gcc/arm-none-eabi/7.3.1/thumb/v7e-m/fpv4-sp/hard/crtbegin.o
                0x0000000008008d70                PROVIDE (__init_array_end = .)
                0x0000000008008d70                . = ALIGN (0x4)

.fini_array     0x0000000008008d70        0x4
                0x0000000008008d70                . = ALIGN (0x4)
                [!provide]                        PROVIDE (__fini_array_start = .)
 *(SORT_BY_NAME(.fini_array.*))
 *(.fini_array*)
 .fini_array    0x0000000008008d70        0x4 f:/cubeide/stm32cubeide_1.1.0/stm32cubeide/plugins/com.st.stm32cube.ide.mcu.externaltools.gnu-tools-for-stm32.7-2018-q2-update.win32_1.0.0.201904181610/tools/bin/../lib/gcc/arm-none-eabi/7.3.1/thumb/v7e-m/fpv4-sp/hard/crtbegin.o
                [!provide]                        PROVIDE (__fini_array_end = .)
                0x0000000008008d74                . = ALIGN (0x4)
                0x0000000008008d74                _sidata = LOADADDR (.data)

.data           0x0000000020000000      0x180 load address 0x0000000008008d74
                0x0000000020000000                . = ALIGN (0x4)
                0x0000000020000000                _sdata = .
 *(.data)
 *(.data*)
 .data.einamas.10406
                0x0000000020000000        0x1 Core/Src/main.o
 *fill*         0x0000000020000001        0x3 
 .data.SystemCoreClock
                0x0000000020000004        0x4 Core/Src/system_stm32f3xx.o
                0x0000000020000004                SystemCoreClock
 .data.uwTickPrio
                0x0000000020000008        0x4 Drivers/STM32F3xx_HAL_Driver/Src/stm32f3xx_hal.o
                0x0000000020000008                uwTickPrio
 .data.uwTickFreq
                0x000000002000000c        0x1 Drivers/STM32F3xx_HAL_Driver/Src/stm32f3xx_hal.o
                0x000000002000000c                uwTickFreq
 *fill*         0x000000002000000d        0x3 
 .data.USBD_CDC_DeviceQualifierDesc
                0x0000000020000010        0xa Middlewares/ST/STM32_USB_Device_Library/Class/CDC/Src/usbd_cdc.o
 *fill*         0x000000002000001a        0x2 
 .data.USBD_CDC
                0x000000002000001c       0x38 Middlewares/ST/STM32_USB_Device_Library/Class/CDC/Src/usbd_cdc.o
                0x000000002000001c                USBD_CDC
 .data.USBD_CDC_CfgHSDesc
                0x0000000020000054       0x43 Middlewares/ST/STM32_USB_Device_Library/Class/CDC/Src/usbd_cdc.o
                0x0000000020000054                USBD_CDC_CfgHSDesc
 *fill*         0x0000000020000097        0x1 
 .data.USBD_CDC_CfgFSDesc
                0x0000000020000098       0x43 Middlewares/ST/STM32_USB_Device_Library/Class/CDC/Src/usbd_cdc.o
                0x0000000020000098                USBD_CDC_CfgFSDesc
 *fill*         0x00000000200000db        0x1 
 .data.USBD_CDC_OtherSpeedCfgDesc
                0x00000000200000dc       0x43 Middlewares/ST/STM32_USB_Device_Library/Class/CDC/Src/usbd_cdc.o
                0x00000000200000dc                USBD_CDC_OtherSpeedCfgDesc
 *fill*         0x000000002000011f        0x1 
 .data.USBD_Interface_fops_FS
                0x0000000020000120       0x10 USB_DEVICE/App/usbd_cdc_if.o
                0x0000000020000120                USBD_Interface_fops_FS
 .data.FS_Desc  0x0000000020000130       0x1c USB_DEVICE/App/usbd_desc.o
                0x0000000020000130                FS_Desc
 .data.USBD_FS_DeviceDesc
                0x000000002000014c       0x12 USB_DEVICE/App/usbd_desc.o
                0x000000002000014c                USBD_FS_DeviceDesc
 *fill*         0x000000002000015e        0x2 
 .data.USBD_LangIDDesc
                0x0000000020000160        0x4 USB_DEVICE/App/usbd_desc.o
                0x0000000020000160                USBD_LangIDDesc
 .data.USBD_StringSerial
                0x0000000020000164       0x1a USB_DEVICE/App/usbd_desc.o
                0x0000000020000164                USBD_StringSerial
                0x0000000020000180                . = ALIGN (0x4)
 *fill*         0x000000002000017e        0x2 
                0x0000000020000180                _edata = .

.igot.plt       0x0000000020000180        0x0 load address 0x0000000008008ef4
 .igot.plt      0x0000000020000180        0x0 f:/cubeide/stm32cubeide_1.1.0/stm32cubeide/plugins/com.st.stm32cube.ide.mcu.externaltools.gnu-tools-for-stm32.7-2018-q2-update.win32_1.0.0.201904181610/tools/bin/../lib/gcc/arm-none-eabi/7.3.1/thumb/v7e-m/fpv4-sp/hard/crtbegin.o
                0x0000000020000180                . = ALIGN (0x4)

.bss            0x0000000020000180     0x1288 load address 0x0000000008008ef4
                0x0000000020000180                _sbss = .
                0x0000000020000180                __bss_start__ = _sbss
 *(.bss)
 .bss           0x0000000020000180       0x1c f:/cubeide/stm32cubeide_1.1.0/stm32cubeide/plugins/com.st.stm32cube.ide.mcu.externaltools.gnu-tools-for-stm32.7-2018-q2-update.win32_1.0.0.201904181610/tools/bin/../lib/gcc/arm-none-eabi/7.3.1/thumb/v7e-m/fpv4-sp/hard/crtbegin.o
 *(.bss*)
 .bss.Temperature
                0x000000002000019c        0x4 Core/Src/main.o
                0x000000002000019c                Temperature
 .bss.Presence  0x00000000200001a0        0x1 Core/Src/main.o
                0x00000000200001a0                Presence
 .bss.cfgidx.10367
                0x00000000200001a1        0x1 Middlewares/ST/STM32_USB_Device_Library/Core/Src/usbd_ctlreq.o
 *fill*         0x00000000200001a2        0x2 
 .bss.mem.10434
                0x00000000200001a4      0x220 USB_DEVICE/Target/usbd_conf.o
 *(COMMON)
 COMMON         0x00000000200003c4      0x13e Core/Src/main.o
                0x00000000200003c4                mVeliavos
                0x00000000200003c8                hadc2
                0x0000000020000418                htim3
                0x0000000020000458                TEMP
                0x000000002000045a                Temp_byte1
                0x000000002000045c                mUSB_data
                0x0000000020000464                htim6
                0x00000000200004a4                hdma_adc2
                0x00000000200004e8                Temp_byte2
                0x00000000200004ec                mPaketasSiuntimui
 *fill*         0x0000000020000502        0x2 
 COMMON         0x0000000020000504        0x4 Drivers/STM32F3xx_HAL_Driver/Src/stm32f3xx_hal.o
                0x0000000020000504                uwTick
 COMMON         0x0000000020000508      0x2c4 USB_DEVICE/App/usb_device.o
                0x0000000020000508                hUsbDeviceFS
 COMMON         0x00000000200007cc      0x7d0 USB_DEVICE/App/usbd_cdc_if.o
                0x00000000200007cc                UserRxBufferFS
                0x0000000020000bb4                UserTxBufferFS
 COMMON         0x0000000020000f9c      0x200 USB_DEVICE/App/usbd_desc.o
                0x0000000020000f9c                USBD_StrDesc
 COMMON         0x000000002000119c      0x26c USB_DEVICE/Target/usbd_conf.o
                0x000000002000119c                hpcd_USB_FS
                0x0000000020001408                . = ALIGN (0x4)
                0x0000000020001408                _ebss = .
                0x0000000020001408                __bss_end__ = _ebss

._user_heap_stack
                0x0000000020001408      0x600 load address 0x0000000008008ef4
                0x0000000020001408                . = ALIGN (0x8)
                0x0000000020001408                PROVIDE (end = .)
                [!provide]                        PROVIDE (_end = .)
                0x0000000020001608                . = (. + _Min_Heap_Size)
 *fill*         0x0000000020001408      0x200 
                0x0000000020001a08                . = (. + _Min_Stack_Size)
 *fill*         0x0000000020001608      0x400 
                0x0000000020001a08                . = ALIGN (0x8)

/DISCARD/
 libc.a(*)
 libm.a(*)
 libgcc.a(*)

.ARM.attributes
                0x0000000000000000       0x30
 *(.ARM.attributes)
 .ARM.attributes
                0x0000000000000000       0x22 f:/cubeide/stm32cubeide_1.1.0/stm32cubeide/plugins/com.st.stm32cube.ide.mcu.externaltools.gnu-tools-for-stm32.7-2018-q2-update.win32_1.0.0.201904181610/tools/bin/../lib/gcc/arm-none-eabi/7.3.1/thumb/v7e-m/fpv4-sp/hard/crti.o
 .ARM.attributes
                0x0000000000000022       0x34 f:/cubeide/stm32cubeide_1.1.0/stm32cubeide/plugins/com.st.stm32cube.ide.mcu.externaltools.gnu-tools-for-stm32.7-2018-q2-update.win32_1.0.0.201904181610/tools/bin/../lib/gcc/arm-none-eabi/7.3.1/thumb/v7e-m/fpv4-sp/hard/crtbegin.o
 .ARM.attributes
                0x0000000000000056       0x39 Core/Src/main.o
 .ARM.attributes
                0x000000000000008f       0x39 Core/Src/stm32f3xx_hal_msp.o
 .ARM.attributes
                0x00000000000000c8       0x39 Core/Src/stm32f3xx_it.o
 .ARM.attributes
                0x0000000000000101       0x39 Core/Src/system_stm32f3xx.o
 .ARM.attributes
                0x000000000000013a       0x21 Core/Startup/startup_stm32f303vctx.o
 .ARM.attributes
                0x000000000000015b       0x39 Drivers/STM32F3xx_HAL_Driver/Src/stm32f3xx_hal.o
 .ARM.attributes
                0x0000000000000194       0x39 Drivers/STM32F3xx_HAL_Driver/Src/stm32f3xx_hal_adc.o
 .ARM.attributes
                0x00000000000001cd       0x39 Drivers/STM32F3xx_HAL_Driver/Src/stm32f3xx_hal_adc_ex.o
 .ARM.attributes
                0x0000000000000206       0x39 Drivers/STM32F3xx_HAL_Driver/Src/stm32f3xx_hal_cortex.o
 .ARM.attributes
                0x000000000000023f       0x39 Drivers/STM32F3xx_HAL_Driver/Src/stm32f3xx_hal_dma.o
 .ARM.attributes
                0x0000000000000278       0x39 Drivers/STM32F3xx_HAL_Driver/Src/stm32f3xx_hal_gpio.o
 .ARM.attributes
                0x00000000000002b1       0x39 Drivers/STM32F3xx_HAL_Driver/Src/stm32f3xx_hal_pcd.o
 .ARM.attributes
                0x00000000000002ea       0x39 Drivers/STM32F3xx_HAL_Driver/Src/stm32f3xx_hal_pcd_ex.o
 .ARM.attributes
                0x0000000000000323       0x39 Drivers/STM32F3xx_HAL_Driver/Src/stm32f3xx_hal_rcc.o
 .ARM.attributes
                0x000000000000035c       0x39 Drivers/STM32F3xx_HAL_Driver/Src/stm32f3xx_hal_rcc_ex.o
 .ARM.attributes
                0x0000000000000395       0x39 Drivers/STM32F3xx_HAL_Driver/Src/stm32f3xx_hal_tim.o
 .ARM.attributes
                0x00000000000003ce       0x39 Drivers/STM32F3xx_HAL_Driver/Src/stm32f3xx_hal_tim_ex.o
 .ARM.attributes
                0x0000000000000407       0x39 Drivers/STM32F3xx_HAL_Driver/Src/stm32f3xx_ll_usb.o
 .ARM.attributes
                0x0000000000000440       0x39 Middlewares/ST/STM32_USB_Device_Library/Class/CDC/Src/usbd_cdc.o
 .ARM.attributes
                0x0000000000000479       0x39 Middlewares/ST/STM32_USB_Device_Library/Core/Src/usbd_core.o
 .ARM.attributes
                0x00000000000004b2       0x39 Middlewares/ST/STM32_USB_Device_Library/Core/Src/usbd_ctlreq.o
 .ARM.attributes
                0x00000000000004eb       0x39 Middlewares/ST/STM32_USB_Device_Library/Core/Src/usbd_ioreq.o
 .ARM.attributes
                0x0000000000000524       0x39 USB_DEVICE/App/usb_device.o
 .ARM.attributes
                0x000000000000055d       0x39 USB_DEVICE/App/usbd_cdc_if.o
 .ARM.attributes
                0x0000000000000596       0x39 USB_DEVICE/App/usbd_desc.o
 .ARM.attributes
                0x00000000000005cf       0x39 USB_DEVICE/Target/usbd_conf.o
 .ARM.attributes
                0x0000000000000608       0x34 f:/cubeide/stm32cubeide_1.1.0/stm32cubeide/plugins/com.st.stm32cube.ide.mcu.externaltools.gnu-tools-for-stm32.7-2018-q2-update.win32_1.0.0.201904181610/tools/bin/../lib/gcc/arm-none-eabi/7.3.1/../../../../arm-none-eabi/lib/thumb/v7e-m/fpv4-sp/hard\libc_nano.a(lib_a-init.o)
 .ARM.attributes
                0x000000000000063c       0x34 f:/cubeide/stm32cubeide_1.1.0/stm32cubeide/plugins/com.st.stm32cube.ide.mcu.externaltools.gnu-tools-for-stm32.7-2018-q2-update.win32_1.0.0.201904181610/tools/bin/../lib/gcc/arm-none-eabi/7.3.1/../../../../arm-none-eabi/lib/thumb/v7e-m/fpv4-sp/hard\libc_nano.a(lib_a-memset.o)
 .ARM.attributes
                0x0000000000000670       0x22 f:/cubeide/stm32cubeide_1.1.0/stm32cubeide/plugins/com.st.stm32cube.ide.mcu.externaltools.gnu-tools-for-stm32.7-2018-q2-update.win32_1.0.0.201904181610/tools/bin/../lib/gcc/arm-none-eabi/7.3.1/thumb/v7e-m/fpv4-sp/hard/crtn.o
OUTPUT(f303vc_logeris.elf elf32-littlearm)

.debug_info     0x0000000000000000    0x19d43
 .debug_info    0x0000000000000000     0x2287 Core/Src/main.o
 .debug_info    0x0000000000002287      0xee7 Core/Src/stm32f3xx_hal_msp.o
 .debug_info    0x000000000000316e      0xb45 Core/Src/stm32f3xx_it.o
 .debug_info    0x0000000000003cb3      0x45c Core/Src/system_stm32f3xx.o
 .debug_info    0x000000000000410f       0x22 Core/Startup/startup_stm32f303vctx.o
 .debug_info    0x0000000000004131      0x7e2 Drivers/STM32F3xx_HAL_Driver/Src/stm32f3xx_hal.o
 .debug_info    0x0000000000004913      0xbce Drivers/STM32F3xx_HAL_Driver/Src/stm32f3xx_hal_adc.o
 .debug_info    0x00000000000054e1     0x1571 Drivers/STM32F3xx_HAL_Driver/Src/stm32f3xx_hal_adc_ex.o
 .debug_info    0x0000000000006a52      0xd99 Drivers/STM32F3xx_HAL_Driver/Src/stm32f3xx_hal_cortex.o
 .debug_info    0x00000000000077eb      0x7cb Drivers/STM32F3xx_HAL_Driver/Src/stm32f3xx_hal_dma.o
 .debug_info    0x0000000000007fb6      0x6fc Drivers/STM32F3xx_HAL_Driver/Src/stm32f3xx_hal_gpio.o
 .debug_info    0x00000000000086b2      0xe26 Drivers/STM32F3xx_HAL_Driver/Src/stm32f3xx_hal_pcd.o
 .debug_info    0x00000000000094d8      0x763 Drivers/STM32F3xx_HAL_Driver/Src/stm32f3xx_hal_pcd_ex.o
 .debug_info    0x0000000000009c3b     0x180f Drivers/STM32F3xx_HAL_Driver/Src/stm32f3xx_hal_rcc.o
 .debug_info    0x000000000000b44a      0x6b7 Drivers/STM32F3xx_HAL_Driver/Src/stm32f3xx_hal_rcc_ex.o
 .debug_info    0x000000000000bb01     0x2648 Drivers/STM32F3xx_HAL_Driver/Src/stm32f3xx_hal_tim.o
 .debug_info    0x000000000000e149     0x11d7 Drivers/STM32F3xx_HAL_Driver/Src/stm32f3xx_hal_tim_ex.o
 .debug_info    0x000000000000f320     0x14fb Drivers/STM32F3xx_HAL_Driver/Src/stm32f3xx_ll_usb.o
 .debug_info    0x000000000001081b     0x1794 Middlewares/ST/STM32_USB_Device_Library/Class/CDC/Src/usbd_cdc.o
 .debug_info    0x0000000000011faf     0x11d5 Middlewares/ST/STM32_USB_Device_Library/Core/Src/usbd_core.o
 .debug_info    0x0000000000013184     0x1145 Middlewares/ST/STM32_USB_Device_Library/Core/Src/usbd_ctlreq.o
 .debug_info    0x00000000000142c9      0xf36 Middlewares/ST/STM32_USB_Device_Library/Core/Src/usbd_ioreq.o
 .debug_info    0x00000000000151ff      0xe7e USB_DEVICE/App/usb_device.o
 .debug_info    0x000000000001607d     0x1039 USB_DEVICE/App/usbd_cdc_if.o
 .debug_info    0x00000000000170b6      0xd1a USB_DEVICE/App/usbd_desc.o
 .debug_info    0x0000000000017dd0     0x1f73 USB_DEVICE/Target/usbd_conf.o

.debug_abbrev   0x0000000000000000     0x36a5
 .debug_abbrev  0x0000000000000000      0x382 Core/Src/main.o
 .debug_abbrev  0x0000000000000382      0x1a6 Core/Src/stm32f3xx_hal_msp.o
 .debug_abbrev  0x0000000000000528      0x185 Core/Src/stm32f3xx_it.o
 .debug_abbrev  0x00000000000006ad      0x12b Core/Src/system_stm32f3xx.o
 .debug_abbrev  0x00000000000007d8       0x12 Core/Startup/startup_stm32f303vctx.o
 .debug_abbrev  0x00000000000007ea      0x1c7 Drivers/STM32F3xx_HAL_Driver/Src/stm32f3xx_hal.o
 .debug_abbrev  0x00000000000009b1      0x187 Drivers/STM32F3xx_HAL_Driver/Src/stm32f3xx_hal_adc.o
 .debug_abbrev  0x0000000000000b38      0x225 Drivers/STM32F3xx_HAL_Driver/Src/stm32f3xx_hal_adc_ex.o
 .debug_abbrev  0x0000000000000d5d      0x2fa Drivers/STM32F3xx_HAL_Driver/Src/stm32f3xx_hal_cortex.o
 .debug_abbrev  0x0000000000001057      0x1fe Drivers/STM32F3xx_HAL_Driver/Src/stm32f3xx_hal_dma.o
 .debug_abbrev  0x0000000000001255      0x1c0 Drivers/STM32F3xx_HAL_Driver/Src/stm32f3xx_hal_gpio.o
 .debug_abbrev  0x0000000000001415      0x27d Drivers/STM32F3xx_HAL_Driver/Src/stm32f3xx_hal_pcd.o
 .debug_abbrev  0x0000000000001692      0x188 Drivers/STM32F3xx_HAL_Driver/Src/stm32f3xx_hal_pcd_ex.o
 .debug_abbrev  0x000000000000181a      0x28c Drivers/STM32F3xx_HAL_Driver/Src/stm32f3xx_hal_rcc.o
 .debug_abbrev  0x0000000000001aa6      0x219 Drivers/STM32F3xx_HAL_Driver/Src/stm32f3xx_hal_rcc_ex.o
 .debug_abbrev  0x0000000000001cbf      0x230 Drivers/STM32F3xx_HAL_Driver/Src/stm32f3xx_hal_tim.o
 .debug_abbrev  0x0000000000001eef      0x21e Drivers/STM32F3xx_HAL_Driver/Src/stm32f3xx_hal_tim_ex.o
 .debug_abbrev  0x000000000000210d      0x239 Drivers/STM32F3xx_HAL_Driver/Src/stm32f3xx_ll_usb.o
 .debug_abbrev  0x0000000000002346      0x2b6 Middlewares/ST/STM32_USB_Device_Library/Class/CDC/Src/usbd_cdc.o
 .debug_abbrev  0x00000000000025fc      0x270 Middlewares/ST/STM32_USB_Device_Library/Core/Src/usbd_core.o
 .debug_abbrev  0x000000000000286c      0x2a0 Middlewares/ST/STM32_USB_Device_Library/Core/Src/usbd_ctlreq.o
 .debug_abbrev  0x0000000000002b0c      0x1e0 Middlewares/ST/STM32_USB_Device_Library/Core/Src/usbd_ioreq.o
 .debug_abbrev  0x0000000000002cec      0x1be USB_DEVICE/App/usb_device.o
 .debug_abbrev  0x0000000000002eaa      0x285 USB_DEVICE/App/usbd_cdc_if.o
 .debug_abbrev  0x000000000000312f      0x290 USB_DEVICE/App/usbd_desc.o
 .debug_abbrev  0x00000000000033bf      0x2e6 USB_DEVICE/Target/usbd_conf.o

.debug_aranges  0x0000000000000000     0x12f8
 .debug_aranges
                0x0000000000000000       0xa8 Core/Src/main.o
 .debug_aranges
                0x00000000000000a8       0x40 Core/Src/stm32f3xx_hal_msp.o
 .debug_aranges
                0x00000000000000e8       0x78 Core/Src/stm32f3xx_it.o
 .debug_aranges
                0x0000000000000160       0x28 Core/Src/system_stm32f3xx.o
 .debug_aranges
                0x0000000000000188       0x28 Core/Startup/startup_stm32f303vctx.o
 .debug_aranges
                0x00000000000001b0       0xe0 Drivers/STM32F3xx_HAL_Driver/Src/stm32f3xx_hal.o
 .debug_aranges
                0x0000000000000290       0xc8 Drivers/STM32F3xx_HAL_Driver/Src/stm32f3xx_hal_adc.o
 .debug_aranges
                0x0000000000000358      0x168 Drivers/STM32F3xx_HAL_Driver/Src/stm32f3xx_hal_adc_ex.o
 .debug_aranges
                0x00000000000004c0      0x118 Drivers/STM32F3xx_HAL_Driver/Src/stm32f3xx_hal_cortex.o
 .debug_aranges
                0x00000000000005d8       0x88 Drivers/STM32F3xx_HAL_Driver/Src/stm32f3xx_hal_dma.o
 .debug_aranges
                0x0000000000000660       0x58 Drivers/STM32F3xx_HAL_Driver/Src/stm32f3xx_hal_gpio.o
 .debug_aranges
                0x00000000000006b8      0x120 Drivers/STM32F3xx_HAL_Driver/Src/stm32f3xx_hal_pcd.o
 .debug_aranges
                0x00000000000007d8       0x38 Drivers/STM32F3xx_HAL_Driver/Src/stm32f3xx_hal_pcd_ex.o
 .debug_aranges
                0x0000000000000810       0x88 Drivers/STM32F3xx_HAL_Driver/Src/stm32f3xx_hal_rcc.o
 .debug_aranges
                0x0000000000000898       0x38 Drivers/STM32F3xx_HAL_Driver/Src/stm32f3xx_hal_rcc_ex.o
 .debug_aranges
                0x00000000000008d0      0x3c8 Drivers/STM32F3xx_HAL_Driver/Src/stm32f3xx_hal_tim.o
 .debug_aranges
                0x0000000000000c98      0x160 Drivers/STM32F3xx_HAL_Driver/Src/stm32f3xx_hal_tim_ex.o
 .debug_aranges
                0x0000000000000df8      0x108 Drivers/STM32F3xx_HAL_Driver/Src/stm32f3xx_ll_usb.o
 .debug_aranges
                0x0000000000000f00       0x90 Middlewares/ST/STM32_USB_Device_Library/Class/CDC/Src/usbd_cdc.o
 .debug_aranges
                0x0000000000000f90       0xb8 Middlewares/ST/STM32_USB_Device_Library/Core/Src/usbd_core.o
 .debug_aranges
                0x0000000000001048       0x88 Middlewares/ST/STM32_USB_Device_Library/Core/Src/usbd_ctlreq.o
 .debug_aranges
                0x00000000000010d0       0x50 Middlewares/ST/STM32_USB_Device_Library/Core/Src/usbd_ioreq.o
 .debug_aranges
                0x0000000000001120       0x20 USB_DEVICE/App/usb_device.o
 .debug_aranges
                0x0000000000001140       0x40 USB_DEVICE/App/usbd_cdc_if.o
 .debug_aranges
                0x0000000000001180       0x60 USB_DEVICE/App/usbd_desc.o
 .debug_aranges
                0x00000000000011e0      0x118 USB_DEVICE/Target/usbd_conf.o

.debug_ranges   0x0000000000000000     0x1160
 .debug_ranges  0x0000000000000000       0x98 Core/Src/main.o
 .debug_ranges  0x0000000000000098       0x30 Core/Src/stm32f3xx_hal_msp.o
 .debug_ranges  0x00000000000000c8       0x68 Core/Src/stm32f3xx_it.o
 .debug_ranges  0x0000000000000130       0x18 Core/Src/system_stm32f3xx.o
 .debug_ranges  0x0000000000000148       0x20 Core/Startup/startup_stm32f303vctx.o
 .debug_ranges  0x0000000000000168       0xd0 Drivers/STM32F3xx_HAL_Driver/Src/stm32f3xx_hal.o
 .debug_ranges  0x0000000000000238       0xb8 Drivers/STM32F3xx_HAL_Driver/Src/stm32f3xx_hal_adc.o
 .debug_ranges  0x00000000000002f0      0x158 Drivers/STM32F3xx_HAL_Driver/Src/stm32f3xx_hal_adc_ex.o
 .debug_ranges  0x0000000000000448      0x108 Drivers/STM32F3xx_HAL_Driver/Src/stm32f3xx_hal_cortex.o
 .debug_ranges  0x0000000000000550       0x78 Drivers/STM32F3xx_HAL_Driver/Src/stm32f3xx_hal_dma.o
 .debug_ranges  0x00000000000005c8       0x48 Drivers/STM32F3xx_HAL_Driver/Src/stm32f3xx_hal_gpio.o
 .debug_ranges  0x0000000000000610      0x110 Drivers/STM32F3xx_HAL_Driver/Src/stm32f3xx_hal_pcd.o
 .debug_ranges  0x0000000000000720       0x28 Drivers/STM32F3xx_HAL_Driver/Src/stm32f3xx_hal_pcd_ex.o
 .debug_ranges  0x0000000000000748       0x78 Drivers/STM32F3xx_HAL_Driver/Src/stm32f3xx_hal_rcc.o
 .debug_ranges  0x00000000000007c0       0x28 Drivers/STM32F3xx_HAL_Driver/Src/stm32f3xx_hal_rcc_ex.o
 .debug_ranges  0x00000000000007e8      0x3b8 Drivers/STM32F3xx_HAL_Driver/Src/stm32f3xx_hal_tim.o
 .debug_ranges  0x0000000000000ba0      0x150 Drivers/STM32F3xx_HAL_Driver/Src/stm32f3xx_hal_tim_ex.o
 .debug_ranges  0x0000000000000cf0       0xf8 Drivers/STM32F3xx_HAL_Driver/Src/stm32f3xx_ll_usb.o
 .debug_ranges  0x0000000000000de8       0x80 Middlewares/ST/STM32_USB_Device_Library/Class/CDC/Src/usbd_cdc.o
 .debug_ranges  0x0000000000000e68       0xa8 Middlewares/ST/STM32_USB_Device_Library/Core/Src/usbd_core.o
 .debug_ranges  0x0000000000000f10       0x78 Middlewares/ST/STM32_USB_Device_Library/Core/Src/usbd_ctlreq.o
 .debug_ranges  0x0000000000000f88       0x40 Middlewares/ST/STM32_USB_Device_Library/Core/Src/usbd_ioreq.o
 .debug_ranges  0x0000000000000fc8       0x10 USB_DEVICE/App/usb_device.o
 .debug_ranges  0x0000000000000fd8       0x30 USB_DEVICE/App/usbd_cdc_if.o
 .debug_ranges  0x0000000000001008       0x50 USB_DEVICE/App/usbd_desc.o
 .debug_ranges  0x0000000000001058      0x108 USB_DEVICE/Target/usbd_conf.o

.debug_macro    0x0000000000000000    0x1e157
 .debug_macro   0x0000000000000000      0x433 Core/Src/main.o
 .debug_macro   0x0000000000000433      0xa5a Core/Src/main.o
 .debug_macro   0x0000000000000e8d      0x15d Core/Src/main.o
 .debug_macro   0x0000000000000fea       0x2e Core/Src/main.o
 .debug_macro   0x0000000000001018       0x28 Core/Src/main.o
 .debug_macro   0x0000000000001040       0x22 Core/Src/main.o
 .debug_macro   0x0000000000001062       0x8e Core/Src/main.o
 .debug_macro   0x00000000000010f0       0x51 Core/Src/main.o
 .debug_macro   0x0000000000001141       0xef Core/Src/main.o
 .debug_macro   0x0000000000001230       0x6a Core/Src/main.o
 .debug_macro   0x000000000000129a      0x1df Core/Src/main.o
 .debug_macro   0x0000000000001479       0x1c Core/Src/main.o
 .debug_macro   0x0000000000001495       0x22 Core/Src/main.o
 .debug_macro   0x00000000000014b7       0xdf Core/Src/main.o
 .debug_macro   0x0000000000001596     0x102d Core/Src/main.o
 .debug_macro   0x00000000000025c3      0x11f Core/Src/main.o
 .debug_macro   0x00000000000026e2    0x12a33 Core/Src/main.o
 .debug_macro   0x0000000000015115       0x43 Core/Src/main.o
 .debug_macro   0x0000000000015158      0x174 Core/Src/main.o
 .debug_macro   0x00000000000152cc       0x53 Core/Src/main.o
 .debug_macro   0x000000000001531f      0x962 Core/Src/main.o
 .debug_macro   0x0000000000015c81      0x5fe Core/Src/main.o
 .debug_macro   0x000000000001627f      0x12f Core/Src/main.o
 .debug_macro   0x00000000000163ae      0x1fb Core/Src/main.o
 .debug_macro   0x00000000000165a9      0x1dc Core/Src/main.o
 .debug_macro   0x0000000000016785      0x1bc Core/Src/main.o
 .debug_macro   0x0000000000016941       0x30 Core/Src/main.o
 .debug_macro   0x0000000000016971       0x3c Core/Src/main.o
 .debug_macro   0x00000000000169ad      0x236 Core/Src/main.o
 .debug_macro   0x0000000000016be3      0x9b1 Core/Src/main.o
 .debug_macro   0x0000000000017594       0x77 Core/Src/main.o
 .debug_macro   0x000000000001760b       0xc5 Core/Src/main.o
 .debug_macro   0x00000000000176d0      0x21d Core/Src/main.o
 .debug_macro   0x00000000000178ed      0x22c Core/Src/main.o
 .debug_macro   0x0000000000017b19       0x58 Core/Src/main.o
 .debug_macro   0x0000000000017b71       0xa5 Core/Src/main.o
 .debug_macro   0x0000000000017c16       0x65 Core/Src/main.o
 .debug_macro   0x0000000000017c7b      0x249 Core/Src/main.o
 .debug_macro   0x0000000000017ec4       0x81 Core/Src/main.o
 .debug_macro   0x0000000000017f45       0xd3 Core/Src/main.o
 .debug_macro   0x0000000000018018      0x9e9 Core/Src/main.o
 .debug_macro   0x0000000000018a01       0x89 Core/Src/main.o
 .debug_macro   0x0000000000018a8a      0x275 Core/Src/main.o
 .debug_macro   0x0000000000018cff       0x70 Core/Src/main.o
 .debug_macro   0x0000000000018d6f       0x46 Core/Src/main.o
 .debug_macro   0x0000000000018db5       0x18 Core/Src/main.o
 .debug_macro   0x0000000000018dcd       0x3c Core/Src/main.o
 .debug_macro   0x0000000000018e09       0x34 Core/Src/main.o
 .debug_macro   0x0000000000018e3d       0x16 Core/Src/main.o
 .debug_macro   0x0000000000018e53       0x35 Core/Src/main.o
 .debug_macro   0x0000000000018e88      0x32a Core/Src/main.o
 .debug_macro   0x00000000000191b2       0x10 Core/Src/main.o
 .debug_macro   0x00000000000191c2       0x52 Core/Src/main.o
 .debug_macro   0x0000000000019214       0x1f Core/Src/main.o
 .debug_macro   0x0000000000019233       0x43 Core/Src/main.o
 .debug_macro   0x0000000000019276       0x20 Core/Src/main.o
 .debug_macro   0x0000000000019296      0x1a3 Core/Src/main.o
 .debug_macro   0x0000000000019439       0x10 Core/Src/main.o
 .debug_macro   0x0000000000019449       0x1c Core/Src/main.o
 .debug_macro   0x0000000000019465       0x52 Core/Src/main.o
 .debug_macro   0x00000000000194b7       0x40 Core/Src/main.o
 .debug_macro   0x00000000000194f7       0x10 Core/Src/main.o
 .debug_macro   0x0000000000019507       0x40 Core/Src/main.o
 .debug_macro   0x0000000000019547       0xd7 Core/Src/main.o
 .debug_macro   0x000000000001961e       0x1c Core/Src/main.o
 .debug_macro   0x000000000001963a       0x3d Core/Src/main.o
 .debug_macro   0x0000000000019677       0x16 Core/Src/main.o
 .debug_macro   0x000000000001968d      0x145 Core/Src/main.o
 .debug_macro   0x00000000000197d2       0x16 Core/Src/main.o
 .debug_macro   0x00000000000197e8       0x16 Core/Src/main.o
 .debug_macro   0x00000000000197fe       0x29 Core/Src/main.o
 .debug_macro   0x0000000000019827       0x16 Core/Src/main.o
 .debug_macro   0x000000000001983d       0x20 Core/Src/main.o
 .debug_macro   0x000000000001985d       0x59 Core/Src/main.o
 .debug_macro   0x00000000000198b6      0x1c8 Core/Src/main.o
 .debug_macro   0x0000000000019a7e       0x8f Core/Src/main.o
 .debug_macro   0x0000000000019b0d      0x206 Core/Src/stm32f3xx_hal_msp.o
 .debug_macro   0x0000000000019d13      0x210 Core/Src/stm32f3xx_it.o
 .debug_macro   0x0000000000019f23      0x1fd Core/Src/system_stm32f3xx.o
 .debug_macro   0x000000000001a120      0x21b Drivers/STM32F3xx_HAL_Driver/Src/stm32f3xx_hal.o
 .debug_macro   0x000000000001a33b      0x1f8 Drivers/STM32F3xx_HAL_Driver/Src/stm32f3xx_hal_adc.o
 .debug_macro   0x000000000001a533      0x221 Drivers/STM32F3xx_HAL_Driver/Src/stm32f3xx_hal_adc_ex.o
 .debug_macro   0x000000000001a754      0x1f7 Drivers/STM32F3xx_HAL_Driver/Src/stm32f3xx_hal_cortex.o
 .debug_macro   0x000000000001a94b      0x1f7 Drivers/STM32F3xx_HAL_Driver/Src/stm32f3xx_hal_dma.o
 .debug_macro   0x000000000001ab42      0x22f Drivers/STM32F3xx_HAL_Driver/Src/stm32f3xx_hal_gpio.o
 .debug_macro   0x000000000001ad71      0x203 Drivers/STM32F3xx_HAL_Driver/Src/stm32f3xx_hal_pcd.o
 .debug_macro   0x000000000001af74      0x1f7 Drivers/STM32F3xx_HAL_Driver/Src/stm32f3xx_hal_pcd_ex.o
 .debug_macro   0x000000000001b16b      0x21b Drivers/STM32F3xx_HAL_Driver/Src/stm32f3xx_hal_rcc.o
 .debug_macro   0x000000000001b386      0x1f7 Drivers/STM32F3xx_HAL_Driver/Src/stm32f3xx_hal_rcc_ex.o
 .debug_macro   0x000000000001b57d      0x1f8 Drivers/STM32F3xx_HAL_Driver/Src/stm32f3xx_hal_tim.o
 .debug_macro   0x000000000001b775      0x1f7 Drivers/STM32F3xx_HAL_Driver/Src/stm32f3xx_hal_tim_ex.o
 .debug_macro   0x000000000001b96c      0x1f7 Drivers/STM32F3xx_HAL_Driver/Src/stm32f3xx_ll_usb.o
 .debug_macro   0x000000000001bb63      0x413 Middlewares/ST/STM32_USB_Device_Library/Class/CDC/Src/usbd_cdc.o
 .debug_macro   0x000000000001bf76       0x97 Middlewares/ST/STM32_USB_Device_Library/Class/CDC/Src/usbd_cdc.o
 .debug_macro   0x000000000001c00d       0xfd Middlewares/ST/STM32_USB_Device_Library/Class/CDC/Src/usbd_cdc.o
 .debug_macro   0x000000000001c10a       0xd9 Middlewares/ST/STM32_USB_Device_Library/Class/CDC/Src/usbd_cdc.o
 .debug_macro   0x000000000001c1e3       0x4d Middlewares/ST/STM32_USB_Device_Library/Class/CDC/Src/usbd_cdc.o
 .debug_macro   0x000000000001c230      0x3fa Middlewares/ST/STM32_USB_Device_Library/Core/Src/usbd_core.o
 .debug_macro   0x000000000001c62a      0x1ce Middlewares/ST/STM32_USB_Device_Library/Core/Src/usbd_core.o
 .debug_macro   0x000000000001c7f8      0x404 Middlewares/ST/STM32_USB_Device_Library/Core/Src/usbd_ctlreq.o
 .debug_macro   0x000000000001cbfc      0x400 Middlewares/ST/STM32_USB_Device_Library/Core/Src/usbd_ioreq.o
 .debug_macro   0x000000000001cffc      0x434 USB_DEVICE/App/usb_device.o
 .debug_macro   0x000000000001d430       0x76 USB_DEVICE/App/usb_device.o
 .debug_macro   0x000000000001d4a6       0x22 USB_DEVICE/App/usb_device.o
 .debug_macro   0x000000000001d4c8      0x425 USB_DEVICE/App/usbd_cdc_if.o
 .debug_macro   0x000000000001d8ed      0x437 USB_DEVICE/App/usbd_desc.o
 .debug_macro   0x000000000001dd24       0x1c USB_DEVICE/App/usbd_desc.o
 .debug_macro   0x000000000001dd40      0x417 USB_DEVICE/Target/usbd_conf.o

.debug_line     0x0000000000000000    0x125f1
 .debug_line    0x0000000000000000      0xce8 Core/Src/main.o
 .debug_line    0x0000000000000ce8      0x784 Core/Src/stm32f3xx_hal_msp.o
 .debug_line    0x000000000000146c      0x7de Core/Src/stm32f3xx_it.o
 .debug_line    0x0000000000001c4a      0x722 Core/Src/system_stm32f3xx.o
 .debug_line    0x000000000000236c       0x85 Core/Startup/startup_stm32f303vctx.o
 .debug_line    0x00000000000023f1      0x8df Drivers/STM32F3xx_HAL_Driver/Src/stm32f3xx_hal.o
 .debug_line    0x0000000000002cd0      0x88e Drivers/STM32F3xx_HAL_Driver/Src/stm32f3xx_hal_adc.o
 .debug_line    0x000000000000355e     0x19dd Drivers/STM32F3xx_HAL_Driver/Src/stm32f3xx_hal_adc_ex.o
 .debug_line    0x0000000000004f3b      0xa14 Drivers/STM32F3xx_HAL_Driver/Src/stm32f3xx_hal_cortex.o
 .debug_line    0x000000000000594f      0x91e Drivers/STM32F3xx_HAL_Driver/Src/stm32f3xx_hal_dma.o
 .debug_line    0x000000000000626d      0x894 Drivers/STM32F3xx_HAL_Driver/Src/stm32f3xx_hal_gpio.o
 .debug_line    0x0000000000006b01      0xbb3 Drivers/STM32F3xx_HAL_Driver/Src/stm32f3xx_hal_pcd.o
 .debug_line    0x00000000000076b4      0x750 Drivers/STM32F3xx_HAL_Driver/Src/stm32f3xx_hal_pcd_ex.o
 .debug_line    0x0000000000007e04      0xe57 Drivers/STM32F3xx_HAL_Driver/Src/stm32f3xx_hal_rcc.o
 .debug_line    0x0000000000008c5b      0x9d0 Drivers/STM32F3xx_HAL_Driver/Src/stm32f3xx_hal_rcc_ex.o
 .debug_line    0x000000000000962b     0x1bab Drivers/STM32F3xx_HAL_Driver/Src/stm32f3xx_hal_tim.o
 .debug_line    0x000000000000b1d6      0xda5 Drivers/STM32F3xx_HAL_Driver/Src/stm32f3xx_hal_tim_ex.o
 .debug_line    0x000000000000bf7b      0xbf1 Drivers/STM32F3xx_HAL_Driver/Src/stm32f3xx_ll_usb.o
 .debug_line    0x000000000000cb6c      0xbc0 Middlewares/ST/STM32_USB_Device_Library/Class/CDC/Src/usbd_cdc.o
 .debug_line    0x000000000000d72c      0xbfb Middlewares/ST/STM32_USB_Device_Library/Core/Src/usbd_core.o
 .debug_line    0x000000000000e327      0xc84 Middlewares/ST/STM32_USB_Device_Library/Core/Src/usbd_ctlreq.o
 .debug_line    0x000000000000efab      0xa64 Middlewares/ST/STM32_USB_Device_Library/Core/Src/usbd_ioreq.o
 .debug_line    0x000000000000fa0f      0xa46 USB_DEVICE/App/usb_device.o
 .debug_line    0x0000000000010455      0xa7a USB_DEVICE/App/usbd_cdc_if.o
 .debug_line    0x0000000000010ecf      0xa98 USB_DEVICE/App/usbd_desc.o
 .debug_line    0x0000000000011967      0xc8a USB_DEVICE/Target/usbd_conf.o

.debug_str      0x0000000000000000    0xa5d7b
 .debug_str     0x0000000000000000    0xa1951 Core/Src/main.o
                                      0xa22ac (size before relaxing)
 .debug_str     0x00000000000a1951       0x84 Core/Src/stm32f3xx_hal_msp.o
                                      0x9ca8d (size before relaxing)
 .debug_str     0x00000000000a19d5      0x344 Core/Src/stm32f3xx_it.o
                                      0x9c688 (size before relaxing)
 .debug_str     0x00000000000a1d19       0xc7 Core/Src/system_stm32f3xx.o
                                      0x9be1c (size before relaxing)
 .debug_str     0x00000000000a1de0       0x36 Core/Startup/startup_stm32f303vctx.o
                                         0x69 (size before relaxing)
 .debug_str     0x00000000000a1e16      0x3cf Drivers/STM32F3xx_HAL_Driver/Src/stm32f3xx_hal.o
                                      0x9c5a4 (size before relaxing)
 .debug_str     0x00000000000a21e5      0x213 Drivers/STM32F3xx_HAL_Driver/Src/stm32f3xx_hal_adc.o
                                      0x9c433 (size before relaxing)
 .debug_str     0x00000000000a23f8      0x6f8 Drivers/STM32F3xx_HAL_Driver/Src/stm32f3xx_hal_adc_ex.o
                                      0x9ca60 (size before relaxing)
 .debug_str     0x00000000000a2af0      0x3a8 Drivers/STM32F3xx_HAL_Driver/Src/stm32f3xx_hal_cortex.o
                                      0x9c6b2 (size before relaxing)
 .debug_str     0x00000000000a2e98      0x257 Drivers/STM32F3xx_HAL_Driver/Src/stm32f3xx_hal_dma.o
                                      0x9c182 (size before relaxing)
 .debug_str     0x00000000000a30ef      0x215 Drivers/STM32F3xx_HAL_Driver/Src/stm32f3xx_hal_gpio.o
                                      0x9c06e (size before relaxing)
 .debug_str     0x00000000000a3304      0x39f Drivers/STM32F3xx_HAL_Driver/Src/stm32f3xx_hal_pcd.o
                                      0x9c42a (size before relaxing)
 .debug_str     0x00000000000a36a3      0x18d Drivers/STM32F3xx_HAL_Driver/Src/stm32f3xx_hal_pcd_ex.o
                                      0x9c216 (size before relaxing)
 .debug_str     0x00000000000a3830      0x304 Drivers/STM32F3xx_HAL_Driver/Src/stm32f3xx_hal_rcc.o
                                      0x9c276 (size before relaxing)
 .debug_str     0x00000000000a3b34       0xd8 Drivers/STM32F3xx_HAL_Driver/Src/stm32f3xx_hal_rcc_ex.o
                                      0x9c03a (size before relaxing)
 .debug_str     0x00000000000a3c0c      0xd7e Drivers/STM32F3xx_HAL_Driver/Src/stm32f3xx_hal_tim.o
                                      0x9d009 (size before relaxing)
 .debug_str     0x00000000000a498a      0x591 Drivers/STM32F3xx_HAL_Driver/Src/stm32f3xx_hal_tim_ex.o
                                      0x9c810 (size before relaxing)
 .debug_str     0x00000000000a4f1b      0x30e Drivers/STM32F3xx_HAL_Driver/Src/stm32f3xx_ll_usb.o
                                      0x9c280 (size before relaxing)
 .debug_str     0x00000000000a5229      0x293 Middlewares/ST/STM32_USB_Device_Library/Class/CDC/Src/usbd_cdc.o
                                      0xa16e4 (size before relaxing)
 .debug_str     0x00000000000a54bc      0x1b5 Middlewares/ST/STM32_USB_Device_Library/Core/Src/usbd_core.o
                                      0xa0ff8 (size before relaxing)
 .debug_str     0x00000000000a5671      0x134 Middlewares/ST/STM32_USB_Device_Library/Core/Src/usbd_ctlreq.o
                                      0xa0f7e (size before relaxing)
 .debug_str     0x00000000000a57a5       0xc9 Middlewares/ST/STM32_USB_Device_Library/Core/Src/usbd_ioreq.o
                                      0xa0f06 (size before relaxing)
 .debug_str     0x00000000000a586e       0xc2 USB_DEVICE/App/usb_device.o
                                      0xa1241 (size before relaxing)
 .debug_str     0x00000000000a5930       0xb2 USB_DEVICE/App/usbd_cdc_if.o
                                      0xa12a5 (size before relaxing)
 .debug_str     0x00000000000a59e2      0x250 USB_DEVICE/App/usbd_desc.o
                                      0xa0e69 (size before relaxing)
 .debug_str     0x00000000000a5c32      0x149 USB_DEVICE/Target/usbd_conf.o
                                      0xa1ce8 (size before relaxing)

.comment        0x0000000000000000       0x7b
 .comment       0x0000000000000000       0x7b Core/Src/main.o
                                         0x7c (size before relaxing)
 .comment       0x000000000000007b       0x7c Core/Src/stm32f3xx_hal_msp.o
 .comment       0x000000000000007b       0x7c Core/Src/stm32f3xx_it.o
 .comment       0x000000000000007b       0x7c Core/Src/system_stm32f3xx.o
 .comment       0x000000000000007b       0x7c Drivers/STM32F3xx_HAL_Driver/Src/stm32f3xx_hal.o
 .comment       0x000000000000007b       0x7c Drivers/STM32F3xx_HAL_Driver/Src/stm32f3xx_hal_adc.o
 .comment       0x000000000000007b       0x7c Drivers/STM32F3xx_HAL_Driver/Src/stm32f3xx_hal_adc_ex.o
 .comment       0x000000000000007b       0x7c Drivers/STM32F3xx_HAL_Driver/Src/stm32f3xx_hal_cortex.o
 .comment       0x000000000000007b       0x7c Drivers/STM32F3xx_HAL_Driver/Src/stm32f3xx_hal_dma.o
 .comment       0x000000000000007b       0x7c Drivers/STM32F3xx_HAL_Driver/Src/stm32f3xx_hal_gpio.o
 .comment       0x000000000000007b       0x7c Drivers/STM32F3xx_HAL_Driver/Src/stm32f3xx_hal_pcd.o
 .comment       0x000000000000007b       0x7c Drivers/STM32F3xx_HAL_Driver/Src/stm32f3xx_hal_pcd_ex.o
 .comment       0x000000000000007b       0x7c Drivers/STM32F3xx_HAL_Driver/Src/stm32f3xx_hal_rcc.o
 .comment       0x000000000000007b       0x7c Drivers/STM32F3xx_HAL_Driver/Src/stm32f3xx_hal_rcc_ex.o
 .comment       0x000000000000007b       0x7c Drivers/STM32F3xx_HAL_Driver/Src/stm32f3xx_hal_tim.o
 .comment       0x000000000000007b       0x7c Drivers/STM32F3xx_HAL_Driver/Src/stm32f3xx_hal_tim_ex.o
 .comment       0x000000000000007b       0x7c Drivers/STM32F3xx_HAL_Driver/Src/stm32f3xx_ll_usb.o
 .comment       0x000000000000007b       0x7c Middlewares/ST/STM32_USB_Device_Library/Class/CDC/Src/usbd_cdc.o
 .comment       0x000000000000007b       0x7c Middlewares/ST/STM32_USB_Device_Library/Core/Src/usbd_core.o
 .comment       0x000000000000007b       0x7c Middlewares/ST/STM32_USB_Device_Library/Core/Src/usbd_ctlreq.o
 .comment       0x000000000000007b       0x7c Middlewares/ST/STM32_USB_Device_Library/Core/Src/usbd_ioreq.o
 .comment       0x000000000000007b       0x7c USB_DEVICE/App/usb_device.o
 .comment       0x000000000000007b       0x7c USB_DEVICE/App/usbd_cdc_if.o
 .comment       0x000000000000007b       0x7c USB_DEVICE/App/usbd_desc.o
 .comment       0x000000000000007b       0x7c USB_DEVICE/Target/usbd_conf.o

.debug_frame    0x0000000000000000     0x4ea0
 .debug_frame   0x0000000000000000      0x28c Core/Src/main.o
 .debug_frame   0x000000000000028c       0xc8 Core/Src/stm32f3xx_hal_msp.o
 .debug_frame   0x0000000000000354      0x160 Core/Src/stm32f3xx_it.o
 .debug_frame   0x00000000000004b4       0x58 Core/Src/system_stm32f3xx.o
 .debug_frame   0x000000000000050c      0x334 Drivers/STM32F3xx_HAL_Driver/Src/stm32f3xx_hal.o
 .debug_frame   0x0000000000000840      0x380 Drivers/STM32F3xx_HAL_Driver/Src/stm32f3xx_hal_adc.o
 .debug_frame   0x0000000000000bc0      0x644 Drivers/STM32F3xx_HAL_Driver/Src/stm32f3xx_hal_adc_ex.o
 .debug_frame   0x0000000000001204      0x498 Drivers/STM32F3xx_HAL_Driver/Src/stm32f3xx_hal_cortex.o
 .debug_frame   0x000000000000169c      0x224 Drivers/STM32F3xx_HAL_Driver/Src/stm32f3xx_hal_dma.o
 .debug_frame   0x00000000000018c0      0x14c Drivers/STM32F3xx_HAL_Driver/Src/stm32f3xx_hal_gpio.o
 .debug_frame   0x0000000000001a0c      0x500 Drivers/STM32F3xx_HAL_Driver/Src/stm32f3xx_hal_pcd.o
 .debug_frame   0x0000000000001f0c       0xb0 Drivers/STM32F3xx_HAL_Driver/Src/stm32f3xx_hal_pcd_ex.o
 .debug_frame   0x0000000000001fbc      0x214 Drivers/STM32F3xx_HAL_Driver/Src/stm32f3xx_hal_rcc.o
 .debug_frame   0x00000000000021d0       0xb4 Drivers/STM32F3xx_HAL_Driver/Src/stm32f3xx_hal_rcc_ex.o
 .debug_frame   0x0000000000002284     0x1190 Drivers/STM32F3xx_HAL_Driver/Src/stm32f3xx_hal_tim.o