Archive member included to satisfy reference by file (symbol)

/home/naudotvardis/.eclipse/com.st.stm32cube.ide.mcu.rcp.product_1.5.0_1935173080_linux_gtk_x86_64/plugins/com.st.stm32cube.ide.mcu.externaltools.gnu-tools-for-stm32.9-2020-q2-update.linux64_1.5.0.202011040924/tools/bin/../lib/gcc/arm-none-eabi/9.3.1/../../../../arm-none-eabi/lib/thumb/v7e-m+fp/hard/libc_nano.a(lib_a-errno.o)
                              Core/Src/syscalls.o (__errno)
/home/naudotvardis/.eclipse/com.st.stm32cube.ide.mcu.rcp.product_1.5.0_1935173080_linux_gtk_x86_64/plugins/com.st.stm32cube.ide.mcu.externaltools.gnu-tools-for-stm32.9-2020-q2-update.linux64_1.5.0.202011040924/tools/bin/../lib/gcc/arm-none-eabi/9.3.1/../../../../arm-none-eabi/lib/thumb/v7e-m+fp/hard/libc_nano.a(lib_a-exit.o)
                              /home/naudotvardis/.eclipse/com.st.stm32cube.ide.mcu.rcp.product_1.5.0_1935173080_linux_gtk_x86_64/plugins/com.st.stm32cube.ide.mcu.externaltools.gnu-tools-for-stm32.9-2020-q2-update.linux64_1.5.0.202011040924/tools/bin/../lib/gcc/arm-none-eabi/9.3.1/../../../../arm-none-eabi/lib/thumb/v7e-m+fp/hard/crt0.o (exit)
/home/naudotvardis/.eclipse/com.st.stm32cube.ide.mcu.rcp.product_1.5.0_1935173080_linux_gtk_x86_64/plugins/com.st.stm32cube.ide.mcu.externaltools.gnu-tools-for-stm32.9-2020-q2-update.linux64_1.5.0.202011040924/tools/bin/../lib/gcc/arm-none-eabi/9.3.1/../../../../arm-none-eabi/lib/thumb/v7e-m+fp/hard/libc_nano.a(lib_a-impure.o)
                              /home/naudotvardis/.eclipse/com.st.stm32cube.ide.mcu.rcp.product_1.5.0_1935173080_linux_gtk_x86_64/plugins/com.st.stm32cube.ide.mcu.externaltools.gnu-tools-for-stm32.9-2020-q2-update.linux64_1.5.0.202011040924/tools/bin/../lib/gcc/arm-none-eabi/9.3.1/../../../../arm-none-eabi/lib/thumb/v7e-m+fp/hard/libc_nano.a(lib_a-exit.o) (_global_impure_ptr)
/home/naudotvardis/.eclipse/com.st.stm32cube.ide.mcu.rcp.product_1.5.0_1935173080_linux_gtk_x86_64/plugins/com.st.stm32cube.ide.mcu.externaltools.gnu-tools-for-stm32.9-2020-q2-update.linux64_1.5.0.202011040924/tools/bin/../lib/gcc/arm-none-eabi/9.3.1/../../../../arm-none-eabi/lib/thumb/v7e-m+fp/hard/libc_nano.a(lib_a-init.o)
                              /home/naudotvardis/.eclipse/com.st.stm32cube.ide.mcu.rcp.product_1.5.0_1935173080_linux_gtk_x86_64/plugins/com.st.stm32cube.ide.mcu.externaltools.gnu-tools-for-stm32.9-2020-q2-update.linux64_1.5.0.202011040924/tools/bin/../lib/gcc/arm-none-eabi/9.3.1/../../../../arm-none-eabi/lib/thumb/v7e-m+fp/hard/crt0.o (__libc_init_array)
/home/naudotvardis/.eclipse/com.st.stm32cube.ide.mcu.rcp.product_1.5.0_1935173080_linux_gtk_x86_64/plugins/com.st.stm32cube.ide.mcu.externaltools.gnu-tools-for-stm32.9-2020-q2-update.linux64_1.5.0.202011040924/tools/bin/../lib/gcc/arm-none-eabi/9.3.1/../../../../arm-none-eabi/lib/thumb/v7e-m+fp/hard/libc_nano.a(lib_a-memset.o)
                              /home/naudotvardis/.eclipse/com.st.stm32cube.ide.mcu.rcp.product_1.5.0_1935173080_linux_gtk_x86_64/plugins/com.st.stm32cube.ide.mcu.externaltools.gnu-tools-for-stm32.9-2020-q2-update.linux64_1.5.0.202011040924/tools/bin/../lib/gcc/arm-none-eabi/9.3.1/../../../../arm-none-eabi/lib/thumb/v7e-m+fp/hard/crt0.o (memset)
/home/naudotvardis/.eclipse/com.st.stm32cube.ide.mcu.rcp.product_1.5.0_1935173080_linux_gtk_x86_64/plugins/com.st.stm32cube.ide.mcu.externaltools.gnu-tools-for-stm32.9-2020-q2-update.linux64_1.5.0.202011040924/tools/bin/../lib/gcc/arm-none-eabi/9.3.1/../../../../arm-none-eabi/lib/thumb/v7e-m+fp/hard/libm.a(lib_a-s_sin.o)
                              Core/Src/main.o (sin)
/home/naudotvardis/.eclipse/com.st.stm32cube.ide.mcu.rcp.product_1.5.0_1935173080_linux_gtk_x86_64/plugins/com.st.stm32cube.ide.mcu.externaltools.gnu-tools-for-stm32.9-2020-q2-update.linux64_1.5.0.202011040924/tools/bin/../lib/gcc/arm-none-eabi/9.3.1/../../../../arm-none-eabi/lib/thumb/v7e-m+fp/hard/libm.a(lib_a-e_rem_pio2.o)
                              /home/naudotvardis/.eclipse/com.st.stm32cube.ide.mcu.rcp.product_1.5.0_1935173080_linux_gtk_x86_64/plugins/com.st.stm32cube.ide.mcu.externaltools.gnu-tools-for-stm32.9-2020-q2-update.linux64_1.5.0.202011040924/tools/bin/../lib/gcc/arm-none-eabi/9.3.1/../../../../arm-none-eabi/lib/thumb/v7e-m+fp/hard/libm.a(lib_a-s_sin.o) (__ieee754_rem_pio2)
/home/naudotvardis/.eclipse/com.st.stm32cube.ide.mcu.rcp.product_1.5.0_1935173080_linux_gtk_x86_64/plugins/com.st.stm32cube.ide.mcu.externaltools.gnu-tools-for-stm32.9-2020-q2-update.linux64_1.5.0.202011040924/tools/bin/../lib/gcc/arm-none-eabi/9.3.1/../../../../arm-none-eabi/lib/thumb/v7e-m+fp/hard/libm.a(lib_a-k_cos.o)
                              /home/naudotvardis/.eclipse/com.st.stm32cube.ide.mcu.rcp.product_1.5.0_1935173080_linux_gtk_x86_64/plugins/com.st.stm32cube.ide.mcu.externaltools.gnu-tools-for-stm32.9-2020-q2-update.linux64_1.5.0.202011040924/tools/bin/../lib/gcc/arm-none-eabi/9.3.1/../../../../arm-none-eabi/lib/thumb/v7e-m+fp/hard/libm.a(lib_a-s_sin.o) (__kernel_cos)
[...]
Memory Configuration

Name             Origin             Length             Attributes
CCMRAM           0x0000000010000000 0x0000000000002000 xrw
RAM              0x0000000020000000 0x000000000000a000 xrw
FLASH            0x0000000008000000 0x0000000000040000 xr
*default*        0x0000000000000000 0xffffffffffffffff

Linker script and memory map

LOAD /home/naudotvardis/.eclipse/com.st.stm32cube.ide.mcu.rcp.product_1.5.0_1935173080_linux_gtk_x86_64/plugins/com.st.stm32cube.ide.mcu.externaltools.gnu-tools-for-stm32.9-2020-q2-update.linux64_1.5.0.202011040924/tools/bin/../lib/gcc/arm-none-eabi/9.3.1/thumb/v7e-m+fp/hard/crti.o
LOAD /home/naudotvardis/.eclipse/com.st.stm32cube.ide.mcu.rcp.product_1.5.0_1935173080_linux_gtk_x86_64/plugins/com.st.stm32cube.ide.mcu.externaltools.gnu-tools-for-stm32.9-2020-q2-update.linux64_1.5.0.202011040924/tools/bin/../lib/gcc/arm-none-eabi/9.3.1/thumb/v7e-m+fp/hard/crtbegin.o
LOAD /home/naudotvardis/.eclipse/com.st.stm32cube.ide.mcu.rcp.product_1.5.0_1935173080_linux_gtk_x86_64/plugins/com.st.stm32cube.ide.mcu.externaltools.gnu-tools-for-stm32.9-2020-q2-update.linux64_1.5.0.202011040924/tools/bin/../lib/gcc/arm-none-eabi/9.3.1/../../../../arm-none-eabi/lib/thumb/v7e-m+fp/hard/crt0.o
LOAD Core/Src/adc.o
LOAD Core/Src/dac.o
LOAD Core/Src/dma.o
LOAD Core/Src/gpio.o
LOAD Core/Src/main.o
LOAD Core/Src/stm32f3xx_hal_msp.o
LOAD Core/Src/stm32f3xx_it.o
LOAD Core/Src/syscalls.o
LOAD Core/Src/sysmem.o
LOAD Core/Src/system_stm32f3xx.o
LOAD Core/Src/tim.o
LOAD Core/Startup/startup_stm32f303vctx.o
LOAD Drivers/STM32F3xx_HAL_Driver/Src/stm32f3xx_hal.o
LOAD Drivers/STM32F3xx_HAL_Driver/Src/stm32f3xx_hal_adc.o
LOAD Drivers/STM32F3xx_HAL_Driver/Src/stm32f3xx_hal_adc_ex.o
LOAD Drivers/STM32F3xx_HAL_Driver/Src/stm32f3xx_hal_cortex.o
LOAD Drivers/STM32F3xx_HAL_Driver/Src/stm32f3xx_hal_dac.o
LOAD Drivers/STM32F3xx_HAL_Driver/Src/stm32f3xx_hal_dac_ex.o
LOAD Drivers/STM32F3xx_HAL_Driver/Src/stm32f3xx_hal_dma.o
LOAD Drivers/STM32F3xx_HAL_Driver/Src/stm32f3xx_hal_exti.o
LOAD Drivers/STM32F3xx_HAL_Driver/Src/stm32f3xx_hal_flash.o
LOAD Drivers/STM32F3xx_HAL_Driver/Src/stm32f3xx_hal_flash_ex.o
LOAD Drivers/STM32F3xx_HAL_Driver/Src/stm32f3xx_hal_gpio.o
LOAD Drivers/STM32F3xx_HAL_Driver/Src/stm32f3xx_hal_i2c.o
LOAD Drivers/STM32F3xx_HAL_Driver/Src/stm32f3xx_hal_i2c_ex.o
LOAD Drivers/STM32F3xx_HAL_Driver/Src/stm32f3xx_hal_pcd.o
LOAD Drivers/STM32F3xx_HAL_Driver/Src/stm32f3xx_hal_pcd_ex.o
LOAD Drivers/STM32F3xx_HAL_Driver/Src/stm32f3xx_hal_pwr.o
LOAD Drivers/STM32F3xx_HAL_Driver/Src/stm32f3xx_hal_pwr_ex.o
LOAD Drivers/STM32F3xx_HAL_Driver/Src/stm32f3xx_hal_rcc.o
LOAD Drivers/STM32F3xx_HAL_Driver/Src/stm32f3xx_hal_rcc_ex.o
LOAD Drivers/STM32F3xx_HAL_Driver/Src/stm32f3xx_hal_tim.o
LOAD Drivers/STM32F3xx_HAL_Driver/Src/stm32f3xx_hal_tim_ex.o
LOAD Drivers/STM32F3xx_HAL_Driver/Src/stm32f3xx_ll_usb.o
LOAD Middlewares/ST/STM32_USB_Device_Library/Class/CDC/Src/usbd_cdc.o
LOAD Middlewares/ST/STM32_USB_Device_Library/Core/Src/usbd_core.o
LOAD Middlewares/ST/STM32_USB_Device_Library/Core/Src/usbd_ctlreq.o
LOAD Middlewares/ST/STM32_USB_Device_Library/Core/Src/usbd_ioreq.o
LOAD USB_DEVICE/App/usb_device.o
LOAD USB_DEVICE/App/usbd_cdc_if.o
LOAD USB_DEVICE/App/usbd_desc.o
LOAD USB_DEVICE/Target/usbd_conf.o
START GROUP
LOAD /home/naudotvardis/.eclipse/com.st.stm32cube.ide.mcu.rcp.product_1.5.0_1935173080_linux_gtk_x86_64/plugins/com.st.stm32cube.ide.mcu.externaltools.gnu-tools-for-stm32.9-2020-q2-update.linux64_1.5.0.202011040924/tools/bin/../lib/gcc/arm-none-eabi/9.3.1/../../../../arm-none-eabi/lib/thumb/v7e-m+fp/hard/libc_nano.a
LOAD /home/naudotvardis/.eclipse/com.st.stm32cube.ide.mcu.rcp.product_1.5.0_1935173080_linux_gtk_x86_64/plugins/com.st.stm32cube.ide.mcu.externaltools.gnu-tools-for-stm32.9-2020-q2-update.linux64_1.5.0.202011040924/tools/bin/../lib/gcc/arm-none-eabi/9.3.1/../../../../arm-none-eabi/lib/thumb/v7e-m+fp/hard/libm.a
END GROUP
START GROUP
LOAD /home/naudotvardis/.eclipse/com.st.stm32cube.ide.mcu.rcp.product_1.5.0_1935173080_linux_gtk_x86_64/plugins/com.st.stm32cube.ide.mcu.externaltools.gnu-tools-for-stm32.9-2020-q2-update.linux64_1.5.0.202011040924/tools/bin/../lib/gcc/arm-none-eabi/9.3.1/thumb/v7e-m+fp/hard/libgcc.a
LOAD /home/naudotvardis/.eclipse/com.st.stm32cube.ide.mcu.rcp.product_1.5.0_1935173080_linux_gtk_x86_64/plugins/com.st.stm32cube.ide.mcu.externaltools.gnu-tools-for-stm32.9-2020-q2-update.linux64_1.5.0.202011040924/tools/bin/../lib/gcc/arm-none-eabi/9.3.1/../../../../arm-none-eabi/lib/thumb/v7e-m+fp/hard/libc_nano.a
END GROUP
START GROUP
LOAD /home/naudotvardis/.eclipse/com.st.stm32cube.ide.mcu.rcp.product_1.5.0_1935173080_linux_gtk_x86_64/plugins/com.st.stm32cube.ide.mcu.externaltools.gnu-tools-for-stm32.9-2020-q2-update.linux64_1.5.0.202011040924/tools/bin/../lib/gcc/arm-none-eabi/9.3.1/thumb/v7e-m+fp/hard/libgcc.a
LOAD /home/naudotvardis/.eclipse/com.st.stm32cube.ide.mcu.rcp.product_1.5.0_1935173080_linux_gtk_x86_64/plugins/com.st.stm32cube.ide.mcu.externaltools.gnu-tools-for-stm32.9-2020-q2-update.linux64_1.5.0.202011040924/tools/bin/../lib/gcc/arm-none-eabi/9.3.1/../../../../arm-none-eabi/lib/thumb/v7e-m+fp/hard/libc_nano.a
LOAD /home/naudotvardis/.eclipse/com.st.stm32cube.ide.mcu.rcp.product_1.5.0_1935173080_linux_gtk_x86_64/plugins/com.st.stm32cube.ide.mcu.externaltools.gnu-tools-for-stm32.9-2020-q2-update.linux64_1.5.0.202011040924/tools/bin/../lib/gcc/arm-none-eabi/9.3.1/../../../../arm-none-eabi/lib/thumb/v7e-m+fp/hard/libnosys.a
END GROUP
START GROUP
LOAD /home/naudotvardis/.eclipse/com.st.stm32cube.ide.mcu.rcp.product_1.5.0_1935173080_linux_gtk_x86_64/plugins/com.st.stm32cube.ide.mcu.externaltools.gnu-tools-for-stm32.9-2020-q2-update.linux64_1.5.0.202011040924/tools/bin/../lib/gcc/arm-none-eabi/9.3.1/thumb/v7e-m+fp/hard/libgcc.a
LOAD /home/naudotvardis/.eclipse/com.st.stm32cube.ide.mcu.rcp.product_1.5.0_1935173080_linux_gtk_x86_64/plugins/com.st.stm32cube.ide.mcu.externaltools.gnu-tools-for-stm32.9-2020-q2-update.linux64_1.5.0.202011040924/tools/bin/../lib/gcc/arm-none-eabi/9.3.1/../../../../arm-none-eabi/lib/thumb/v7e-m+fp/hard/libc_nano.a
LOAD /home/naudotvardis/.eclipse/com.st.stm32cube.ide.mcu.rcp.product_1.5.0_1935173080_linux_gtk_x86_64/plugins/com.st.stm32cube.ide.mcu.externaltools.gnu-tools-for-stm32.9-2020-q2-update.linux64_1.5.0.202011040924/tools/bin/../lib/gcc/arm-none-eabi/9.3.1/../../../../arm-none-eabi/lib/thumb/v7e-m+fp/hard/libnosys.a
END GROUP
LOAD /home/naudotvardis/.eclipse/com.st.stm32cube.ide.mcu.rcp.product_1.5.0_1935173080_linux_gtk_x86_64/plugins/com.st.stm32cube.ide.mcu.externaltools.gnu-tools-for-stm32.9-2020-q2-update.linux64_1.5.0.202011040924/tools/bin/../lib/gcc/arm-none-eabi/9.3.1/thumb/v7e-m+fp/hard/crtend.o
LOAD /home/naudotvardis/.eclipse/com.st.stm32cube.ide.mcu.rcp.product_1.5.0_1935173080_linux_gtk_x86_64/plugins/com.st.stm32cube.ide.mcu.externaltools.gnu-tools-for-stm32.9-2020-q2-update.linux64_1.5.0.202011040924/tools/bin/../lib/gcc/arm-none-eabi/9.3.1/thumb/v7e-m+fp/hard/crtn.o
                0x000000002000a000                _estack = (ORIGIN (RAM) + LENGTH (RAM))
                0x0000000000000200                _Min_Heap_Size = 0x200
                0x0000000000000400                _Min_Stack_Size = 0x400

.isr_vector     0x0000000008000000      0x188
                0x0000000008000000                . = ALIGN (0x4)
 *(.isr_vector)
 .isr_vector    0x0000000008000000      0x188 Core/Startup/startup_stm32f303vctx.o
                0x0000000008000000                g_pfnVectors
                0x0000000008000188                . = ALIGN (0x4)

.text           0x0000000008000188     0xc5d4
                0x0000000008000188                . = ALIGN (0x4)
 *(.text)
 .text          0x0000000008000188       0x40 /home/naudotvardis/.eclipse/com.st.stm32cube.ide.mcu.rcp.product_1.5.0_1935173080_linux_gtk_x86_64/plugins/com.st.stm32cube.ide.mcu.externaltools.gnu-tools-for-stm32.9-2020-q2-update.linux64_1.5.0.202011040924/tools/bin/../lib/gcc/arm-none-eabi/9.3.1/thumb/v7e-m+fp/hard/crtbegin.o
 .text          0x00000000080001c8      0x378 /home/naudotvardis/.eclipse/com.st.stm32cube.ide.mcu.rcp.product_1.5.0_1935173080_linux_gtk_x86_64/plugins/com.st.stm32cube.ide.mcu.externaltools.gnu-tools-for-stm32.9-2020-q2-update.linux64_1.5.0.202011040924/tools/bin/../lib/gcc/arm-none-eabi/9.3.1/thumb/v7e-m+fp/hard/libgcc.a(_arm_addsubdf3.o)
                0x00000000080001c8                __aeabi_drsub
                0x00000000080001d0                __aeabi_dsub
                0x00000000080001d0                __subdf3
                0x00000000080001d4                __adddf3
                0x00000000080001d4                __aeabi_dadd
                0x000000000800044c                __aeabi_ui2d
                0x000000000800044c                __floatunsidf
                0x000000000800046c                __floatsidf
                0x000000000800046c                __aeabi_i2d
                0x0000000008000490                __extendsfdf2
                0x0000000008000490                __aeabi_f2d
                0x00000000080004d4                __aeabi_ul2d
                0x00000000080004d4                __floatundidf
                0x00000000080004e4                __floatdidf
                0x00000000080004e4                __aeabi_l2d
 .text          0x0000000008000540      0x424 /home/naudotvardis/.eclipse/com.st.stm32cube.ide.mcu.rcp.product_1.5.0_1935173080_linux_gtk_x86_64/plugins/com.st.stm32cube.ide.mcu.externaltools.gnu-tools-for-stm32.9-2020-q2-update.linux64_1.5.0.202011040924/tools/bin/../lib/gcc/arm-none-eabi/9.3.1/thumb/v7e-m+fp/hard/libgcc.a(_arm_muldivdf3.o)
                0x0000000008000540                __aeabi_dmul
                0x0000000008000540                __muldf3
                0x0000000008000794                __aeabi_ddiv
                0x0000000008000794                __divdf3
 .text          0x0000000008000964      0x110 /home/naudotvardis/.eclipse/com.st.stm32cube.ide.mcu.rcp.product_1.5.0_1935173080_linux_gtk_x86_64/plugins/com.st.stm32cube.ide.mcu.externaltools.gnu-tools-for-stm32.9-2020-q2-update.linux64_1.5.0.202011040924/tools/bin/../lib/gcc/arm-none-eabi/9.3.1/thumb/v7e-m+fp/hard/libgcc.a(_arm_cmpdf2.o)
                0x0000000008000964                __gtdf2
                0x0000000008000964                __gedf2
                0x000000000800096c                __ltdf2
                0x000000000800096c                __ledf2
                0x0000000008000974                __cmpdf2
                0x0000000008000974                __eqdf2
                0x0000000008000974                __nedf2
                0x00000000080009f0                __aeabi_cdrcmple
                0x0000000008000a00                __aeabi_cdcmple
                0x0000000008000a00                __aeabi_cdcmpeq
                0x0000000008000a10                __aeabi_dcmpeq
                0x0000000008000a24                __aeabi_dcmplt
                0x0000000008000a38                __aeabi_dcmple
                0x0000000008000a4c                __aeabi_dcmpge
                0x0000000008000a60                __aeabi_dcmpgt
 .text          0x0000000008000a74       0x50 /home/naudotvardis/.eclipse/com.st.stm32cube.ide.mcu.rcp.product_1.5.0_1935173080_linux_gtk_x86_64/plugins/com.st.stm32cube.ide.mcu.externaltools.gnu-tools-for-stm32.9-2020-q2-update.linux64_1.5.0.202011040924/tools/bin/../lib/gcc/arm-none-eabi/9.3.1/thumb/v7e-m+fp/hard/libgcc.a(_arm_fixdfsi.o)
                0x0000000008000a74                __fixdfsi
                0x0000000008000a74                __aeabi_d2iz
 .text          0x0000000008000ac4       0x40 /home/naudotvardis/.eclipse/com.st.stm32cube.ide.mcu.rcp.product_1.5.0_1935173080_linux_gtk_x86_64/plugins/com.st.stm32cube.ide.mcu.externaltools.gnu-tools-for-stm32.9-2020-q2-update.linux64_1.5.0.202011040924/tools/bin/../lib/gcc/arm-none-eabi/9.3.1/thumb/v7e-m+fp/hard/libgcc.a(_arm_fixunsdfsi.o)
                0x0000000008000ac4                __fixunsdfsi
                0x0000000008000ac4                __aeabi_d2uiz
 *(.text*)
 .text.MX_ADC2_Init
                0x0000000008000b04      0x1bc Core/Src/adc.o
                0x0000000008000b04                MX_ADC2_Init
 .text.HAL_ADC_MspInit
                0x0000000008000cc0      0x13c Core/Src/adc.o
                0x0000000008000cc0                HAL_ADC_MspInit
 .text.MX_DAC_Init
                0x0000000008000dfc       0x54 Core/Src/dac.o
                0x0000000008000dfc                MX_DAC_Init
 .text.HAL_DAC_MspInit
                0x0000000008000e50       0xf8 Core/Src/dac.o
                0x0000000008000e50                HAL_DAC_MspInit
 .text.MX_DMA_Init
                0x0000000008000f48       0x64 Core/Src/dma.o
                0x0000000008000f48                MX_DMA_Init
 .text.MX_GPIO_Init
                0x0000000008000fac       0xf4 Core/Src/gpio.o
                0x0000000008000fac                MX_GPIO_Init
 .text.HAL_ADC_ConvCpltCallback
                0x00000000080010a0       0x24 Core/Src/main.o
                0x00000000080010a0                HAL_ADC_ConvCpltCallback
 .text.CDC_ReceiveCallback
                0x00000000080010c4       0x34 Core/Src/main.o
                0x00000000080010c4                CDC_ReceiveCallback
 .text.main     0x00000000080010f8      0x288 Core/Src/main.o
                0x00000000080010f8                main
 .text.SystemClock_Config
                0x0000000008001380       0xc0 Core/Src/main.o
                0x0000000008001380                SystemClock_Config
 .text.generateSine
                0x0000000008001440       0xc8 Core/Src/main.o
                0x0000000008001440                generateSine
 .text.ledsToggle
                0x0000000008001508       0x20 Core/Src/main.o
                0x0000000008001508                ledsToggle
 .text.delay    0x0000000008001528       0x34 Core/Src/main.o
                0x0000000008001528                delay
 .text.Set_Pin_Output
                0x000000000800155c       0x3c Core/Src/main.o
                0x000000000800155c                Set_Pin_Output
 .text.Set_Pin_Input
                0x0000000008001598       0x3c Core/Src/main.o
                0x0000000008001598                Set_Pin_Input
 .text.DS18B20_Start
                0x00000000080015d4       0x60 Core/Src/main.o
                0x00000000080015d4                DS18B20_Start
 .text.DS18B20_Write
                0x0000000008001634       0x8c Core/Src/main.o
                0x0000000008001634                DS18B20_Write
 .text.DS18B20_Read
                0x00000000080016c0       0x84 Core/Src/main.o
                0x00000000080016c0                DS18B20_Read
 .text.measTemp
                0x0000000008001744       0xd8 Core/Src/main.o
                0x0000000008001744                measTemp
 .text.Error_Handler
                0x000000000800181c        0xe Core/Src/main.o
                0x000000000800181c                Error_Handler
 *fill*         0x000000000800182a        0x2 
 .text.HAL_MspInit
                0x000000000800182c       0x48 Core/Src/stm32f3xx_hal_msp.o
                0x000000000800182c                HAL_MspInit
 .text.NMI_Handler
                0x0000000008001874        0xe Core/Src/stm32f3xx_it.o
                0x0000000008001874                NMI_Handler
 .text.HardFault_Handler
                0x0000000008001882        0x6 Core/Src/stm32f3xx_it.o
                0x0000000008001882                HardFault_Handler
 .text.MemManage_Handler
                0x0000000008001888        0x6 Core/Src/stm32f3xx_it.o
                0x0000000008001888                MemManage_Handler
 .text.BusFault_Handler
                0x000000000800188e        0x6 Core/Src/stm32f3xx_it.o
                0x000000000800188e                BusFault_Handler
 .text.UsageFault_Handler
                0x0000000008001894        0x6 Core/Src/stm32f3xx_it.o
                0x0000000008001894                UsageFault_Handler
 .text.SVC_Handler
                0x000000000800189a        0xe Core/Src/stm32f3xx_it.o
                0x000000000800189a                SVC_Handler
 .text.DebugMon_Handler
                0x00000000080018a8        0xe Core/Src/stm32f3xx_it.o
                0x00000000080018a8                DebugMon_Handler
 .text.PendSV_Handler
                0x00000000080018b6        0xe Core/Src/stm32f3xx_it.o
                0x00000000080018b6                PendSV_Handler
 .text.SysTick_Handler
                0x00000000080018c4        0xc Core/Src/stm32f3xx_it.o
                0x00000000080018c4                SysTick_Handler
 .text.DMA1_Channel3_IRQHandler
                0x00000000080018d0       0x14 Core/Src/stm32f3xx_it.o
                0x00000000080018d0                DMA1_Channel3_IRQHandler
 .text.USB_LP_CAN_RX0_IRQHandler
                0x00000000080018e4       0x14 Core/Src/stm32f3xx_it.o
                0x00000000080018e4                USB_LP_CAN_RX0_IRQHandler
 .text.TIM6_DAC_IRQHandler
                0x00000000080018f8       0x1c Core/Src/stm32f3xx_it.o
                0x00000000080018f8                TIM6_DAC_IRQHandler
 .text.DMA2_Channel1_IRQHandler
                0x0000000008001914       0x14 Core/Src/stm32f3xx_it.o
                0x0000000008001914                DMA2_Channel1_IRQHandler
 .text.SystemInit
                0x0000000008001928       0x2c Core/Src/system_stm32f3xx.o
                0x0000000008001928                SystemInit
 .text.MX_TIM3_Init
                0x0000000008001954       0xec Core/Src/tim.o
                0x0000000008001954                MX_TIM3_Init
 .text.MX_TIM6_Init
                0x0000000008001a40       0x6c Core/Src/tim.o
                0x0000000008001a40                MX_TIM6_Init
 .text.MX_TIM7_Init
                0x0000000008001aac       0x6c Core/Src/tim.o
                0x0000000008001aac                MX_TIM7_Init
 .text.HAL_TIM_Base_MspInit
                0x0000000008001b18       0x9c Core/Src/tim.o
                0x0000000008001b18                HAL_TIM_Base_MspInit
 .text.Reset_Handler
                0x0000000008001bb4       0x50 Core/Startup/startup_stm32f303vctx.o
                0x0000000008001bb4                Reset_Handler
 .text.Default_Handler
                0x0000000008001c04        0x2 Core/Startup/startup_stm32f303vctx.o
                0x0000000008001c04                RTC_Alarm_IRQHandler
                0x0000000008001c04                TIM8_TRG_COM_IRQHandler
                0x0000000008001c04                TIM8_CC_IRQHandler
                0x0000000008001c04                TIM1_CC_IRQHandler
                0x0000000008001c04                USB_HP_IRQHandler
                0x0000000008001c04                PVD_IRQHandler
                0x0000000008001c04                TAMP_STAMP_IRQHandler
                0x0000000008001c04                EXTI3_IRQHandler
                0x0000000008001c04                USB_HP_CAN_TX_IRQHandler
                0x0000000008001c04                EXTI0_IRQHandler
                0x0000000008001c04                I2C2_EV_IRQHandler
                0x0000000008001c04                FPU_IRQHandler
                0x0000000008001c04                TIM1_UP_TIM16_IRQHandler
                0x0000000008001c04                ADC1_2_IRQHandler
                0x0000000008001c04                SPI1_IRQHandler
                0x0000000008001c04                CAN_SCE_IRQHandler
                0x0000000008001c04                TIM8_UP_IRQHandler
                0x0000000008001c04                DMA2_Channel2_IRQHandler
                0x0000000008001c04                DMA1_Channel4_IRQHandler
                0x0000000008001c04                USART3_IRQHandler
                0x0000000008001c04                DMA1_Channel7_IRQHandler
                0x0000000008001c04                UART5_IRQHandler
                0x0000000008001c04                ADC3_IRQHandler
                0x0000000008001c04                TIM4_IRQHandler
                0x0000000008001c04                CAN_RX1_IRQHandler
                0x0000000008001c04                I2C1_EV_IRQHandler
                0x0000000008001c04                DMA1_Channel6_IRQHandler
                0x0000000008001c04                UART4_IRQHandler
                0x0000000008001c04                DMA2_Channel4_IRQHandler
                0x0000000008001c04                TIM3_IRQHandler
                0x0000000008001c04                RCC_IRQHandler
                0x0000000008001c04                DMA1_Channel1_IRQHandler
                0x0000000008001c04                Default_Handler
                0x0000000008001c04                USBWakeUp_RMP_IRQHandler
                0x0000000008001c04                EXTI15_10_IRQHandler
                0x0000000008001c04                TIM7_IRQHandler
                0x0000000008001c04                EXTI9_5_IRQHandler
                0x0000000008001c04                RTC_WKUP_IRQHandler
                0x0000000008001c04                SPI2_IRQHandler
                0x0000000008001c04                DMA2_Channel5_IRQHandler
                0x0000000008001c04                DMA1_Channel5_IRQHandler
                0x0000000008001c04                USB_LP_IRQHandler
                0x0000000008001c04                EXTI4_IRQHandler
                0x0000000008001c04                TIM1_TRG_COM_TIM17_IRQHandler
                0x0000000008001c04                ADC4_IRQHandler
                0x0000000008001c04                WWDG_IRQHandler
                0x0000000008001c04                TIM2_IRQHandler
                0x0000000008001c04                COMP7_IRQHandler
                0x0000000008001c04                COMP1_2_3_IRQHandler
                0x0000000008001c04                EXTI1_IRQHandler
                0x0000000008001c04                USART2_IRQHandler
                0x0000000008001c04                COMP4_5_6_IRQHandler
                0x0000000008001c04                I2C2_ER_IRQHandler
                0x0000000008001c04                DMA1_Channel2_IRQHandler
                0x0000000008001c04                TIM8_BRK_IRQHandler
                0x0000000008001c04                FLASH_IRQHandler
                0x0000000008001c04                USART1_IRQHandler
                0x0000000008001c04                SPI3_IRQHandler
                0x0000000008001c04                I2C1_ER_IRQHandler
                0x0000000008001c04                USBWakeUp_IRQHandler
                0x0000000008001c04                DMA2_Channel3_IRQHandler
                0x0000000008001c04                EXTI2_TSC_IRQHandler
                0x0000000008001c04                TIM1_BRK_TIM15_IRQHandler
 *fill*         0x0000000008001c06        0x2 
 .text.HAL_Init
                0x0000000008001c08       0x2c Drivers/STM32F3xx_HAL_Driver/Src/stm32f3xx_hal.o
                0x0000000008001c08                HAL_Init
 .text.HAL_InitTick
                0x0000000008001c34       0x60 Drivers/STM32F3xx_HAL_Driver/Src/stm32f3xx_hal.o
                0x0000000008001c34                HAL_InitTick
 .text.HAL_IncTick
                0x0000000008001c94       0x28 Drivers/STM32F3xx_HAL_Driver/Src/stm32f3xx_hal.o
                0x0000000008001c94                HAL_IncTick
 .text.HAL_GetTick
                0x0000000008001cbc       0x18 Drivers/STM32F3xx_HAL_Driver/Src/stm32f3xx_hal.o
                0x0000000008001cbc                HAL_GetTick
 .text.HAL_Delay
                0x0000000008001cd4       0x48 Drivers/STM32F3xx_HAL_Driver/Src/stm32f3xx_hal.o
                0x0000000008001cd4                HAL_Delay
 .text.HAL_ADC_ConvHalfCpltCallback
                0x0000000008001d1c       0x14 Drivers/STM32F3xx_HAL_Driver/Src/stm32f3xx_hal_adc.o
                0x0000000008001d1c                HAL_ADC_ConvHalfCpltCallback
 .text.HAL_ADC_ErrorCallback
                0x0000000008001d30       0x14 Drivers/STM32F3xx_HAL_Driver/Src/stm32f3xx_hal_adc.o
                0x0000000008001d30                HAL_ADC_ErrorCallback
 .text.HAL_ADC_Init
                0x0000000008001d44      0x3c0 Drivers/STM32F3xx_HAL_Driver/Src/stm32f3xx_hal_adc_ex.o
                0x0000000008001d44                HAL_ADC_Init
 .text.HAL_ADC_Start_DMA
                0x0000000008002104      0x238 Drivers/STM32F3xx_HAL_Driver/Src/stm32f3xx_hal_adc_ex.o
                0x0000000008002104                HAL_ADC_Start_DMA
 .text.HAL_ADC_ConfigChannel
                0x000000000800233c      0x5d8 Drivers/STM32F3xx_HAL_Driver/Src/stm32f3xx_hal_adc_ex.o
                0x000000000800233c                HAL_ADC_ConfigChannel
 .text.ADC_DMAConvCplt
                0x0000000008002914       0x7a Drivers/STM32F3xx_HAL_Driver/Src/stm32f3xx_hal_adc_ex.o
 .text.ADC_DMAHalfConvCplt
                0x000000000800298e       0x1c Drivers/STM32F3xx_HAL_Driver/Src/stm32f3xx_hal_adc_ex.o
 .text.ADC_DMAError
                0x00000000080029aa       0x34 Drivers/STM32F3xx_HAL_Driver/Src/stm32f3xx_hal_adc_ex.o
 *fill*         0x00000000080029de        0x2 
 .text.ADC_Enable
                0x00000000080029e0       0xbc Drivers/STM32F3xx_HAL_Driver/Src/stm32f3xx_hal_adc_ex.o
 .text.ADC_Disable
                0x0000000008002a9c       0xbe Drivers/STM32F3xx_HAL_Driver/Src/stm32f3xx_hal_adc_ex.o
 *fill*         0x0000000008002b5a        0x2 
 .text.__NVIC_SetPriorityGrouping
                0x0000000008002b5c       0x48 Drivers/STM32F3xx_HAL_Driver/Src/stm32f3xx_hal_cortex.o
 .text.__NVIC_GetPriorityGrouping
                0x0000000008002ba4       0x1c Drivers/STM32F3xx_HAL_Driver/Src/stm32f3xx_hal_cortex.o
 .text.__NVIC_EnableIRQ
                0x0000000008002bc0       0x3c Drivers/STM32F3xx_HAL_Driver/Src/stm32f3xx_hal_cortex.o
 .text.__NVIC_SetPriority
                0x0000000008002bfc       0x54 Drivers/STM32F3xx_HAL_Driver/Src/stm32f3xx_hal_cortex.o
 .text.NVIC_EncodePriority
                0x0000000008002c50       0x66 Drivers/STM32F3xx_HAL_Driver/Src/stm32f3xx_hal_cortex.o
 *fill*         0x0000000008002cb6        0x2 
 .text.SysTick_Config
                0x0000000008002cb8       0x44 Drivers/STM32F3xx_HAL_Driver/Src/stm32f3xx_hal_cortex.o
 .text.HAL_NVIC_SetPriorityGrouping
                0x0000000008002cfc       0x16 Drivers/STM32F3xx_HAL_Driver/Src/stm32f3xx_hal_cortex.o
                0x0000000008002cfc                HAL_NVIC_SetPriorityGrouping
 .text.HAL_NVIC_SetPriority
                0x0000000008002d12       0x38 Drivers/STM32F3xx_HAL_Driver/Src/stm32f3xx_hal_cortex.o
                0x0000000008002d12                HAL_NVIC_SetPriority
 .text.HAL_NVIC_EnableIRQ
                0x0000000008002d4a       0x1c Drivers/STM32F3xx_HAL_Driver/Src/stm32f3xx_hal_cortex.o
                0x0000000008002d4a                HAL_NVIC_EnableIRQ
 .text.HAL_SYSTICK_Config
                0x0000000008002d66       0x18 Drivers/STM32F3xx_HAL_Driver/Src/stm32f3xx_hal_cortex.o
                0x0000000008002d66                HAL_SYSTICK_Config
 .text.HAL_DAC_Init
                0x0000000008002d7e       0x44 Drivers/STM32F3xx_HAL_Driver/Src/stm32f3xx_hal_dac.o
                0x0000000008002d7e                HAL_DAC_Init
 .text.HAL_DAC_ConvCpltCallbackCh1
                0x0000000008002dc2       0x14 Drivers/STM32F3xx_HAL_Driver/Src/stm32f3xx_hal_dac.o
                0x0000000008002dc2                HAL_DAC_ConvCpltCallbackCh1
 .text.HAL_DAC_ConvHalfCpltCallbackCh1
                0x0000000008002dd6       0x14 Drivers/STM32F3xx_HAL_Driver/Src/stm32f3xx_hal_dac.o
                0x0000000008002dd6                HAL_DAC_ConvHalfCpltCallbackCh1
 .text.HAL_DAC_ErrorCallbackCh1
                0x0000000008002dea       0x14 Drivers/STM32F3xx_HAL_Driver/Src/stm32f3xx_hal_dac.o
                0x0000000008002dea                HAL_DAC_ErrorCallbackCh1
 .text.HAL_DAC_DMAUnderrunCallbackCh1
                0x0000000008002dfe       0x14 Drivers/STM32F3xx_HAL_Driver/Src/stm32f3xx_hal_dac.o
                0x0000000008002dfe                HAL_DAC_DMAUnderrunCallbackCh1
 *fill*         0x0000000008002e12        0x2 
 .text.HAL_DAC_Start_DMA
                0x0000000008002e14      0x178 Drivers/STM32F3xx_HAL_Driver/Src/stm32f3xx_hal_dac_ex.o
                0x0000000008002e14                HAL_DAC_Start_DMA
 .text.HAL_DAC_IRQHandler
                0x0000000008002f8c       0xb4 Drivers/STM32F3xx_HAL_Driver/Src/stm32f3xx_hal_dac_ex.o
                0x0000000008002f8c                HAL_DAC_IRQHandler
 .text.HAL_DAC_ConfigChannel
                0x0000000008003040       0x9a Drivers/STM32F3xx_HAL_Driver/Src/stm32f3xx_hal_dac_ex.o
                0x0000000008003040                HAL_DAC_ConfigChannel
 .text.HAL_DACEx_ConvCpltCallbackCh2
                0x00000000080030da       0x14 Drivers/STM32F3xx_HAL_Driver/Src/stm32f3xx_hal_dac_ex.o
                0x00000000080030da                HAL_DACEx_ConvCpltCallbackCh2
 .text.HAL_DACEx_ConvHalfCpltCallbackCh2
                0x00000000080030ee       0x14 Drivers/STM32F3xx_HAL_Driver/Src/stm32f3xx_hal_dac_ex.o
                0x00000000080030ee                HAL_DACEx_ConvHalfCpltCallbackCh2
 .text.HAL_DACEx_ErrorCallbackCh2
                0x0000000008003102       0x14 Drivers/STM32F3xx_HAL_Driver/Src/stm32f3xx_hal_dac_ex.o
                0x0000000008003102                HAL_DACEx_ErrorCallbackCh2
 .text.HAL_DACEx_DMAUnderrunCallbackCh2
                0x0000000008003116       0x14 Drivers/STM32F3xx_HAL_Driver/Src/stm32f3xx_hal_dac_ex.o
                0x0000000008003116                HAL_DACEx_DMAUnderrunCallbackCh2
 .text.DAC_DMAConvCpltCh1
                0x000000000800312a       0x22 Drivers/STM32F3xx_HAL_Driver/Src/stm32f3xx_hal_dac_ex.o
 .text.DAC_DMAHalfConvCpltCh1
                0x000000000800314c       0x1c Drivers/STM32F3xx_HAL_Driver/Src/stm32f3xx_hal_dac_ex.o
 .text.DAC_DMAErrorCh1
                0x0000000008003168       0x2e Drivers/STM32F3xx_HAL_Driver/Src/stm32f3xx_hal_dac_ex.o
 .text.DAC_DMAConvCpltCh2
                0x0000000008003196       0x22 Drivers/STM32F3xx_HAL_Driver/Src/stm32f3xx_hal_dac_ex.o
 .text.DAC_DMAHalfConvCpltCh2
                0x00000000080031b8       0x1c Drivers/STM32F3xx_HAL_Driver/Src/stm32f3xx_hal_dac_ex.o
 .text.DAC_DMAErrorCh2
                0x00000000080031d4       0x2e Drivers/STM32F3xx_HAL_Driver/Src/stm32f3xx_hal_dac_ex.o
 .text.HAL_DMA_Init
                0x0000000008003202       0x8e Drivers/STM32F3xx_HAL_Driver/Src/stm32f3xx_hal_dma.o
                0x0000000008003202                HAL_DMA_Init
 .text.HAL_DMA_Start_IT
                0x0000000008003290       0xbe Drivers/STM32F3xx_HAL_Driver/Src/stm32f3xx_hal_dma.o
                0x0000000008003290                HAL_DMA_Start_IT
 .text.HAL_DMA_IRQHandler
                0x000000000800334e      0x146 Drivers/STM32F3xx_HAL_Driver/Src/stm32f3xx_hal_dma.o
                0x000000000800334e                HAL_DMA_IRQHandler
 .text.DMA_SetConfig
                0x0000000008003494       0x5c Drivers/STM32F3xx_HAL_Driver/Src/stm32f3xx_hal_dma.o
 .text.DMA_CalcBaseAndBitshift
                0x00000000080034f0       0x78 Drivers/STM32F3xx_HAL_Driver/Src/stm32f3xx_hal_dma.o
 .text.HAL_GPIO_Init
                0x0000000008003568      0x2f4 Drivers/STM32F3xx_HAL_Driver/Src/stm32f3xx_hal_gpio.o
                0x0000000008003568                HAL_GPIO_Init
 .text.HAL_GPIO_ReadPin
                0x000000000800385c       0x30 Drivers/STM32F3xx_HAL_Driver/Src/stm32f3xx_hal_gpio.o
                0x000000000800385c                HAL_GPIO_ReadPin
 .text.HAL_GPIO_WritePin
                0x000000000800388c       0x30 Drivers/STM32F3xx_HAL_Driver/Src/stm32f3xx_hal_gpio.o
                0x000000000800388c                HAL_GPIO_WritePin
 .text.HAL_GPIO_TogglePin
                0x00000000080038bc       0x34 Drivers/STM32F3xx_HAL_Driver/Src/stm32f3xx_hal_gpio.o
                0x00000000080038bc                HAL_GPIO_TogglePin
 .text.HAL_PCD_Init
                0x00000000080038f0      0x1bc Drivers/STM32F3xx_HAL_Driver/Src/stm32f3xx_hal_pcd.o
                0x00000000080038f0                HAL_PCD_Init
 .text.HAL_PCD_Start
                0x0000000008003aac       0x4c Drivers/STM32F3xx_HAL_Driver/Src/stm32f3xx_hal_pcd.o
                0x0000000008003aac                HAL_PCD_Start
 .text.HAL_PCD_IRQHandler
                0x0000000008003af8      0x1ee Drivers/STM32F3xx_HAL_Driver/Src/stm32f3xx_hal_pcd.o
                0x0000000008003af8                HAL_PCD_IRQHandler
 .text.HAL_PCD_SetAddress
                0x0000000008003ce6       0x4a Drivers/STM32F3xx_HAL_Driver/Src/stm32f3xx_hal_pcd.o
                0x0000000008003ce6                HAL_PCD_SetAddress
 .text.HAL_PCD_EP_Open
                0x0000000008003d30       0xcc Drivers/STM32F3xx_HAL_Driver/Src/stm32f3xx_hal_pcd.o
                0x0000000008003d30                HAL_PCD_EP_Open
 .text.HAL_PCD_EP_Close
                0x0000000008003dfc       0x90 Drivers/STM32F3xx_HAL_Driver/Src/stm32f3xx_hal_pcd.o
                0x0000000008003dfc                HAL_PCD_EP_Close
 .text.HAL_PCD_EP_Receive
                0x0000000008003e8c       0x7a Drivers/STM32F3xx_HAL_Driver/Src/stm32f3xx_hal_pcd.o
                0x0000000008003e8c                HAL_PCD_EP_Receive
 .text.HAL_PCD_EP_GetRxCount
                0x0000000008003f06       0x30 Drivers/STM32F3xx_HAL_Driver/Src/stm32f3xx_hal_pcd.o
                0x0000000008003f06                HAL_PCD_EP_GetRxCount
 .text.HAL_PCD_EP_Transmit
                0x0000000008003f36       0x86 Drivers/STM32F3xx_HAL_Driver/Src/stm32f3xx_hal_pcd.o
                0x0000000008003f36                HAL_PCD_EP_Transmit
 .text.HAL_PCD_EP_SetStall
                0x0000000008003fbc       0xa4 Drivers/STM32F3xx_HAL_Driver/Src/stm32f3xx_hal_pcd.o
                0x0000000008003fbc                HAL_PCD_EP_SetStall
 .text.HAL_PCD_EP_ClrStall
                0x0000000008004060       0xa8 Drivers/STM32F3xx_HAL_Driver/Src/stm32f3xx_hal_pcd.o
                0x0000000008004060                HAL_PCD_EP_ClrStall
 .text.PCD_EP_ISR_Handler
                0x0000000008004108      0x5e6 Drivers/STM32F3xx_HAL_Driver/Src/stm32f3xx_hal_pcd.o
 .text.HAL_PCD_EP_DB_Receive
                0x00000000080046ee      0x21a Drivers/STM32F3xx_HAL_Driver/Src/stm32f3xx_hal_pcd.o
 .text.HAL_PCD_EP_DB_Transmit
                0x0000000008004908      0x556 Drivers/STM32F3xx_HAL_Driver/Src/stm32f3xx_hal_pcd.o
 .text.HAL_PCDEx_PMAConfig
                0x0000000008004e5e       0x86 Drivers/STM32F3xx_HAL_Driver/Src/stm32f3xx_hal_pcd_ex.o
                0x0000000008004e5e                HAL_PCDEx_PMAConfig
 .text.HAL_RCC_OscConfig
                0x0000000008004ee4      0xe10 Drivers/STM32F3xx_HAL_Driver/Src/stm32f3xx_hal_rcc.o
                0x0000000008004ee4                HAL_RCC_OscConfig
 .text.HAL_RCC_ClockConfig
                0x0000000008005cf4      0x2f8 Drivers/STM32F3xx_HAL_Driver/Src/stm32f3xx_hal_rcc.o
                0x0000000008005cf4                HAL_RCC_ClockConfig
 .text.HAL_RCC_GetSysClockFreq
                0x0000000008005fec       0xd4 Drivers/STM32F3xx_HAL_Driver/Src/stm32f3xx_hal_rcc.o
                0x0000000008005fec                HAL_RCC_GetSysClockFreq
 .text.HAL_RCC_GetHCLKFreq
                0x00000000080060c0       0x18 Drivers/STM32F3xx_HAL_Driver/Src/stm32f3xx_hal_rcc.o
                0x00000000080060c0                HAL_RCC_GetHCLKFreq
 .text.HAL_RCCEx_PeriphCLKConfig
                0x00000000080060d8      0x360 Drivers/STM32F3xx_HAL_Driver/Src/stm32f3xx_hal_rcc_ex.o
                0x00000000080060d8                HAL_RCCEx_PeriphCLKConfig
 .text.HAL_TIM_Base_Init
                0x0000000008006438       0xae Drivers/STM32F3xx_HAL_Driver/Src/stm32f3xx_hal_tim.o
                0x0000000008006438                HAL_TIM_Base_Init
 *fill*         0x00000000080064e6        0x2 
 .text.HAL_TIM_Base_Start
                0x00000000080064e8       0xc4 Drivers/STM32F3xx_HAL_Driver/Src/stm32f3xx_hal_tim.o
                0x00000000080064e8                HAL_TIM_Base_Start
 .text.HAL_TIM_OC_Init
                0x00000000080065ac       0xae Drivers/STM32F3xx_HAL_Driver/Src/stm32f3xx_hal_tim.o
                0x00000000080065ac                HAL_TIM_OC_Init
 .text.HAL_TIM_OC_MspInit
                0x000000000800665a       0x14 Drivers/STM32F3xx_HAL_Driver/Src/stm32f3xx_hal_tim.o
                0x000000000800665a                HAL_TIM_OC_MspInit
 .text.HAL_TIM_IRQHandler
                0x000000000800666e      0x23e Drivers/STM32F3xx_HAL_Driver/Src/stm32f3xx_hal_tim.o
                0x000000000800666e                HAL_TIM_IRQHandler
 .text.HAL_TIM_OC_ConfigChannel
                0x00000000080068ac       0xec Drivers/STM32F3xx_HAL_Driver/Src/stm32f3xx_hal_tim.o
                0x00000000080068ac                HAL_TIM_OC_ConfigChannel
 .text.HAL_TIM_ConfigClockSource
                0x0000000008006998      0x18c Drivers/STM32F3xx_HAL_Driver/Src/stm32f3xx_hal_tim.o
                0x0000000008006998                HAL_TIM_ConfigClockSource
 .text.HAL_TIM_PeriodElapsedCallback
                0x0000000008006b24       0x14 Drivers/STM32F3xx_HAL_Driver/Src/stm32f3xx_hal_tim.o
                0x0000000008006b24                HAL_TIM_PeriodElapsedCallback
 .text.HAL_TIM_OC_DelayElapsedCallback
                0x0000000008006b38       0x14 Drivers/STM32F3xx_HAL_Driver/Src/stm32f3xx_hal_tim.o
                0x0000000008006b38                HAL_TIM_OC_DelayElapsedCallback
 .text.HAL_TIM_IC_CaptureCallback
                0x0000000008006b4c       0x14 Drivers/STM32F3xx_HAL_Driver/Src/stm32f3xx_hal_tim.o
                0x0000000008006b4c                HAL_TIM_IC_CaptureCallback
 .text.HAL_TIM_PWM_PulseFinishedCallback
                0x0000000008006b60       0x14 Drivers/STM32F3xx_HAL_Driver/Src/stm32f3xx_hal_tim.o
                0x0000000008006b60                HAL_TIM_PWM_PulseFinishedCallback
 .text.HAL_TIM_TriggerCallback
                0x0000000008006b74       0x14 Drivers/STM32F3xx_HAL_Driver/Src/stm32f3xx_hal_tim.o
                0x0000000008006b74                HAL_TIM_TriggerCallback
 .text.TIM_Base_SetConfig
                0x0000000008006b88      0x120 Drivers/STM32F3xx_HAL_Driver/Src/stm32f3xx_hal_tim.o
                0x0000000008006b88                TIM_Base_SetConfig
 .text.TIM_OC1_SetConfig
                0x0000000008006ca8      0x120 Drivers/STM32F3xx_HAL_Driver/Src/stm32f3xx_hal_tim.o
 .text.TIM_OC2_SetConfig
                0x0000000008006dc8      0x114 Drivers/STM32F3xx_HAL_Driver/Src/stm32f3xx_hal_tim.o
                0x0000000008006dc8                TIM_OC2_SetConfig
 .text.TIM_OC3_SetConfig
                0x0000000008006edc      0x110 Drivers/STM32F3xx_HAL_Driver/Src/stm32f3xx_hal_tim.o
 .text.TIM_OC4_SetConfig
                0x0000000008006fec       0xd4 Drivers/STM32F3xx_HAL_Driver/Src/stm32f3xx_hal_tim.o
 .text.TIM_OC5_SetConfig
                0x00000000080070c0       0xc8 Drivers/STM32F3xx_HAL_Driver/Src/stm32f3xx_hal_tim.o
 .text.TIM_OC6_SetConfig
                0x0000000008007188       0xcc Drivers/STM32F3xx_HAL_Driver/Src/stm32f3xx_hal_tim.o
 .text.TIM_TI1_ConfigInputStage
                0x0000000008007254       0x5e Drivers/STM32F3xx_HAL_Driver/Src/stm32f3xx_hal_tim.o
 .text.TIM_TI2_ConfigInputStage
                0x00000000080072b2       0x60 Drivers/STM32F3xx_HAL_Driver/Src/stm32f3xx_hal_tim.o
 .text.TIM_ITRx_SetConfig
                0x0000000008007312       0x36 Drivers/STM32F3xx_HAL_Driver/Src/stm32f3xx_hal_tim.o
 .text.TIM_ETR_SetConfig
                0x0000000008007348       0x40 Drivers/STM32F3xx_HAL_Driver/Src/stm32f3xx_hal_tim.o
                0x0000000008007348                TIM_ETR_SetConfig
 .text.HAL_TIMEx_MasterConfigSynchronization
                0x0000000008007388      0x100 Drivers/STM32F3xx_HAL_Driver/Src/stm32f3xx_hal_tim_ex.o
                0x0000000008007388                HAL_TIMEx_MasterConfigSynchronization
 .text.HAL_TIMEx_CommutCallback
                0x0000000008007488       0x14 Drivers/STM32F3xx_HAL_Driver/Src/stm32f3xx_hal_tim_ex.o
                0x0000000008007488                HAL_TIMEx_CommutCallback
 .text.HAL_TIMEx_BreakCallback
                0x000000000800749c       0x14 Drivers/STM32F3xx_HAL_Driver/Src/stm32f3xx_hal_tim_ex.o
                0x000000000800749c                HAL_TIMEx_BreakCallback
 .text.HAL_TIMEx_Break2Callback
                0x00000000080074b0       0x14 Drivers/STM32F3xx_HAL_Driver/Src/stm32f3xx_hal_tim_ex.o
                0x00000000080074b0                HAL_TIMEx_Break2Callback
 .text.USB_EnableGlobalInt
                0x00000000080074c4       0x2e Drivers/STM32F3xx_HAL_Driver/Src/stm32f3xx_ll_usb.o
                0x00000000080074c4                USB_EnableGlobalInt
 .text.USB_DisableGlobalInt
                0x00000000080074f2       0x36 Drivers/STM32F3xx_HAL_Driver/Src/stm32f3xx_ll_usb.o
                0x00000000080074f2                USB_DisableGlobalInt
 .text.USB_DevInit
                0x0000000008007528       0x42 Drivers/STM32F3xx_HAL_Driver/Src/stm32f3xx_ll_usb.o
                0x0000000008007528                USB_DevInit
 *fill*         0x000000000800756a        0x2 
 .text.USB_ActivateEndpoint
                0x000000000800756c      0x6dc Drivers/STM32F3xx_HAL_Driver/Src/stm32f3xx_ll_usb.o
                0x000000000800756c                USB_ActivateEndpoint
 .text.USB_DeactivateEndpoint
                0x0000000008007c48      0x3da Drivers/STM32F3xx_HAL_Driver/Src/stm32f3xx_ll_usb.o
                0x0000000008007c48                USB_DeactivateEndpoint
 .text.USB_EPStartXfer
                0x0000000008008022     0x1240 Drivers/STM32F3xx_HAL_Driver/Src/stm32f3xx_ll_usb.o
                0x0000000008008022                USB_EPStartXfer
 .text.USB_EPSetStall
                0x0000000008009262       0xa2 Drivers/STM32F3xx_HAL_Driver/Src/stm32f3xx_ll_usb.o
                0x0000000008009262                USB_EPSetStall
 .text.USB_EPClearStall
                0x0000000008009304      0x15c Drivers/STM32F3xx_HAL_Driver/Src/stm32f3xx_ll_usb.o
                0x0000000008009304                USB_EPClearStall
 .text.USB_SetDevAddress
                0x0000000008009460       0x28 Drivers/STM32F3xx_HAL_Driver/Src/stm32f3xx_ll_usb.o
                0x0000000008009460                USB_SetDevAddress
 .text.USB_DevConnect
                0x0000000008009488       0x16 Drivers/STM32F3xx_HAL_Driver/Src/stm32f3xx_ll_usb.o
                0x0000000008009488                USB_DevConnect
 .text.USB_ReadInterrupts
                0x000000000800949e       0x20 Drivers/STM32F3xx_HAL_Driver/Src/stm32f3xx_ll_usb.o
                0x000000000800949e                USB_ReadInterrupts
 .text.USB_WritePMA
                0x00000000080094be       0x8c Drivers/STM32F3xx_HAL_Driver/Src/stm32f3xx_ll_usb.o
                0x00000000080094be                USB_WritePMA
 .text.USB_ReadPMA
                0x000000000800954a       0xa0 Drivers/STM32F3xx_HAL_Driver/Src/stm32f3xx_ll_usb.o
                0x000000000800954a                USB_ReadPMA
 .text.USBD_CDC_Init
                0x00000000080095ea       0xf4 Middlewares/ST/STM32_USB_Device_Library/Class/CDC/Src/usbd_cdc.o
 .text.USBD_CDC_DeInit
                0x00000000080096de       0x6e Middlewares/ST/STM32_USB_Device_Library/Class/CDC/Src/usbd_cdc.o
 .text.USBD_CDC_Setup
                0x000000000800974c      0x146 Middlewares/ST/STM32_USB_Device_Library/Class/CDC/Src/usbd_cdc.o
 .text.USBD_CDC_DataIn
                0x0000000008009892       0xa6 Middlewares/ST/STM32_USB_Device_Library/Class/CDC/Src/usbd_cdc.o
 .text.USBD_CDC_DataOut
                0x0000000008009938       0x56 Middlewares/ST/STM32_USB_Device_Library/Class/CDC/Src/usbd_cdc.o
 .text.USBD_CDC_EP0_RxReady
                0x000000000800998e       0x50 Middlewares/ST/STM32_USB_Device_Library/Class/CDC/Src/usbd_cdc.o
 *fill*         0x00000000080099de        0x2 
 .text.USBD_CDC_GetFSCfgDesc
                0x00000000080099e0       0x20 Middlewares/ST/STM32_USB_Device_Library/Class/CDC/Src/usbd_cdc.o
 .text.USBD_CDC_GetHSCfgDesc
                0x0000000008009a00       0x20 Middlewares/ST/STM32_USB_Device_Library/Class/CDC/Src/usbd_cdc.o
 .text.USBD_CDC_GetOtherSpeedCfgDesc
                0x0000000008009a20       0x20 Middlewares/ST/STM32_USB_Device_Library/Class/CDC/Src/usbd_cdc.o
 .text.USBD_CDC_GetDeviceQualifierDescriptor
                0x0000000008009a40       0x20 Middlewares/ST/STM32_USB_Device_Library/Class/CDC/Src/usbd_cdc.o
                0x0000000008009a40                USBD_CDC_GetDeviceQualifierDescriptor
 .text.USBD_CDC_RegisterInterface
                0x0000000008009a60       0x2e Middlewares/ST/STM32_USB_Device_Library/Class/CDC/Src/usbd_cdc.o
                0x0000000008009a60                USBD_CDC_RegisterInterface
 .text.USBD_CDC_SetTxBuffer
                0x0000000008009a8e       0x34 Middlewares/ST/STM32_USB_Device_Library/Class/CDC/Src/usbd_cdc.o
                0x0000000008009a8e                USBD_CDC_SetTxBuffer
 .text.USBD_CDC_SetRxBuffer
                0x0000000008009ac2       0x28 Middlewares/ST/STM32_USB_Device_Library/Class/CDC/Src/usbd_cdc.o
                0x0000000008009ac2                USBD_CDC_SetRxBuffer
 .text.USBD_CDC_TransmitPacket
                0x0000000008009aea       0x5e Middlewares/ST/STM32_USB_Device_Library/Class/CDC/Src/usbd_cdc.o
                0x0000000008009aea                USBD_CDC_TransmitPacket
 .text.USBD_CDC_ReceivePacket
                0x0000000008009b48       0x54 Middlewares/ST/STM32_USB_Device_Library/Class/CDC/Src/usbd_cdc.o
                0x0000000008009b48                USBD_CDC_ReceivePacket
 .text.USBD_Init
                0x0000000008009b9c       0x56 Middlewares/ST/STM32_USB_Device_Library/Core/Src/usbd_core.o
                0x0000000008009b9c                USBD_Init
 .text.USBD_RegisterClass
                0x0000000008009bf2       0x34 Middlewares/ST/STM32_USB_Device_Library/Core/Src/usbd_core.o
                0x0000000008009bf2                USBD_RegisterClass
 .text.USBD_Start
                0x0000000008009c26       0x18 Middlewares/ST/STM32_USB_Device_Library/Core/Src/usbd_core.o
                0x0000000008009c26                USBD_Start
 .text.USBD_RunTestMode
                0x0000000008009c3e       0x16 Middlewares/ST/STM32_USB_Device_Library/Core/Src/usbd_core.o
                0x0000000008009c3e                USBD_RunTestMode
 .text.USBD_SetClassConfig
                0x0000000008009c54       0x3e Middlewares/ST/STM32_USB_Device_Library/Core/Src/usbd_core.o
                0x0000000008009c54                USBD_SetClassConfig
 .text.USBD_ClrClassConfig
                0x0000000008009c92       0x26 Middlewares/ST/STM32_USB_Device_Library/Core/Src/usbd_core.o
                0x0000000008009c92                USBD_ClrClassConfig
 .text.USBD_LL_SetupStage
                0x0000000008009cb8       0x9a Middlewares/ST/STM32_USB_Device_Library/Core/Src/usbd_core.o
                0x0000000008009cb8                USBD_LL_SetupStage
 .text.USBD_LL_DataOutStage
                0x0000000008009d52       0xe2 Middlewares/ST/STM32_USB_Device_Library/Core/Src/usbd_core.o
                0x0000000008009d52                USBD_LL_DataOutStage
 .text.USBD_LL_DataInStage
                0x0000000008009e34      0x14a Middlewares/ST/STM32_USB_Device_Library/Core/Src/usbd_core.o
                0x0000000008009e34                USBD_LL_DataInStage
 .text.USBD_LL_Reset
                0x0000000008009f7e       0x82 Middlewares/ST/STM32_USB_Device_Library/Core/Src/usbd_core.o
                0x0000000008009f7e                USBD_LL_Reset
 .text.USBD_LL_SetSpeed
                0x000000000800a000       0x20 Middlewares/ST/STM32_USB_Device_Library/Core/Src/usbd_core.o
                0x000000000800a000                USBD_LL_SetSpeed
 .text.USBD_LL_Suspend
                0x000000000800a020       0x2a Middlewares/ST/STM32_USB_Device_Library/Core/Src/usbd_core.o
                0x000000000800a020                USBD_LL_Suspend
 .text.USBD_LL_Resume
                0x000000000800a04a       0x2c Middlewares/ST/STM32_USB_Device_Library/Core/Src/usbd_core.o
                0x000000000800a04a                USBD_LL_Resume
 .text.USBD_LL_SOF
                0x000000000800a076       0x34 Middlewares/ST/STM32_USB_Device_Library/Core/Src/usbd_core.o
                0x000000000800a076                USBD_LL_SOF
 *fill*         0x000000000800a0aa        0x2 
 .text.USBD_StdDevReq
                0x000000000800a0ac       0xd4 Middlewares/ST/STM32_USB_Device_Library/Core/Src/usbd_ctlreq.o
                0x000000000800a0ac                USBD_StdDevReq
 .text.USBD_StdItfReq
                0x000000000800a180       0x90 Middlewares/ST/STM32_USB_Device_Library/Core/Src/usbd_ctlreq.o
                0x000000000800a180                USBD_StdItfReq
 .text.USBD_StdEPReq
                0x000000000800a210      0x2c6 Middlewares/ST/STM32_USB_Device_Library/Core/Src/usbd_ctlreq.o
                0x000000000800a210                USBD_StdEPReq
 *fill*         0x000000000800a4d6        0x2 
 .text.USBD_GetDescriptor
                0x000000000800a4d8      0x2d0 Middlewares/ST/STM32_USB_Device_Library/Core/Src/usbd_ctlreq.o
 .text.USBD_SetAddress
                0x000000000800a7a8       0x86 Middlewares/ST/STM32_USB_Device_Library/Core/Src/usbd_ctlreq.o
 *fill*         0x000000000800a82e        0x2 
 .text.USBD_SetConfig
                0x000000000800a830      0x11c Middlewares/ST/STM32_USB_Device_Library/Core/Src/usbd_ctlreq.o
 .text.USBD_GetConfig
                0x000000000800a94c       0x6a Middlewares/ST/STM32_USB_Device_Library/Core/Src/usbd_ctlreq.o
 .text.USBD_GetStatus
                0x000000000800a9b6       0x66 Middlewares/ST/STM32_USB_Device_Library/Core/Src/usbd_ctlreq.o
 .text.USBD_SetFeature
                0x000000000800aa1c       0x28 Middlewares/ST/STM32_USB_Device_Library/Core/Src/usbd_ctlreq.o
 .text.USBD_ClrFeature
                0x000000000800aa44       0x42 Middlewares/ST/STM32_USB_Device_Library/Core/Src/usbd_ctlreq.o
 .text.USBD_ParseSetupRequest
                0x000000000800aa86       0x7a Middlewares/ST/STM32_USB_Device_Library/Core/Src/usbd_ctlreq.o
                0x000000000800aa86                USBD_ParseSetupRequest
 .text.USBD_CtlError
                0x000000000800ab00       0x22 Middlewares/ST/STM32_USB_Device_Library/Core/Src/usbd_ctlreq.o
                0x000000000800ab00                USBD_CtlError
 .text.USBD_GetString
                0x000000000800ab22       0x84 Middlewares/ST/STM32_USB_Device_Library/Core/Src/usbd_ctlreq.o
                0x000000000800ab22                USBD_GetString
 .text.USBD_GetLen
                0x000000000800aba6       0x30 Middlewares/ST/STM32_USB_Device_Library/Core/Src/usbd_ctlreq.o
 .text.USBD_CtlSendData
                0x000000000800abd6       0x38 Middlewares/ST/STM32_USB_Device_Library/Core/Src/usbd_ioreq.o
                0x000000000800abd6                USBD_CtlSendData
 .text.USBD_CtlContinueSendData
                0x000000000800ac0e       0x24 Middlewares/ST/STM32_USB_Device_Library/Core/Src/usbd_ioreq.o
                0x000000000800ac0e                USBD_CtlContinueSendData
 .text.USBD_CtlPrepareRx
                0x000000000800ac32       0x3c Middlewares/ST/STM32_USB_Device_Library/Core/Src/usbd_ioreq.o
                0x000000000800ac32                USBD_CtlPrepareRx
 .text.USBD_CtlContinueRx
                0x000000000800ac6e       0x24 Middlewares/ST/STM32_USB_Device_Library/Core/Src/usbd_ioreq.o
                0x000000000800ac6e                USBD_CtlContinueRx
 .text.USBD_CtlSendStatus
                0x000000000800ac92       0x26 Middlewares/ST/STM32_USB_Device_Library/Core/Src/usbd_ioreq.o
                0x000000000800ac92                USBD_CtlSendStatus
 .text.USBD_CtlReceiveStatus
                0x000000000800acb8       0x26 Middlewares/ST/STM32_USB_Device_Library/Core/Src/usbd_ioreq.o
                0x000000000800acb8                USBD_CtlReceiveStatus
 *fill*         0x000000000800acde        0x2 
 .text.MX_USB_DEVICE_Init
                0x000000000800ace0       0x60 USB_DEVICE/App/usb_device.o
                0x000000000800ace0                MX_USB_DEVICE_Init
 .text.CDC_Init_FS
                0x000000000800ad40       0x28 USB_DEVICE/App/usbd_cdc_if.o
 .text.CDC_DeInit_FS
                0x000000000800ad68       0x10 USB_DEVICE/App/usbd_cdc_if.o
 .text.CDC_Control_FS
                0x000000000800ad78       0xbc USB_DEVICE/App/usbd_cdc_if.o
 .text.CDC_Receive_FS
                0x000000000800ae34       0x34 USB_DEVICE/App/usbd_cdc_if.o
 .text.CDC_Transmit_FS
                0x000000000800ae68       0x4c USB_DEVICE/App/usbd_cdc_if.o
                0x000000000800ae68                CDC_Transmit_FS
 .text.USBD_FS_DeviceDescriptor
                0x000000000800aeb4       0x24 USB_DEVICE/App/usbd_desc.o
                0x000000000800aeb4                USBD_FS_DeviceDescriptor
 .text.USBD_FS_LangIDStrDescriptor
                0x000000000800aed8       0x24 USB_DEVICE/App/usbd_desc.o
                0x000000000800aed8                USBD_FS_LangIDStrDescriptor
 .text.USBD_FS_ProductStrDescriptor
                0x000000000800aefc       0x3c USB_DEVICE/App/usbd_desc.o
                0x000000000800aefc                USBD_FS_ProductStrDescriptor
 .text.USBD_FS_ManufacturerStrDescriptor
                0x000000000800af38       0x28 USB_DEVICE/App/usbd_desc.o
                0x000000000800af38                USBD_FS_ManufacturerStrDescriptor
 .text.USBD_FS_SerialStrDescriptor
                0x000000000800af60       0x24 USB_DEVICE/App/usbd_desc.o
                0x000000000800af60                USBD_FS_SerialStrDescriptor
 .text.USBD_FS_ConfigStrDescriptor
                0x000000000800af84       0x3c USB_DEVICE/App/usbd_desc.o
                0x000000000800af84                USBD_FS_ConfigStrDescriptor
 .text.USBD_FS_InterfaceStrDescriptor
                0x000000000800afc0       0x3c USB_DEVICE/App/usbd_desc.o
                0x000000000800afc0                USBD_FS_InterfaceStrDescriptor
 .text.Get_SerialNum
                0x000000000800affc       0x58 USB_DEVICE/App/usbd_desc.o
 .text.IntToUnicode
                0x000000000800b054       0x7e USB_DEVICE/App/usbd_desc.o
 *fill*         0x000000000800b0d2        0x2 
 .text.HAL_PCD_MspInit
                0x000000000800b0d4       0x98 USB_DEVICE/Target/usbd_conf.o
                0x000000000800b0d4                HAL_PCD_MspInit
 .text.HAL_PCD_SetupStageCallback
                0x000000000800b16c       0x24 USB_DEVICE/Target/usbd_conf.o
                0x000000000800b16c                HAL_PCD_SetupStageCallback
 .text.HAL_PCD_DataOutStageCallback
                0x000000000800b190       0x36 USB_DEVICE/Target/usbd_conf.o
                0x000000000800b190                HAL_PCD_DataOutStageCallback
 .text.HAL_PCD_DataInStageCallback
                0x000000000800b1c6       0x34 USB_DEVICE/Target/usbd_conf.o
                0x000000000800b1c6                HAL_PCD_DataInStageCallback
 .text.HAL_PCD_SOFCallback
                0x000000000800b1fa       0x1c USB_DEVICE/Target/usbd_conf.o
                0x000000000800b1fa                HAL_PCD_SOFCallback
 .text.HAL_PCD_ResetCallback
                0x000000000800b216       0x3c USB_DEVICE/Target/usbd_conf.o
                0x000000000800b216                HAL_PCD_ResetCallback
 *fill*         0x000000000800b252        0x2 
 .text.HAL_PCD_SuspendCallback
                0x000000000800b254       0x34 USB_DEVICE/Target/usbd_conf.o
                0x000000000800b254                HAL_PCD_SuspendCallback
 .text.HAL_PCD_ResumeCallback
                0x000000000800b288       0x1c USB_DEVICE/Target/usbd_conf.o
                0x000000000800b288                HAL_PCD_ResumeCallback
 .text.USBD_LL_Init
                0x000000000800b2a4       0xb4 USB_DEVICE/Target/usbd_conf.o
                0x000000000800b2a4                USBD_LL_Init
 .text.USBD_LL_Start
                0x000000000800b358       0x36 USB_DEVICE/Target/usbd_conf.o
                0x000000000800b358                USBD_LL_Start
 .text.USBD_LL_OpenEP
                0x000000000800b38e       0x4c USB_DEVICE/Target/usbd_conf.o
                0x000000000800b38e                USBD_LL_OpenEP
 .text.USBD_LL_CloseEP
                0x000000000800b3da       0x3e USB_DEVICE/Target/usbd_conf.o
                0x000000000800b3da                USBD_LL_CloseEP
 .text.USBD_LL_StallEP
                0x000000000800b418       0x3e USB_DEVICE/Target/usbd_conf.o
                0x000000000800b418                USBD_LL_StallEP
 .text.USBD_LL_ClearStallEP
                0x000000000800b456       0x3e USB_DEVICE/Target/usbd_conf.o
                0x000000000800b456                USBD_LL_ClearStallEP
 .text.USBD_LL_IsStallEP
                0x000000000800b494       0x5a USB_DEVICE/Target/usbd_conf.o
                0x000000000800b494                USBD_LL_IsStallEP
 .text.USBD_LL_SetUSBAddress
                0x000000000800b4ee       0x3e USB_DEVICE/Target/usbd_conf.o
                0x000000000800b4ee                USBD_LL_SetUSBAddress
 .text.USBD_LL_Transmit
                0x000000000800b52c       0x46 USB_DEVICE/Target/usbd_conf.o
                0x000000000800b52c                USBD_LL_Transmit
 .text.USBD_LL_PrepareReceive
                0x000000000800b572       0x46 USB_DEVICE/Target/usbd_conf.o
                0x000000000800b572                USBD_LL_PrepareReceive
 .text.USBD_LL_GetRxDataSize
                0x000000000800b5b8       0x26 USB_DEVICE/Target/usbd_conf.o
                0x000000000800b5b8                USBD_LL_GetRxDataSize
 *fill*         0x000000000800b5de        0x2 
 .text.USBD_static_malloc
                0x000000000800b5e0       0x1c USB_DEVICE/Target/usbd_conf.o
                0x000000000800b5e0                USBD_static_malloc
 .text.USBD_static_free
                0x000000000800b5fc       0x14 USB_DEVICE/Target/usbd_conf.o
                0x000000000800b5fc                USBD_static_free
 .text.HAL_PCDEx_SetConnectionState
                0x000000000800b610       0x18 USB_DEVICE/Target/usbd_conf.o
                0x000000000800b610                HAL_PCDEx_SetConnectionState
 .text.USBD_Get_USB_Status
                0x000000000800b628       0x58 USB_DEVICE/Target/usbd_conf.o
 .text.__libc_init_array
                0x000000000800b680       0x48 /home/naudotvardis/.eclipse/com.st.stm32cube.ide.mcu.rcp.product_1.5.0_1935173080_linux_gtk_x86_64/plugins/com.st.stm32cube.ide.mcu.externaltools.gnu-tools-for-stm32.9-2020-q2-update.linux64_1.5.0.202011040924/tools/bin/../lib/gcc/arm-none-eabi/9.3.1/../../../../arm-none-eabi/lib/thumb/v7e-m+fp/hard/libc_nano.a(lib_a-init.o)
                0x000000000800b680                __libc_init_array
 .text.memset   0x000000000800b6c8       0x10 /home/naudotvardis/.eclipse/com.st.stm32cube.ide.mcu.rcp.product_1.5.0_1935173080_linux_gtk_x86_64/plugins/com.st.stm32cube.ide.mcu.externaltools.gnu-tools-for-stm32.9-2020-q2-update.linux64_1.5.0.202011040924/tools/bin/../lib/gcc/arm-none-eabi/9.3.1/../../../../arm-none-eabi/lib/thumb/v7e-m+fp/hard/libc_nano.a(lib_a-memset.o)
                0x000000000800b6c8                memset
 .text.sin      0x000000000800b6d8       0xa8 /home/naudotvardis/.eclipse/com.st.stm32cube.ide.mcu.rcp.product_1.5.0_1935173080_linux_gtk_x86_64/plugins/com.st.stm32cube.ide.mcu.externaltools.gnu-tools-for-stm32.9-2020-q2-update.linux64_1.5.0.202011040924/tools/bin/../lib/gcc/arm-none-eabi/9.3.1/../../../../arm-none-eabi/lib/thumb/v7e-m+fp/hard/libm.a(lib_a-s_sin.o)
                0x000000000800b6d8                sin
 .text.__ieee754_rem_pio2
                0x000000000800b780      0x414 /home/naudotvardis/.eclipse/com.st.stm32cube.ide.mcu.rcp.product_1.5.0_1935173080_linux_gtk_x86_64/plugins/com.st.stm32cube.ide.mcu.externaltools.gnu-tools-for-stm32.9-2020-q2-update.linux64_1.5.0.202011040924/tools/bin/../lib/gcc/arm-none-eabi/9.3.1/../../../../arm-none-eabi/lib/thumb/v7e-m+fp/hard/libm.a(lib_a-e_rem_pio2.o)
                0x000000000800b780                __ieee754_rem_pio2
 *fill*         0x000000000800bb94        0x4 
 .text.__kernel_cos
                0x000000000800bb98      0x18c /home/naudotvardis/.eclipse/com.st.stm32cube.ide.mcu.rcp.product_1.5.0_1935173080_linux_gtk_x86_64/plugins/com.st.stm32cube.ide.mcu.externaltools.gnu-tools-for-stm32.9-2020-q2-update.linux64_1.5.0.202011040924/tools/bin/../lib/gcc/arm-none-eabi/9.3.1/../../../../arm-none-eabi/lib/thumb/v7e-m+fp/hard/libm.a(lib_a-k_cos.o)
                0x000000000800bb98                __kernel_cos
 *fill*         0x000000000800bd24        0x4 
 .text.__kernel_rem_pio2
                0x000000000800bd28      0x680 /home/naudotvardis/.eclipse/com.st.stm32cube.ide.mcu.rcp.product_1.5.0_1935173080_linux_gtk_x86_64/plugins/com.st.stm32cube.ide.mcu.externaltools.gnu-tools-for-stm32.9-2020-q2-update.linux64_1.5.0.202011040924/tools/bin/../lib/gcc/arm-none-eabi/9.3.1/../../../../arm-none-eabi/lib/thumb/v7e-m+fp/hard/libm.a(lib_a-k_rem_pio2.o)
                0x000000000800bd28                __kernel_rem_pio2
 .text.__kernel_sin
                0x000000000800c3a8      0x17c /home/naudotvardis/.eclipse/com.st.stm32cube.ide.mcu.rcp.product_1.5.0_1935173080_linux_gtk_x86_64/plugins/com.st.stm32cube.ide.mcu.externaltools.gnu-tools-for-stm32.9-2020-q2-update.linux64_1.5.0.202011040924/tools/bin/../lib/gcc/arm-none-eabi/9.3.1/../../../../arm-none-eabi/lib/thumb/v7e-m+fp/hard/libm.a(lib_a-k_sin.o)
                0x000000000800c3a8                __kernel_sin
 .text.fabs     0x000000000800c524       0x12 /home/naudotvardis/.eclipse/com.st.stm32cube.ide.mcu.rcp.product_1.5.0_1935173080_linux_gtk_x86_64/plugins/com.st.stm32cube.ide.mcu.externaltools.gnu-tools-for-stm32.9-2020-q2-update.linux64_1.5.0.202011040924/tools/bin/../lib/gcc/arm-none-eabi/9.3.1/../../../../arm-none-eabi/lib/thumb/v7e-m+fp/hard/libm.a(lib_a-s_fabs.o)
                0x000000000800c524                fabs
 *fill*         0x000000000800c536        0x2 
 .text.floor    0x000000000800c538      0x100 /home/naudotvardis/.eclipse/com.st.stm32cube.ide.mcu.rcp.product_1.5.0_1935173080_linux_gtk_x86_64/plugins/com.st.stm32cube.ide.mcu.externaltools.gnu-tools-for-stm32.9-2020-q2-update.linux64_1.5.0.202011040924/tools/bin/../lib/gcc/arm-none-eabi/9.3.1/../../../../arm-none-eabi/lib/thumb/v7e-m+fp/hard/libm.a(lib_a-s_floor.o)
                0x000000000800c538                floor
 .text.scalbn   0x000000000800c638      0x10c /home/naudotvardis/.eclipse/com.st.stm32cube.ide.mcu.rcp.product_1.5.0_1935173080_linux_gtk_x86_64/plugins/com.st.stm32cube.ide.mcu.externaltools.gnu-tools-for-stm32.9-2020-q2-update.linux64_1.5.0.202011040924/tools/bin/../lib/gcc/arm-none-eabi/9.3.1/../../../../arm-none-eabi/lib/thumb/v7e-m+fp/hard/libm.a(lib_a-s_scalbn.o)
                0x000000000800c638                scalbn
 *(.glue_7)
 .glue_7        0x000000000800c744        0x0 linker stubs
 *(.glue_7t)
 .glue_7t       0x000000000800c744        0x0 linker stubs
 *(.eh_frame)
 .eh_frame      0x000000000800c744        0x0 /home/naudotvardis/.eclipse/com.st.stm32cube.ide.mcu.rcp.product_1.5.0_1935173080_linux_gtk_x86_64/plugins/com.st.stm32cube.ide.mcu.externaltools.gnu-tools-for-stm32.9-2020-q2-update.linux64_1.5.0.202011040924/tools/bin/../lib/gcc/arm-none-eabi/9.3.1/thumb/v7e-m+fp/hard/crtbegin.o
 *(.init)
 .init          0x000000000800c744        0x4 /home/naudotvardis/.eclipse/com.st.stm32cube.ide.mcu.rcp.product_1.5.0_1935173080_linux_gtk_x86_64/plugins/com.st.stm32cube.ide.mcu.externaltools.gnu-tools-for-stm32.9-2020-q2-update.linux64_1.5.0.202011040924/tools/bin/../lib/gcc/arm-none-eabi/9.3.1/thumb/v7e-m+fp/hard/crti.o
                0x000000000800c744                _init
 .init          0x000000000800c748        0x8 /home/naudotvardis/.eclipse/com.st.stm32cube.ide.mcu.rcp.product_1.5.0_1935173080_linux_gtk_x86_64/plugins/com.st.stm32cube.ide.mcu.externaltools.gnu-tools-for-stm32.9-2020-q2-update.linux64_1.5.0.202011040924/tools/bin/../lib/gcc/arm-none-eabi/9.3.1/thumb/v7e-m+fp/hard/crtn.o
 *(.fini)
 .fini          0x000000000800c750        0x4 /home/naudotvardis/.eclipse/com.st.stm32cube.ide.mcu.rcp.product_1.5.0_1935173080_linux_gtk_x86_64/plugins/com.st.stm32cube.ide.mcu.externaltools.gnu-tools-for-stm32.9-2020-q2-update.linux64_1.5.0.202011040924/tools/bin/../lib/gcc/arm-none-eabi/9.3.1/thumb/v7e-m+fp/hard/crti.o
                0x000000000800c750                _fini
 .fini          0x000000000800c754        0x8 /home/naudotvardis/.eclipse/com.st.stm32cube.ide.mcu.rcp.product_1.5.0_1935173080_linux_gtk_x86_64/plugins/com.st.stm32cube.ide.mcu.externaltools.gnu-tools-for-stm32.9-2020-q2-update.linux64_1.5.0.202011040924/tools/bin/../lib/gcc/arm-none-eabi/9.3.1/thumb/v7e-m+fp/hard/crtn.o
                0x000000000800c75c                . = ALIGN (0x4)
                0x000000000800c75c                _etext = .

.vfp11_veneer   0x000000000800c75c        0x0
 .vfp11_veneer  0x000000000800c75c        0x0 linker stubs

.v4_bx          0x000000000800c75c        0x0
 .v4_bx         0x000000000800c75c        0x0 linker stubs

.iplt           0x000000000800c75c        0x0
 .iplt          0x000000000800c75c        0x0 /home/naudotvardis/.eclipse/com.st.stm32cube.ide.mcu.rcp.product_1.5.0_1935173080_linux_gtk_x86_64/plugins/com.st.stm32cube.ide.mcu.externaltools.gnu-tools-for-stm32.9-2020-q2-update.linux64_1.5.0.202011040924/tools/bin/../lib/gcc/arm-none-eabi/9.3.1/thumb/v7e-m+fp/hard/crtbegin.o

.rodata         0x000000000800c760      0x248
                0x000000000800c760                . = ALIGN (0x4)
 *(.rodata)
 .rodata        0x000000000800c760       0x3e USB_DEVICE/App/usbd_desc.o
 *(.rodata*)
 *fill*         0x000000000800c79e        0x2 
 .rodata.AHBPrescTable
                0x000000000800c7a0       0x10 Core/Src/system_stm32f3xx.o
                0x000000000800c7a0                AHBPrescTable
 .rodata.aPLLMULFactorTable
                0x000000000800c7b0       0x10 Drivers/STM32F3xx_HAL_Driver/Src/stm32f3xx_hal_rcc.o
                0x000000000800c7b0                aPLLMULFactorTable
 .rodata.aPredivFactorTable
                0x000000000800c7c0       0x10 Drivers/STM32F3xx_HAL_Driver/Src/stm32f3xx_hal_rcc.o
                0x000000000800c7c0                aPredivFactorTable
 .rodata.npio2_hw
                0x000000000800c7d0       0x80 /home/naudotvardis/.eclipse/com.st.stm32cube.ide.mcu.rcp.product_1.5.0_1935173080_linux_gtk_x86_64/plugins/com.st.stm32cube.ide.mcu.externaltools.gnu-tools-for-stm32.9-2020-q2-update.linux64_1.5.0.202011040924/tools/bin/../lib/gcc/arm-none-eabi/9.3.1/../../../../arm-none-eabi/lib/thumb/v7e-m+fp/hard/libm.a(lib_a-e_rem_pio2.o)
 .rodata.two_over_pi
                0x000000000800c850      0x108 /home/naudotvardis/.eclipse/com.st.stm32cube.ide.mcu.rcp.product_1.5.0_1935173080_linux_gtk_x86_64/plugins/com.st.stm32cube.ide.mcu.externaltools.gnu-tools-for-stm32.9-2020-q2-update.linux64_1.5.0.202011040924/tools/bin/../lib/gcc/arm-none-eabi/9.3.1/../../../../arm-none-eabi/lib/thumb/v7e-m+fp/hard/libm.a(lib_a-e_rem_pio2.o)
 .rodata.PIo2   0x000000000800c958       0x40 /home/naudotvardis/.eclipse/com.st.stm32cube.ide.mcu.rcp.product_1.5.0_1935173080_linux_gtk_x86_64/plugins/com.st.stm32cube.ide.mcu.externaltools.gnu-tools-for-stm32.9-2020-q2-update.linux64_1.5.0.202011040924/tools/bin/../lib/gcc/arm-none-eabi/9.3.1/../../../../arm-none-eabi/lib/thumb/v7e-m+fp/hard/libm.a(lib_a-k_rem_pio2.o)
 .rodata.init_jk
                0x000000000800c998       0x10 /home/naudotvardis/.eclipse/com.st.stm32cube.ide.mcu.rcp.product_1.5.0_1935173080_linux_gtk_x86_64/plugins/com.st.stm32cube.ide.mcu.externaltools.gnu-tools-for-stm32.9-2020-q2-update.linux64_1.5.0.202011040924/tools/bin/../lib/gcc/arm-none-eabi/9.3.1/../../../../arm-none-eabi/lib/thumb/v7e-m+fp/hard/libm.a(lib_a-k_rem_pio2.o)
                0x000000000800c9a8                . = ALIGN (0x4)

.rel.dyn        0x000000000800c9a8        0x0
 .rel.iplt      0x000000000800c9a8        0x0 /home/naudotvardis/.eclipse/com.st.stm32cube.ide.mcu.rcp.product_1.5.0_1935173080_linux_gtk_x86_64/plugins/com.st.stm32cube.ide.mcu.externaltools.gnu-tools-for-stm32.9-2020-q2-update.linux64_1.5.0.202011040924/tools/bin/../lib/gcc/arm-none-eabi/9.3.1/thumb/v7e-m+fp/hard/crtbegin.o

.ARM.extab      0x000000000800c9a8        0x0
                0x000000000800c9a8                . = ALIGN (0x4)
 *(.ARM.extab* .gnu.linkonce.armextab.*)
                0x000000000800c9a8                . = ALIGN (0x4)

.ARM            0x000000000800c9a8        0x0
                0x000000000800c9a8                . = ALIGN (0x4)
                0x000000000800c9a8                __exidx_start = .
 *(.ARM.exidx*)
                0x000000000800c9a8                __exidx_end = .
                0x000000000800c9a8                . = ALIGN (0x4)

.preinit_array  0x000000000800c9a8        0x0
                0x000000000800c9a8                . = ALIGN (0x4)
                0x000000000800c9a8                PROVIDE (__preinit_array_start = .)
 *(.preinit_array*)
                0x000000000800c9a8                PROVIDE (__preinit_array_end = .)
                0x000000000800c9a8                . = ALIGN (0x4)

.init_array     0x000000000800c9a8        0x4
                0x000000000800c9a8                . = ALIGN (0x4)
                0x000000000800c9a8                PROVIDE (__init_array_start = .)
 *(SORT_BY_NAME(.init_array.*))
 *(.init_array*)
 .init_array    0x000000000800c9a8        0x4 /home/naudotvardis/.eclipse/com.st.stm32cube.ide.mcu.rcp.product_1.5.0_1935173080_linux_gtk_x86_64/plugins/com.st.stm32cube.ide.mcu.externaltools.gnu-tools-for-stm32.9-2020-q2-update.linux64_1.5.0.202011040924/tools/bin/../lib/gcc/arm-none-eabi/9.3.1/thumb/v7e-m+fp/hard/crtbegin.o
                0x000000000800c9ac                PROVIDE (__init_array_end = .)
                0x000000000800c9ac                . = ALIGN (0x4)

.fini_array     0x000000000800c9ac        0x4
                0x000000000800c9ac                . = ALIGN (0x4)
                [!provide]                        PROVIDE (__fini_array_start = .)
 *(SORT_BY_NAME(.fini_array.*))
 *(.fini_array*)
 .fini_array    0x000000000800c9ac        0x4 /home/naudotvardis/.eclipse/com.st.stm32cube.ide.mcu.rcp.product_1.5.0_1935173080_linux_gtk_x86_64/plugins/com.st.stm32cube.ide.mcu.externaltools.gnu-tools-for-stm32.9-2020-q2-update.linux64_1.5.0.202011040924/tools/bin/../lib/gcc/arm-none-eabi/9.3.1/thumb/v7e-m+fp/hard/crtbegin.o
                [!provide]                        PROVIDE (__fini_array_end = .)
                0x000000000800c9b0                . = ALIGN (0x4)
                0x000000000800c9b0                _sidata = LOADADDR (.data)

.data           0x0000000020000000      0x17c load address 0x000000000800c9b0
                0x0000000020000000                . = ALIGN (0x4)
                0x0000000020000000                _sdata = .
 *(.data)
 *(.data*)
 .data.SystemCoreClock
                0x0000000020000000        0x4 Core/Src/system_stm32f3xx.o
                0x0000000020000000                SystemCoreClock
 .data.uwTickPrio
                0x0000000020000004        0x4 Drivers/STM32F3xx_HAL_Driver/Src/stm32f3xx_hal.o
                0x0000000020000004                uwTickPrio
 .data.uwTickFreq
                0x0000000020000008        0x1 Drivers/STM32F3xx_HAL_Driver/Src/stm32f3xx_hal.o
                0x0000000020000008                uwTickFreq
 *fill*         0x0000000020000009        0x3 
 .data.USBD_CDC_DeviceQualifierDesc
                0x000000002000000c        0xa Middlewares/ST/STM32_USB_Device_Library/Class/CDC/Src/usbd_cdc.o
 *fill*         0x0000000020000016        0x2 
 .data.USBD_CDC
                0x0000000020000018       0x38 Middlewares/ST/STM32_USB_Device_Library/Class/CDC/Src/usbd_cdc.o
                0x0000000020000018                USBD_CDC
 .data.USBD_CDC_CfgHSDesc
                0x0000000020000050       0x43 Middlewares/ST/STM32_USB_Device_Library/Class/CDC/Src/usbd_cdc.o
                0x0000000020000050                USBD_CDC_CfgHSDesc
 *fill*         0x0000000020000093        0x1 
 .data.USBD_CDC_CfgFSDesc
                0x0000000020000094       0x43 Middlewares/ST/STM32_USB_Device_Library/Class/CDC/Src/usbd_cdc.o
                0x0000000020000094                USBD_CDC_CfgFSDesc
 *fill*         0x00000000200000d7        0x1 
 .data.USBD_CDC_OtherSpeedCfgDesc
                0x00000000200000d8       0x43 Middlewares/ST/STM32_USB_Device_Library/Class/CDC/Src/usbd_cdc.o
                0x00000000200000d8                USBD_CDC_OtherSpeedCfgDesc
 *fill*         0x000000002000011b        0x1 
 .data.USBD_Interface_fops_FS
                0x000000002000011c       0x10 USB_DEVICE/App/usbd_cdc_if.o
                0x000000002000011c                USBD_Interface_fops_FS
 .data.FS_Desc  0x000000002000012c       0x1c USB_DEVICE/App/usbd_desc.o
                0x000000002000012c                FS_Desc
 .data.USBD_FS_DeviceDesc
                0x0000000020000148       0x12 USB_DEVICE/App/usbd_desc.o
                0x0000000020000148                USBD_FS_DeviceDesc
 *fill*         0x000000002000015a        0x2 
 .data.USBD_LangIDDesc
                0x000000002000015c        0x4 USB_DEVICE/App/usbd_desc.o
                0x000000002000015c                USBD_LangIDDesc
 .data.USBD_StringSerial
                0x0000000020000160       0x1a USB_DEVICE/App/usbd_desc.o
                0x0000000020000160                USBD_StringSerial
                0x000000002000017c                . = ALIGN (0x4)
 *fill*         0x000000002000017a        0x2 
                0x000000002000017c                _edata = .

.igot.plt       0x000000002000017c        0x0 load address 0x000000000800cb2c
 .igot.plt      0x000000002000017c        0x0 /home/naudotvardis/.eclipse/com.st.stm32cube.ide.mcu.rcp.product_1.5.0_1935173080_linux_gtk_x86_64/plugins/com.st.stm32cube.ide.mcu.externaltools.gnu-tools-for-stm32.9-2020-q2-update.linux64_1.5.0.202011040924/tools/bin/../lib/gcc/arm-none-eabi/9.3.1/thumb/v7e-m+fp/hard/crtbegin.o
                0x000000002000017c                . = ALIGN (0x4)

.bss            0x000000002000017c     0x13bc load address 0x000000000800cb2c
                0x000000002000017c                _sbss = .
                0x000000002000017c                __bss_start__ = _sbss
 *(.bss)
 .bss           0x000000002000017c       0x1c /home/naudotvardis/.eclipse/com.st.stm32cube.ide.mcu.rcp.product_1.5.0_1935173080_linux_gtk_x86_64/plugins/com.st.stm32cube.ide.mcu.externaltools.gnu-tools-for-stm32.9-2020-q2-update.linux64_1.5.0.202011040924/tools/bin/../lib/gcc/arm-none-eabi/9.3.1/thumb/v7e-m+fp/hard/crtbegin.o
 *(.bss*)
 .bss.Temperature
                0x0000000020000198        0x4 Core/Src/main.o
                0x0000000020000198                Temperature
 .bss.Presence  0x000000002000019c        0x1 Core/Src/main.o
                0x000000002000019c                Presence
 .bss.cfgidx.10612
                0x000000002000019d        0x1 Middlewares/ST/STM32_USB_Device_Library/Core/Src/usbd_ctlreq.o
 *fill*         0x000000002000019e        0x2 
 .bss.mem.10684
                0x00000000200001a0      0x220 USB_DEVICE/Target/usbd_conf.o
 *(COMMON)
 COMMON         0x00000000200003c0       0x94 Core/Src/adc.o
                0x00000000200003c0                hadc2
                0x0000000020000410                hdma_adc2
 COMMON         0x0000000020000454       0x58 Core/Src/dac.o
                0x0000000020000454                hdma_dac_ch1
                0x0000000020000498                hdac
 COMMON         0x00000000200004ac       0x22 Core/Src/main.o
                0x00000000200004ac                mVeliavos
                0x00000000200004ae                TEMP
                0x00000000200004b0                mUSB_data
                0x00000000200004b8                mPaketasSiuntimui
 *fill*         0x00000000200004ce        0x2 
 COMMON         0x00000000200004d0       0xe4 Core/Src/tim.o
                0x00000000200004d0                htim3
                0x000000002000051c                htim6
                0x0000000020000568                htim7
 COMMON         0x00000000200005b4        0x4 Drivers/STM32F3xx_HAL_Driver/Src/stm32f3xx_hal.o
                0x00000000200005b4                uwTick
 COMMON         0x00000000200005b8      0x2c4 USB_DEVICE/App/usb_device.o
                0x00000000200005b8                hUsbDeviceFS
 COMMON         0x000000002000087c      0x7d0 USB_DEVICE/App/usbd_cdc_if.o
                0x000000002000087c                UserRxBufferFS
                0x0000000020000c64                UserTxBufferFS
 COMMON         0x000000002000104c      0x200 USB_DEVICE/App/usbd_desc.o
                0x000000002000104c                USBD_StrDesc
 COMMON         0x000000002000124c      0x2ec USB_DEVICE/Target/usbd_conf.o
                0x000000002000124c                hpcd_USB_FS
                0x0000000020001538                . = ALIGN (0x4)
                0x0000000020001538                _ebss = .
                0x0000000020001538                __bss_end__ = _ebss

._user_heap_stack
                0x0000000020001538      0x600 load address 0x000000000800cb2c
                0x0000000020001538                . = ALIGN (0x8)
                0x0000000020001538                PROVIDE (end = .)
                [!provide]                        PROVIDE (_end = .)
                0x0000000020001738                . = (. + _Min_Heap_Size)
 *fill*         0x0000000020001538      0x200 
                0x0000000020001b38                . = (. + _Min_Stack_Size)
 *fill*         0x0000000020001738      0x400 
                0x0000000020001b38                . = ALIGN (0x8)

/DISCARD/
 libc.a(*)
 libm.a(*)
 libgcc.a(*)

.ARM.attributes
                0x0000000000000000       0x30
 *(.ARM.attributes)
 .ARM.attributes
                0x0000000000000000       0x1e /home/naudotvardis/.eclipse/com.st.stm32cube.ide.mcu.rcp.product_1.5.0_1935173080_linux_gtk_x86_64/plugins/com.st.stm32cube.ide.mcu.externaltools.gnu-tools-for-stm32.9-2020-q2-update.linux64_1.5.0.202011040924/tools/bin/../lib/gcc/arm-none-eabi/9.3.1/thumb/v7e-m+fp/hard/crti.o
 .ARM.attributes
                0x000000000000001e       0x34 /home/naudotvardis/.eclipse/com.st.stm32cube.ide.mcu.rcp.product_1.5.0_1935173080_linux_gtk_x86_64/plugins/com.st.stm32cube.ide.mcu.externaltools.gnu-tools-for-stm32.9-2020-q2-update.linux64_1.5.0.202011040924/tools/bin/../lib/gcc/arm-none-eabi/9.3.1/thumb/v7e-m+fp/hard/crtbegin.o
 .ARM.attributes
                0x0000000000000052       0x34 Core/Src/adc.o
 .ARM.attributes
                0x0000000000000086       0x34 Core/Src/dac.o
 .ARM.attributes
                0x00000000000000ba       0x34 Core/Src/dma.o
 .ARM.attributes
                0x00000000000000ee       0x34 Core/Src/gpio.o
 .ARM.attributes
                0x0000000000000122       0x34 Core/Src/main.o
 .ARM.attributes
                0x0000000000000156       0x34 Core/Src/stm32f3xx_hal_msp.o
 .ARM.attributes
                0x000000000000018a       0x34 Core/Src/stm32f3xx_it.o
 .ARM.attributes
                0x00000000000001be       0x34 Core/Src/system_stm32f3xx.o
 .ARM.attributes
                0x00000000000001f2       0x34 Core/Src/tim.o
 .ARM.attributes
                0x0000000000000226       0x21 Core/Startup/startup_stm32f303vctx.o
 .ARM.attributes
                0x0000000000000247       0x34 Drivers/STM32F3xx_HAL_Driver/Src/stm32f3xx_hal.o
 .ARM.attributes
                0x000000000000027b       0x34 Drivers/STM32F3xx_HAL_Driver/Src/stm32f3xx_hal_adc.o
 .ARM.attributes
                0x00000000000002af       0x34 Drivers/STM32F3xx_HAL_Driver/Src/stm32f3xx_hal_adc_ex.o
 .ARM.attributes
                0x00000000000002e3       0x34 Drivers/STM32F3xx_HAL_Driver/Src/stm32f3xx_hal_cortex.o
 .ARM.attributes
                0x0000000000000317       0x34 Drivers/STM32F3xx_HAL_Driver/Src/stm32f3xx_hal_dac.o
 .ARM.attributes
                0x000000000000034b       0x34 Drivers/STM32F3xx_HAL_Driver/Src/stm32f3xx_hal_dac_ex.o
 .ARM.attributes
                0x000000000000037f       0x34 Drivers/STM32F3xx_HAL_Driver/Src/stm32f3xx_hal_dma.o
 .ARM.attributes
                0x00000000000003b3       0x34 Drivers/STM32F3xx_HAL_Driver/Src/stm32f3xx_hal_gpio.o
 .ARM.attributes
                0x00000000000003e7       0x34 Drivers/STM32F3xx_HAL_Driver/Src/stm32f3xx_hal_pcd.o
 .ARM.attributes
                0x000000000000041b       0x34 Drivers/STM32F3xx_HAL_Driver/Src/stm32f3xx_hal_pcd_ex.o
 .ARM.attributes
                0x000000000000044f       0x34 Drivers/STM32F3xx_HAL_Driver/Src/stm32f3xx_hal_rcc.o
 .ARM.attributes
                0x0000000000000483       0x34 Drivers/STM32F3xx_HAL_Driver/Src/stm32f3xx_hal_rcc_ex.o
 .ARM.attributes
                0x00000000000004b7       0x34 Drivers/STM32F3xx_HAL_Driver/Src/stm32f3xx_hal_tim.o
 .ARM.attributes
                0x00000000000004eb       0x34 Drivers/STM32F3xx_HAL_Driver/Src/stm32f3xx_hal_tim_ex.o
 .ARM.attributes
                0x000000000000051f       0x34 Drivers/STM32F3xx_HAL_Driver/Src/stm32f3xx_ll_usb.o
 .ARM.attributes
                0x0000000000000553       0x34 Middlewares/ST/STM32_USB_Device_Library/Class/CDC/Src/usbd_cdc.o
 .ARM.attributes
                0x0000000000000587       0x34 Middlewares/ST/STM32_USB_Device_Library/Core/Src/usbd_core.o
 .ARM.attributes
                0x00000000000005bb       0x34 Middlewares/ST/STM32_USB_Device_Library/Core/Src/usbd_ctlreq.o
 .ARM.attributes
                0x00000000000005ef       0x34 Middlewares/ST/STM32_USB_Device_Library/Core/Src/usbd_ioreq.o
 .ARM.attributes
                0x0000000000000623       0x34 USB_DEVICE/App/usb_device.o
 .ARM.attributes
                0x0000000000000657       0x34 USB_DEVICE/App/usbd_cdc_if.o
 .ARM.attributes
                0x000000000000068b       0x34 USB_DEVICE/App/usbd_desc.o
 .ARM.attributes
                0x00000000000006bf       0x34 USB_DEVICE/Target/usbd_conf.o
 .ARM.attributes
                0x00000000000006f3       0x34 /home/naudotvardis/.eclipse/com.st.stm32cube.ide.mcu.rcp.product_1.5.0_1935173080_linux_gtk_x86_64/plugins/com.st.stm32cube.ide.mcu.externaltools.gnu-tools-for-stm32.9-2020-q2-update.linux64_1.5.0.202011040924/tools/bin/../lib/gcc/arm-none-eabi/9.3.1/../../../../arm-none-eabi/lib/thumb/v7e-m+fp/hard/libc_nano.a(lib_a-init.o)
 .ARM.attributes
                0x0000000000000727       0x34 /home/naudotvardis/.eclipse/com.st.stm32cube.ide.mcu.rcp.product_1.5.0_1935173080_linux_gtk_x86_64/plugins/com.st.stm32cube.ide.mcu.externaltools.gnu-tools-for-stm32.9-2020-q2-update.linux64_1.5.0.202011040924/tools/bin/../lib/gcc/arm-none-eabi/9.3.1/../../../../arm-none-eabi/lib/thumb/v7e-m+fp/hard/libc_nano.a(lib_a-memset.o)
 .ARM.attributes
                0x000000000000075b       0x34 /home/naudotvardis/.eclipse/com.st.stm32cube.ide.mcu.rcp.product_1.5.0_1935173080_linux_gtk_x86_64/plugins/com.st.stm32cube.ide.mcu.externaltools.gnu-tools-for-stm32.9-2020-q2-update.linux64_1.5.0.202011040924/tools/bin/../lib/gcc/arm-none-eabi/9.3.1/../../../../arm-none-eabi/lib/thumb/v7e-m+fp/hard/libm.a(lib_a-s_sin.o)
 .ARM.attributes
                0x000000000000078f       0x34 /home/naudotvardis/.eclipse/com.st.stm32cube.ide.mcu.rcp.product_1.5.0_1935173080_linux_gtk_x86_64/plugins/com.st.stm32cube.ide.mcu.externaltools.gnu-tools-for-stm32.9-2020-q2-update.linux64_1.5.0.202011040924/tools/bin/../lib/gcc/arm-none-eabi/9.3.1/../../../../arm-none-eabi/lib/thumb/v7e-m+fp/hard/libm.a(lib_a-e_rem_pio2.o)
 .ARM.attributes
                0x00000000000007c3       0x34 /home/naudotvardis/.eclipse/com.st.stm32cube.ide.mcu.rcp.product_1.5.0_1935173080_linux_gtk_x86_64/plugins/com.st.stm32cube.ide.mcu.externaltools.gnu-tools-for-stm32.9-2020-q2-update.linux64_1.5.0.202011040924/tools/bin/../lib/gcc/arm-none-eabi/9.3.1/../../../../arm-none-eabi/lib/thumb/v7e-m+fp/hard/libm.a(lib_a-k_cos.o)
 .ARM.attributes
                0x00000000000007f7       0x34 /home/naudotvardis/.eclipse/com.st.stm32cube.ide.mcu.rcp.product_1.5.0_1935173080_linux_gtk_x86_64/plugins/com.st.stm32cube.ide.mcu.externaltools.gnu-tools-for-stm32.9-2020-q2-update.linux64_1.5.0.202011040924/tools/bin/../lib/gcc/arm-none-eabi/9.3.1/../../../../arm-none-eabi/lib/thumb/v7e-m+fp/hard/libm.a(lib_a-k_rem_pio2.o)
 .ARM.attributes
                0x000000000000082b       0x34 /home/naudotvardis/.eclipse/com.st.stm32cube.ide.mcu.rcp.product_1.5.0_1935173080_linux_gtk_x86_64/plugins/com.st.stm32cube.ide.mcu.externaltools.gnu-tools-for-stm32.9-2020-q2-update.linux64_1.5.0.202011040924/tools/bin/../lib/gcc/arm-none-eabi/9.3.1/../../../../arm-none-eabi/lib/thumb/v7e-m+fp/hard/libm.a(lib_a-k_sin.o)
 .ARM.attributes
                0x000000000000085f       0x34 /home/naudotvardis/.eclipse/com.st.stm32cube.ide.mcu.rcp.product_1.5.0_1935173080_linux_gtk_x86_64/plugins/com.st.stm32cube.ide.mcu.externaltools.gnu-tools-for-stm32.9-2020-q2-update.linux64_1.5.0.202011040924/tools/bin/../lib/gcc/arm-none-eabi/9.3.1/../../../../arm-none-eabi/lib/thumb/v7e-m+fp/hard/libm.a(lib_a-s_fabs.o)
 .ARM.attributes
                0x0000000000000893       0x34 /home/naudotvardis/.eclipse/com.st.stm32cube.ide.mcu.rcp.product_1.5.0_1935173080_linux_gtk_x86_64/plugins/com.st.stm32cube.ide.mcu.externaltools.gnu-tools-for-stm32.9-2020-q2-update.linux64_1.5.0.202011040924/tools/bin/../lib/gcc/arm-none-eabi/9.3.1/../../../../arm-none-eabi/lib/thumb/v7e-m+fp/hard/libm.a(lib_a-s_floor.o)
 .ARM.attributes
                0x00000000000008c7       0x34 /home/naudotvardis/.eclipse/com.st.stm32cube.ide.mcu.rcp.product_1.5.0_1935173080_linux_gtk_x86_64/plugins/com.st.stm32cube.ide.mcu.externaltools.gnu-tools-for-stm32.9-2020-q2-update.linux64_1.5.0.202011040924/tools/bin/../lib/gcc/arm-none-eabi/9.3.1/../../../../arm-none-eabi/lib/thumb/v7e-m+fp/hard/libm.a(lib_a-s_scalbn.o)
 .ARM.attributes
                0x00000000000008fb       0x1e /home/naudotvardis/.eclipse/com.st.stm32cube.ide.mcu.rcp.product_1.5.0_1935173080_linux_gtk_x86_64/plugins/com.st.stm32cube.ide.mcu.externaltools.gnu-tools-for-stm32.9-2020-q2-update.linux64_1.5.0.202011040924/tools/bin/../lib/gcc/arm-none-eabi/9.3.1/thumb/v7e-m+fp/hard/libgcc.a(_arm_addsubdf3.o)
 .ARM.attributes
                0x0000000000000919       0x1e /home/naudotvardis/.eclipse/com.st.stm32cube.ide.mcu.rcp.product_1.5.0_1935173080_linux_gtk_x86_64/plugins/com.st.stm32cube.ide.mcu.externaltools.gnu-tools-for-stm32.9-2020-q2-update.linux64_1.5.0.202011040924/tools/bin/../lib/gcc/arm-none-eabi/9.3.1/thumb/v7e-m+fp/hard/libgcc.a(_arm_muldivdf3.o)
 .ARM.attributes
                0x0000000000000937       0x1e /home/naudotvardis/.eclipse/com.st.stm32cube.ide.mcu.rcp.product_1.5.0_1935173080_linux_gtk_x86_64/plugins/com.st.stm32cube.ide.mcu.externaltools.gnu-tools-for-stm32.9-2020-q2-update.linux64_1.5.0.202011040924/tools/bin/../lib/gcc/arm-none-eabi/9.3.1/thumb/v7e-m+fp/hard/libgcc.a(_arm_cmpdf2.o)
 .ARM.attributes
                0x0000000000000955       0x1e /home/naudotvardis/.eclipse/com.st.stm32cube.ide.mcu.rcp.product_1.5.0_1935173080_linux_gtk_x86_64/plugins/com.st.stm32cube.ide.mcu.externaltools.gnu-tools-for-stm32.9-2020-q2-update.linux64_1.5.0.202011040924/tools/bin/../lib/gcc/arm-none-eabi/9.3.1/thumb/v7e-m+fp/hard/libgcc.a(_arm_fixdfsi.o)
 .ARM.attributes
                0x0000000000000973       0x1e /home/naudotvardis/.eclipse/com.st.stm32cube.ide.mcu.rcp.product_1.5.0_1935173080_linux_gtk_x86_64/plugins/com.st.stm32cube.ide.mcu.externaltools.gnu-tools-for-stm32.9-2020-q2-update.linux64_1.5.0.202011040924/tools/bin/../lib/gcc/arm-none-eabi/9.3.1/thumb/v7e-m+fp/hard/libgcc.a(_arm_fixunsdfsi.o)
 .ARM.attributes
                0x0000000000000991       0x1e /home/naudotvardis/.eclipse/com.st.stm32cube.ide.mcu.rcp.product_1.5.0_1935173080_linux_gtk_x86_64/plugins/com.st.stm32cube.ide.mcu.externaltools.gnu-tools-for-stm32.9-2020-q2-update.linux64_1.5.0.202011040924/tools/bin/../lib/gcc/arm-none-eabi/9.3.1/thumb/v7e-m+fp/hard/crtn.o
OUTPUT(f303vc_logeris.elf elf32-littlearm)
LOAD linker stubs
LOAD /home/naudotvardis/.eclipse/com.st.stm32cube.ide.mcu.rcp.product_1.5.0_1935173080_linux_gtk_x86_64/plugins/com.st.stm32cube.ide.mcu.externaltools.gnu-tools-for-stm32.9-2020-q2-update.linux64_1.5.0.202011040924/tools/bin/../lib/gcc/arm-none-eabi/9.3.1/../../../../arm-none-eabi/lib/thumb/v7e-m+fp/hard/libc.a
LOAD /home/naudotvardis/.eclipse/com.st.stm32cube.ide.mcu.rcp.product_1.5.0_1935173080_linux_gtk_x86_64/plugins/com.st.stm32cube.ide.mcu.externaltools.gnu-tools-for-stm32.9-2020-q2-update.linux64_1.5.0.202011040924/tools/bin/../lib/gcc/arm-none-eabi/9.3.1/../../../../arm-none-eabi/lib/thumb/v7e-m+fp/hard/libm.a
LOAD /home/naudotvardis/.eclipse/com.st.stm32cube.ide.mcu.rcp.product_1.5.0_1935173080_linux_gtk_x86_64/plugins/com.st.stm32cube.ide.mcu.externaltools.gnu-tools-for-stm32.9-2020-q2-update.linux64_1.5.0.202011040924/tools/bin/../lib/gcc/arm-none-eabi/9.3.1/thumb/v7e-m+fp/hard/libgcc.a

.debug_info     0x0000000000000000    0x1ef10
 .debug_info    0x0000000000000000      0xaf9 Core/Src/adc.o
 .debug_info    0x0000000000000af9      0xaad Core/Src/dac.o
 .debug_info    0x00000000000015a6      0x46a Core/Src/dma.o
 .debug_info    0x0000000000001a10      0x442 Core/Src/gpio.o
 .debug_info    0x0000000000001e52     0x21fd Core/Src/main.o
 .debug_info    0x000000000000404f      0x299 Core/Src/stm32f3xx_hal_msp.o
 .debug_info    0x00000000000042e8      0xe89 Core/Src/stm32f3xx_it.o
 .debug_info    0x0000000000005171      0x49a Core/Src/system_stm32f3xx.o
 .debug_info    0x000000000000560b      0xc7e Core/Src/tim.o
 .debug_info    0x0000000000006289       0x22 Core/Startup/startup_stm32f303vctx.o
 .debug_info    0x00000000000062ab      0x83d Drivers/STM32F3xx_HAL_Driver/Src/stm32f3xx_hal.o
 .debug_info    0x0000000000006ae8      0xc8d Drivers/STM32F3xx_HAL_Driver/Src/stm32f3xx_hal_adc.o
 .debug_info    0x0000000000007775     0x16c7 Drivers/STM32F3xx_HAL_Driver/Src/stm32f3xx_hal_adc_ex.o
 .debug_info    0x0000000000008e3c      0xe44 Drivers/STM32F3xx_HAL_Driver/Src/stm32f3xx_hal_cortex.o
 .debug_info    0x0000000000009c80      0x981 Drivers/STM32F3xx_HAL_Driver/Src/stm32f3xx_hal_dac.o
 .debug_info    0x000000000000a601      0xae1 Drivers/STM32F3xx_HAL_Driver/Src/stm32f3xx_hal_dac_ex.o
 .debug_info    0x000000000000b0e2      0x839 Drivers/STM32F3xx_HAL_Driver/Src/stm32f3xx_hal_dma.o
 .debug_info    0x000000000000b91b      0x779 Drivers/STM32F3xx_HAL_Driver/Src/stm32f3xx_hal_gpio.o
 .debug_info    0x000000000000c094     0x1353 Drivers/STM32F3xx_HAL_Driver/Src/stm32f3xx_hal_pcd.o
 .debug_info    0x000000000000d3e7      0x7f0 Drivers/STM32F3xx_HAL_Driver/Src/stm32f3xx_hal_pcd_ex.o
 .debug_info    0x000000000000dbd7     0x15b5 Drivers/STM32F3xx_HAL_Driver/Src/stm32f3xx_hal_rcc.o
 .debug_info    0x000000000000f18c      0x6b4 Drivers/STM32F3xx_HAL_Driver/Src/stm32f3xx_hal_rcc_ex.o
 .debug_info    0x000000000000f840     0x2b64 Drivers/STM32F3xx_HAL_Driver/Src/stm32f3xx_hal_tim.o
 .debug_info    0x00000000000123a4     0x157e Drivers/STM32F3xx_HAL_Driver/Src/stm32f3xx_hal_tim_ex.o
 .debug_info    0x0000000000013922     0x1733 Drivers/STM32F3xx_HAL_Driver/Src/stm32f3xx_ll_usb.o
 .debug_info    0x0000000000015055     0x192e Middlewares/ST/STM32_USB_Device_Library/Class/CDC/Src/usbd_cdc.o
 .debug_info    0x0000000000016983     0x12f2 Middlewares/ST/STM32_USB_Device_Library/Core/Src/usbd_core.o
 .debug_info    0x0000000000017c75     0x125f Middlewares/ST/STM32_USB_Device_Library/Core/Src/usbd_ctlreq.o
 .debug_info    0x0000000000018ed4     0x1031 Middlewares/ST/STM32_USB_Device_Library/Core/Src/usbd_ioreq.o
 .debug_info    0x0000000000019f05      0xf6e USB_DEVICE/App/usb_device.o
 .debug_info    0x000000000001ae73     0x1143 USB_DEVICE/App/usbd_cdc_if.o
 .debug_info    0x000000000001bfb6      0xdeb USB_DEVICE/App/usbd_desc.o
 .debug_info    0x000000000001cda1     0x216f USB_DEVICE/Target/usbd_conf.o

.debug_abbrev   0x0000000000000000     0x46ad
 .debug_abbrev  0x0000000000000000      0x1ce Core/Src/adc.o
 .debug_abbrev  0x00000000000001ce      0x1d7 Core/Src/dac.o
 .debug_abbrev  0x00000000000003a5      0x126 Core/Src/dma.o
 .debug_abbrev  0x00000000000004cb      0x14e Core/Src/gpio.o
 .debug_abbrev  0x0000000000000619      0x39f Core/Src/main.o
 .debug_abbrev  0x00000000000009b8      0x11d Core/Src/stm32f3xx_hal_msp.o
 .debug_abbrev  0x0000000000000ad5      0x1a7 Core/Src/stm32f3xx_it.o
 .debug_abbrev  0x0000000000000c7c      0x145 Core/Src/system_stm32f3xx.o
 .debug_abbrev  0x0000000000000dc1      0x1e2 Core/Src/tim.o
 .debug_abbrev  0x0000000000000fa3       0x12 Core/Startup/startup_stm32f303vctx.o
 .debug_abbrev  0x0000000000000fb5      0x1ed Drivers/STM32F3xx_HAL_Driver/Src/stm32f3xx_hal.o
 .debug_abbrev  0x00000000000011a2      0x1a7 Drivers/STM32F3xx_HAL_Driver/Src/stm32f3xx_hal_adc.o
 .debug_abbrev  0x0000000000001349      0x253 Drivers/STM32F3xx_HAL_Driver/Src/stm32f3xx_hal_adc_ex.o
 .debug_abbrev  0x000000000000159c      0x33c Drivers/STM32F3xx_HAL_Driver/Src/stm32f3xx_hal_cortex.o
 .debug_abbrev  0x00000000000018d8      0x1c5 Drivers/STM32F3xx_HAL_Driver/Src/stm32f3xx_hal_dac.o
 .debug_abbrev  0x0000000000001a9d      0x25d Drivers/STM32F3xx_HAL_Driver/Src/stm32f3xx_hal_dac_ex.o
 .debug_abbrev  0x0000000000001cfa      0x228 Drivers/STM32F3xx_HAL_Driver/Src/stm32f3xx_hal_dma.o
 .debug_abbrev  0x0000000000001f22      0x1e8 Drivers/STM32F3xx_HAL_Driver/Src/stm32f3xx_hal_gpio.o
 .debug_abbrev  0x000000000000210a      0x2ba Drivers/STM32F3xx_HAL_Driver/Src/stm32f3xx_hal_pcd.o
 .debug_abbrev  0x00000000000023c4      0x1ac Drivers/STM32F3xx_HAL_Driver/Src/stm32f3xx_hal_pcd_ex.o
 .debug_abbrev  0x0000000000002570      0x2c4 Drivers/STM32F3xx_HAL_Driver/Src/stm32f3xx_hal_rcc.o
 .debug_abbrev  0x0000000000002834      0x23e Drivers/STM32F3xx_HAL_Driver/Src/stm32f3xx_hal_rcc_ex.o
 .debug_abbrev  0x0000000000002a72      0x25e Drivers/STM32F3xx_HAL_Driver/Src/stm32f3xx_hal_tim.o
 .debug_abbrev  0x0000000000002cd0      0x266 Drivers/STM32F3xx_HAL_Driver/Src/stm32f3xx_hal_tim_ex.o
 .debug_abbrev  0x0000000000002f36      0x25c Drivers/STM32F3xx_HAL_Driver/Src/stm32f3xx_ll_usb.o
 .debug_abbrev  0x0000000000003192      0x2f6 Middlewares/ST/STM32_USB_Device_Library/Class/CDC/Src/usbd_cdc.o
 .debug_abbrev  0x0000000000003488      0x2a8 Middlewares/ST/STM32_USB_Device_Library/Core/Src/usbd_core.o
 .debug_abbrev  0x0000000000003730      0x2de Middlewares/ST/STM32_USB_Device_Library/Core/Src/usbd_ctlreq.o
 .debug_abbrev  0x0000000000003a0e      0x20a Middlewares/ST/STM32_USB_Device_Library/Core/Src/usbd_ioreq.o
 .debug_abbrev  0x0000000000003c18      0x1e4 USB_DEVICE/App/usb_device.o
 .debug_abbrev  0x0000000000003dfc      0x2bf USB_DEVICE/App/usbd_cdc_if.o
 .debug_abbrev  0x00000000000040bb      0x2ca USB_DEVICE/App/usbd_desc.o