main.c:97:6:HAL_ADC_ConvCpltCallback	16	static
main.c:101:6:CDC_ReceiveCallback	16	static
main.c:118:5:main	224	static
main.c:212:6:SystemClock_Config	128	static
main.c:255:6:generateSine	56	static
main.c:263:6:ledsToggle	8	static
main.c:268:6:delay	16	static
main.c:275:6:Set_Pin_Output	40	static
main.c:283:6:Set_Pin_Input	40	static
main.c:291:9:DS18B20_Start	16	static
main.c:310:6:DS18B20_Write	24	static
main.c:342:9:DS18B20_Read	24	static
main.c:365:6:measTemp	16	static
main.c:403:6:Error_Handler	4	static
