main.c:108:6:HAL_ADC_ConvCpltCallback	16	static
main.c:112:6:CDC_ReceiveCallback	16	static
main.c:129:5:main	224	static
main.c:222:6:SystemClock_Config	128	static
main.c:264:13:MX_ADC2_Init	32	static
main.c:379:13:MX_DAC_Init	24	static
main.c:414:13:MX_TIM3_Init	64	static
main.c:466:13:MX_TIM6_Init	24	static
main.c:501:13:MX_TIM7_Init	24	static
main.c:534:13:MX_DMA_Init	16	static
main.c:555:13:MX_GPIO_Init	48	static
main.c:588:6:generateSine	56	static
main.c:597:6:ledsToggle	8	static
main.c:602:6:delay	16	static
main.c:609:6:Set_Pin_Output	40	static
main.c:617:6:Set_Pin_Input	40	static
main.c:625:9:DS18B20_Start	16	static
main.c:644:6:DS18B20_Write	24	static
main.c:676:9:DS18B20_Read	24	static
main.c:699:6:measTemp	16	static
main.c:737:6:Error_Handler	4	static
